Archive member included to satisfy reference by file (symbol)

/opt/wonderful/thirdparty/blocksds/external/nflib/lib/libnflib.a(nf_basic.c.o)
                              build/Punch-A-Rooney/source/game.cpp.o (NF_SetRootFolder)
/opt/wonderful/thirdparty/blocksds/external/nflib/lib/libnflib.a(nf_tiledbg.c.o)
                              build/Punch-A-Rooney/source/game.cpp.o (NF_InitTiledBgBuffers)
/opt/wonderful/thirdparty/blocksds/external/nflib/lib/libnflib.a(nf_text.c.o)
                              build/Punch-A-Rooney/source/game.cpp.o (NF_InitTextSys)
/opt/wonderful/thirdparty/blocksds/external/nflib/lib/libnflib.a(nf_affinebg.c.o)
                              build/Punch-A-Rooney/source/game.cpp.o (NF_InitAffineBgSys)
/opt/wonderful/thirdparty/blocksds/external/nflib/lib/libnflib.a(nf_sprite256.c.o)
                              build/Punch-A-Rooney/source/game.cpp.o (NF_InitSpriteBuffers)
/opt/wonderful/thirdparty/blocksds/external/nflib/lib/libnflib.a(nf_2d.c.o)
                              build/Punch-A-Rooney/source/game.cpp.o (NF_Set2D)
/opt/wonderful/thirdparty/blocksds/core/libs/dswifi/lib/libdswifi9_noip.a(access_point.c.o)
                              build/Punch-A-Rooney/source/multiplayer.cpp.o (Wifi_GetNumAP)
/opt/wonderful/thirdparty/blocksds/core/libs/dswifi/lib/libdswifi9_noip.a(multiplayer.c.o)
                              build/Punch-A-Rooney/source/multiplayer.cpp.o (Wifi_MultiplayerGetNumClients)
/opt/wonderful/thirdparty/blocksds/core/libs/dswifi/lib/libdswifi9_noip.a(beacon.c.o)
                              build/Punch-A-Rooney/source/multiplayer.cpp.o (Wifi_BeaconStart)
/opt/wonderful/thirdparty/blocksds/core/libs/dswifi/lib/libdswifi9_noip.a(rx_tx_queue.c.o)
                              build/Punch-A-Rooney/source/multiplayer.cpp.o (Wifi_MultiplayerHostCmdTxFrame)
/opt/wonderful/thirdparty/blocksds/core/libs/dswifi/lib/libdswifi9_noip.a(ipc.c.o)
                              /opt/wonderful/thirdparty/blocksds/core/libs/dswifi/lib/libdswifi9_noip.a(beacon.c.o) (Wifi_CallSyncHandler)
/opt/wonderful/thirdparty/blocksds/core/libs/dswifi/lib/libdswifi9_noip.a(mac_addresses.c.o)
                              /opt/wonderful/thirdparty/blocksds/core/libs/dswifi/lib/libdswifi9_noip.a(multiplayer.c.o) (wifi_reply_mac)
/opt/wonderful/thirdparty/blocksds/core/libs/dswifi/lib/libdswifi9_noip.a(spinlock.s.o)
                              /opt/wonderful/thirdparty/blocksds/core/libs/dswifi/lib/libdswifi9_noip.a(access_point.c.o) (SLasm_Acquire)
/opt/wonderful/thirdparty/blocksds/core/libs/dswifi/lib/libdswifi9_noip.a(wifi_arm9.c.o)
                              /opt/wonderful/thirdparty/blocksds/core/libs/dswifi/lib/libdswifi9_noip.a(ipc.c.o) (Wifi_Update)
/opt/wonderful/thirdparty/blocksds/core/libs/libnds/lib/libnds9.a(cp15.s.o)
                              /opt/wonderful/thirdparty/blocksds/core/sys/crts/ds_arm9_crt0.o (CP15_FlushICache)
/opt/wonderful/thirdparty/blocksds/core/libs/libnds/lib/libnds9.a(mpu_setup.s.o)
                              /opt/wonderful/thirdparty/blocksds/core/sys/crts/ds_arm9_crt0.o (__libnds_mpu_setup)
/opt/wonderful/thirdparty/blocksds/core/libs/libnds/lib/libnds9.a(memset.s.o)
                              build/Punch-A-Rooney/source/save.cpp.o (memset)
/opt/wonderful/thirdparty/blocksds/core/libs/libnds/lib/libnds9.a(memcpy.s.o)
                              build/Punch-A-Rooney/source/menu.cpp.o (memcpy)
/opt/wonderful/thirdparty/blocksds/core/libs/libnds/lib/libnds9.a(dma.s.o)
                              /opt/wonderful/thirdparty/blocksds/external/nflib/lib/libnflib.a(nf_basic.c.o) (dmaSetParams)
/opt/wonderful/thirdparty/blocksds/core/libs/libnds/lib/libnds9.a(debugprint.s.o)
                              build/Punch-A-Rooney/source/game.cpp.o (nocashMessage)
/opt/wonderful/thirdparty/blocksds/core/libs/libnds/lib/libnds9.a(crt0_argv.c.o)
                              /opt/wonderful/thirdparty/blocksds/core/sys/crts/ds_arm9_crt0.o (build_argv)
/opt/wonderful/thirdparty/blocksds/core/libs/libnds/lib/libnds9.a(assert.c.o)
                              /opt/wonderful/thirdparty/blocksds/core/libs/dswifi/lib/libdswifi9_noip.a(beacon.c.o) (__assert_func)
/opt/wonderful/thirdparty/blocksds/core/libs/libnds/lib/libnds9.a(filesystem_setup.c.o)
                              build/Punch-A-Rooney/source/game.cpp.o (fatInitDefault)
/opt/wonderful/thirdparty/blocksds/core/libs/libnds/lib/libnds9.a(nitrofs_device.c.o)
                              build/Punch-A-Rooney/source/game.cpp.o (nitroFSInit)
/opt/wonderful/thirdparty/blocksds/core/libs/libnds/lib/libnds9.a(device_io.c.o)
                              /opt/wonderful/thirdparty/blocksds/core/libs/libnds/lib/libnds9.a(nitrofs_device.c.o) (current_drive_index)
/opt/wonderful/thirdparty/blocksds/core/libs/libnds/lib/libnds9.a(syscalls_filesystem.c.o)
                              /opt/wonderful/thirdparty/blocksds/core/libs/libnds/lib/libnds9.a(nitrofs_device.c.o) (open)
[...]
Memory Configuration

Name             Origin             Length             Attributes
ewram            0x02000000         0x00380000
dtcm             0x02ff4000         0x00004000
itcm             0x01000000         0x00008000
*default*        0x00000000         0xffffffff

Linker script and memory map

                0x00000000                        PROVIDE (__dtcm_data_size = 0x0)
                0x00000001                        ASSERT (((__dtcm_data_size & 0x3) == 0x0), __dtcm_data_size must be a multiple of 4)
                0x00004000                        PROVIDE (__dldi_size = 0x4000)
                0x00000040                        PROVIDE (__dtcm_reserved_size = 0x40)
                0x00000001                        ASSERT (((__dtcm_reserved_size & 0x3) == 0x0), __dtcm_reserved_size must be a multiple of 4)
                0x00000100                        PROVIDE (__svc_stack_size = 0x100)
                0x00000001                        ASSERT (((__svc_stack_size & 0x3) == 0x0), __svc_stack_size must be a multiple of 4)
                0x00000100                        PROVIDE (__irq_stack_size = 0x100)
                0x00000001                        ASSERT (((__irq_stack_size & 0x3) == 0x0), __irq_stack_size must be a multiple of 4)
                0x00000000                        PROVIDE (__usr_stack_size = 0x0)
                0x00000001                        ASSERT (((__usr_stack_size & 0x3) == 0x0), __usr_stack_size must be a multiple of 4)
                0x02380000                        __ewram_end = (ORIGIN (ewram) + LENGTH (ewram))
                0x02380000                        __eheap_end = (ORIGIN (ewram) + LENGTH (ewram))
                0x02ff4000                        __dtcm_start = ORIGIN (dtcm)
                0x02ff8000                        __dtcm_top = (ORIGIN (dtcm) + LENGTH (dtcm))
                0x02ff7ff8                        __irq_flags = (__dtcm_top - 0x8)
                0x02ff7ffc                        __irq_vector = (__dtcm_top - 0x4)
                0x02ff7fc0                        __sp_svc = (__dtcm_top - __dtcm_reserved_size)
                0x02ff7ec0                        __sp_irq = (__sp_svc - __svc_stack_size)
                0x02ff7dc0                        __sp_usr = ((__sp_irq - __irq_stack_size) - __dtcm_data_size)
                0x02ff4000                        __dtcm_data_start = (__dtcm_data_size > 0x0)?__sp_usr:ORIGIN (dtcm)
                0x02ff7dc0                        __dtcm_data_top = (__dtcm_data_size > 0x0)?(__sp_irq - __irq_stack_size):(__sp_usr - __usr_stack_size)
                0x0000000e                        __dldi_log2_size = (LOG2CEIL ((__dldi_size + 0x1)) - 0x1)

.secure         0x02000000      0x800
 *(.secure)
 .secure        0x02000000      0x800 /opt/wonderful/thirdparty/blocksds/core/libs/libnds/lib/libnds9.a(securearea.c.o)
                0x02000000                __secure_area__

.crt0           0x02000800      0x2e4
                0x02000800                        __text_start = .
 *(.crt0)
 .crt0          0x02000800      0x2e4 /opt/wonderful/thirdparty/blocksds/core/sys/crts/ds_arm9_crt0.o
                0x02000800                _start
                0x02000ae4                        . = ALIGN (0x4)

.dldi           0x02000b00     0x4000
                0x02000b00                        __dldi_start = .
 *(.dldi)
 .dldi          0x02000b00       0x88 /opt/wonderful/thirdparty/blocksds/core/libs/libnds/lib/libnds9.a(dldi_stub.s.o)
                0x02000b00                _io_dldi_stub
                0x02000b88                        . = ALIGN (0x4)
                0x02000b88                        __dldi_data_end = .
                0x02004b00                        __dldi_end = (__dldi_data_end > __dldi_start)?(__dldi_start + __dldi_size):__dldi_start
                0x02004b00                        . = __dldi_end
 *fill*         0x02000b88     0x3f78 00
                0x02004b00                        . = ALIGN (0x4)

.plt
 *(.plt)

.init           0x02004b00        0x8
 *(SORT_NONE(.init))
 .init          0x02004b00        0x8 /opt/wonderful/toolchain/gcc-arm-none-eabi/lib/gcc/arm-none-eabi/16.1.1/thumb/arm946e-s/crtn.o

.text           0x02004b08    0x20ec8
 *(EXCLUDE_FILE(*.twl* *.itcm*) .text)
 .text          0x02004b08       0x14 /opt/wonderful/toolchain/gcc-arm-none-eabi/lib/gcc/arm-none-eabi/16.1.1/../../../../arm-none-eabi/lib/thumb/arm946e-s/libc.a(strcmp.S.o)
                0x02004b08                strcmp
 .text          0x02004b1c       0x10 /opt/wonderful/toolchain/gcc-arm-none-eabi/lib/gcc/arm-none-eabi/16.1.1/../../../../arm-none-eabi/lib/thumb/arm946e-s/libc.a(strcpy.S.o)
                0x02004b1c                strcpy
 .text          0x02004b2c        0xe /opt/wonderful/toolchain/gcc-arm-none-eabi/lib/gcc/arm-none-eabi/16.1.1/../../../../arm-none-eabi/lib/thumb/arm946e-s/libc.a(strlen.S.o)
                0x02004b2c                strlen
 *fill*         0x02004b3a        0x2 ff
 .text          0x02004b3c       0x14 /opt/wonderful/toolchain/gcc-arm-none-eabi/lib/gcc/arm-none-eabi/16.1.1/thumb/arm946e-s/libgcc.a(_thumb1_case_uqi.o)
                0x02004b3c                __gnu_thumb1_case_uqi
 .text          0x02004b50       0x14 /opt/wonderful/toolchain/gcc-arm-none-eabi/lib/gcc/arm-none-eabi/16.1.1/thumb/arm946e-s/libgcc.a(_thumb1_case_uhi.o)
                0x02004b50                __gnu_thumb1_case_uhi
 .text          0x02004b64      0x214 /opt/wonderful/toolchain/gcc-arm-none-eabi/lib/gcc/arm-none-eabi/16.1.1/thumb/arm946e-s/libgcc.a(_udivsi3.o)
                0x02004b64                __udivsi3
                0x02004b64                __aeabi_uidiv
                0x02004d58                __aeabi_uidivmod
 .text          0x02004d78      0x248 /opt/wonderful/toolchain/gcc-arm-none-eabi/lib/gcc/arm-none-eabi/16.1.1/thumb/arm946e-s/libgcc.a(_divsi3.o)
                0x02004d78                __aeabi_idiv
                0x02004d78                __divsi3
                0x02004fa0                __aeabi_idivmod
 .text          0x02004fc0        0x4 /opt/wonderful/toolchain/gcc-arm-none-eabi/lib/gcc/arm-none-eabi/16.1.1/thumb/arm946e-s/libgcc.a(_dvmd_tls.o)
                0x02004fc0                __aeabi_ldiv0
                0x02004fc0                __aeabi_idiv0
 .text          0x02004fc4       0x18 /opt/wonderful/toolchain/gcc-arm-none-eabi/lib/gcc/arm-none-eabi/16.1.1/thumb/arm946e-s/libgcc.a(_lshrdi3.o)
                0x02004fc4                __aeabi_llsr
                0x02004fc4                __lshrdi3
 .text          0x02004fdc       0x1c /opt/wonderful/toolchain/gcc-arm-none-eabi/lib/gcc/arm-none-eabi/16.1.1/thumb/arm946e-s/libgcc.a(_ashrdi3.o)
                0x02004fdc                __ashrdi3
                0x02004fdc                __aeabi_lasr
 .text          0x02004ff8       0x18 /opt/wonderful/toolchain/gcc-arm-none-eabi/lib/gcc/arm-none-eabi/16.1.1/thumb/arm946e-s/libgcc.a(_ashldi3.o)
                0x02004ff8                __ashldi3
                0x02004ff8                __aeabi_llsl
 .text          0x02005010      0x3c0 /opt/wonderful/toolchain/gcc-arm-none-eabi/lib/gcc/arm-none-eabi/16.1.1/thumb/arm946e-s/libgcc.a(_arm_addsubdf3.o)
                0x02005010                __aeabi_drsub
                0x02005018                __subdf3
                0x02005018                __aeabi_dsub
                0x0200501c                __adddf3
                0x0200501c                __aeabi_dadd
                0x020052c8                __aeabi_ui2d
                0x020052c8                __floatunsidf
                0x020052ec                __floatsidf
                0x020052ec                __aeabi_i2d
                0x02005314                __extendsfdf2
                0x02005314                __aeabi_f2d
                0x0200535c                __aeabi_ul2d
                0x0200535c                __floatundidf
                0x02005370                __aeabi_l2d
                0x02005370                __floatdidf
 .text          0x020053d0      0x470 /opt/wonderful/toolchain/gcc-arm-none-eabi/lib/gcc/arm-none-eabi/16.1.1/thumb/arm946e-s/libgcc.a(_arm_muldivdf3.o)
                0x020053d0                __muldf3
                0x020053d0                __aeabi_dmul
                0x0200563c                __aeabi_ddiv
                0x0200563c                __divdf3
 .text          0x02005840      0x12c /opt/wonderful/toolchain/gcc-arm-none-eabi/lib/gcc/arm-none-eabi/16.1.1/thumb/arm946e-s/libgcc.a(_arm_cmpdf2.o)
                0x02005840                __gtdf2
                0x02005840                __gedf2
                0x02005848                __ledf2
                0x02005848                __ltdf2
                0x02005850                __cmpdf2
                0x02005850                __eqdf2
                0x02005850                __nedf2
                0x020058d8                __aeabi_cdrcmple
                0x020058f4                __aeabi_cdcmpeq
                0x020058f4                __aeabi_cdcmple
                0x02005908                __aeabi_dcmpeq
                0x0200591c                __aeabi_dcmplt
                0x02005930                __aeabi_dcmple
                0x02005944                __aeabi_dcmpge
                0x02005958                __aeabi_dcmpgt
 .text          0x0200596c       0x5c /opt/wonderful/toolchain/gcc-arm-none-eabi/lib/gcc/arm-none-eabi/16.1.1/thumb/arm946e-s/libgcc.a(_arm_fixdfsi.o)
                0x0200596c                __fixdfsi
                0x0200596c                __aeabi_d2iz
 .text          0x020059c8       0xa0 /opt/wonderful/toolchain/gcc-arm-none-eabi/lib/gcc/arm-none-eabi/16.1.1/thumb/arm946e-s/libgcc.a(_arm_truncdfsf2.o)
                0x020059c8                __aeabi_d2f
                0x020059c8                __truncdfsf2
 .text          0x02005a68      0x250 /opt/wonderful/toolchain/gcc-arm-none-eabi/lib/gcc/arm-none-eabi/16.1.1/thumb/arm946e-s/libgcc.a(_arm_addsubsf3.o)
                0x02005a68                __aeabi_frsub
                0x02005a70                __subsf3
                0x02005a70                __aeabi_fsub
                0x02005a74                __aeabi_fadd
                0x02005a74                __addsf3
                0x02005c04                __floatunsisf
                0x02005c04                __aeabi_ui2f
                0x02005c0c                __floatsisf
                0x02005c0c                __aeabi_i2f
                0x02005c2c                __floatundisf
                0x02005c2c                __aeabi_ul2f
                0x02005c3c                __floatdisf
                0x02005c3c                __aeabi_l2f
 .text          0x02005cb8      0x2f8 /opt/wonderful/toolchain/gcc-arm-none-eabi/lib/gcc/arm-none-eabi/16.1.1/thumb/arm946e-s/libgcc.a(_arm_muldivsf3.o)
                0x02005cb8                __mulsf3
                0x02005cb8                __aeabi_fmul
                0x02005e50                __aeabi_fdiv
                0x02005e50                __divsf3
 .text          0x02005fb0       0xfc /opt/wonderful/toolchain/gcc-arm-none-eabi/lib/gcc/arm-none-eabi/16.1.1/thumb/arm946e-s/libgcc.a(_arm_cmpsf2.o)
                0x02005fb0                __gtsf2
                0x02005fb0                __gesf2
                0x02005fb8                __lesf2
                0x02005fb8                __ltsf2
                0x02005fc0                __nesf2
                0x02005fc0                __cmpsf2
                0x02005fc0                __eqsf2
                0x02006024                __aeabi_cfrcmple
                0x02006034                __aeabi_cfcmpeq
                0x02006034                __aeabi_cfcmple
                0x02006048                __aeabi_fcmpeq
                0x0200605c                __aeabi_fcmplt
                0x02006070                __aeabi_fcmple
                0x02006084                __aeabi_fcmpge
                0x02006098                __aeabi_fcmpgt
 .text          0x020060ac       0x5c /opt/wonderful/toolchain/gcc-arm-none-eabi/lib/gcc/arm-none-eabi/16.1.1/thumb/arm946e-s/libgcc.a(_arm_fixsfsi.o)
                0x020060ac                __fixsfsi
                0x020060ac                __aeabi_f2iz
 .text          0x02006108       0x54 /opt/wonderful/toolchain/gcc-arm-none-eabi/lib/gcc/arm-none-eabi/16.1.1/thumb/arm946e-s/libgcc.a(_arm_fixunssfsi.o)
                0x02006108                __aeabi_f2uiz
                0x02006108                __fixunssfsi
 .text          0x0200615c        0x8 /opt/wonderful/toolchain/gcc-arm-none-eabi/lib/gcc/arm-none-eabi/16.1.1/thumb/arm946e-s/libgcc.a(_clzsi2.o)
                0x0200615c                __clzsi2
 .text          0x02006164       0x14 /opt/wonderful/toolchain/gcc-arm-none-eabi/lib/gcc/arm-none-eabi/16.1.1/thumb/arm946e-s/libgcc.a(_clzdi2.o)
                0x02006164                __clzdi2
 .text          0x02006178       0xd4 /opt/wonderful/toolchain/gcc-arm-none-eabi/lib/gcc/arm-none-eabi/16.1.1/thumb/arm946e-s/libgcc.a(_aeabi_ldivmod.o)
                0x02006178                __aeabi_ldivmod
 .text          0x0200624c       0x3c /opt/wonderful/toolchain/gcc-arm-none-eabi/lib/gcc/arm-none-eabi/16.1.1/thumb/arm946e-s/libgcc.a(_aeabi_uldivmod.o)
                0x0200624c                __aeabi_uldivmod
 .text          0x02006288      0x190 /opt/wonderful/toolchain/gcc-arm-none-eabi/lib/gcc/arm-none-eabi/16.1.1/thumb/arm946e-s/libgcc.a(_udivmoddi4.o)
                0x02006288                __udivmoddi4
 .text          0x02006418       0x14 /opt/wonderful/toolchain/gcc-arm-none-eabi/lib/gcc/arm-none-eabi/16.1.1/thumb/arm946e-s/libgcc.a(muldi3.o)
                0x02006418                __aeabi_lmul
                0x02006418                __muldi3
 *(EXCLUDE_FILE(*.twl* *.itcm*) .stub)
 *(EXCLUDE_FILE(*.twl* *.itcm*) .text.*)
 .text._ZN4Menu16showFreeplayMapsEb.part.0
                0x0200642c       0x50 build/Punch-A-Rooney/source/menu.cpp.o
 .text._ZN4Menu18showFreeplayBoxersEb.part.0
                0x0200647c      0x148 build/Punch-A-Rooney/source/menu.cpp.o
 .text._ZN4Menu9showGuideEb.part.0
                0x020065c4      0x104 build/Punch-A-Rooney/source/menu.cpp.o
 .text._ZN4MenuC2Ev
                0x020066c8       0xe0 build/Punch-A-Rooney/source/menu.cpp.o
                0x020066c8                Menu::Menu()
                0x020066c8                Menu::Menu()
 .text._ZN4MenuD2Ev
                0x020067a8        0x4 build/Punch-A-Rooney/source/menu.cpp.o
                0x020067a8                Menu::~Menu()
                0x020067a8                Menu::~Menu()
 .text._ZN4Menu10DrawLayoutEv
                0x020067ac      0x1d8 build/Punch-A-Rooney/source/menu.cpp.o
                0x020067ac                Menu::DrawLayout()
 .text._ZN4Menu4LoadE5Menus
                0x02006984      0x244 build/Punch-A-Rooney/source/menu.cpp.o
                0x02006984                Menu::Load(Menus)
 .text._ZN4Menu6UnloadEv
                0x02006bc8       0xf0 build/Punch-A-Rooney/source/menu.cpp.o
                0x02006bc8                Menu::Unload()
 .text._ZN4Menu11showGalleryEb
                0x02006cb8       0x4c build/Punch-A-Rooney/source/menu.cpp.o
                0x02006cb8                Menu::showGallery(bool)
 .text._ZN4Menu9showRadioEb
                0x02006d04       0x48 build/Punch-A-Rooney/source/menu.cpp.o
                0x02006d04                Menu::showRadio(bool)
 .text._ZN4Menu16showFreeplayMapsEb
                0x02006d4c       0x20 build/Punch-A-Rooney/source/menu.cpp.o
                0x02006d4c                Menu::showFreeplayMaps(bool)
 .text._ZN4Menu18showFreeplayBoxersEb
                0x02006d6c       0x54 build/Punch-A-Rooney/source/menu.cpp.o
                0x02006d6c                Menu::showFreeplayBoxers(bool)
 .text._ZN4Menu9showGuideEb
                0x02006dc0       0x54 build/Punch-A-Rooney/source/menu.cpp.o
                0x02006dc0                Menu::showGuide(bool)
 .text._ZN4Menu17showRecordsBoxersEb
                0x02006e14      0x10c build/Punch-A-Rooney/source/menu.cpp.o
                0x02006e14                Menu::showRecordsBoxers(bool)
 .text._ZN4Menu11updateGuideEv
                0x02006f20      0x104 build/Punch-A-Rooney/source/menu.cpp.o
                0x02006f20                Menu::updateGuide()
 .text._ZN4Menu20updateFreeplayBoxersEv
                0x02007024       0xac build/Punch-A-Rooney/source/menu.cpp.o
                0x02007024                Menu::updateFreeplayBoxers()
 .text._ZN4Menu19updateRecordsBoxersEv
                0x020070d0       0x6c build/Punch-A-Rooney/source/menu.cpp.o
                0x020070d0                Menu::updateRecordsBoxers()
 .text._ZN4Menu12UpdateLayoutEv
                0x0200713c      0x52c build/Punch-A-Rooney/source/menu.cpp.o
                0x0200713c                Menu::UpdateLayout()
 .text._ZN4Menu7setMenuE5Menus
                0x02007668      0x3a4 build/Punch-A-Rooney/source/menu.cpp.o
                0x02007668                Menu::setMenu(Menus)
 .text._ZN4Menu15buttonInterpretEv
                0x02007a0c       0xb4 build/Punch-A-Rooney/source/menu.cpp.o
                0x02007a0c                Menu::buttonInterpret()
 .text._ZN4Menu6UpdateEv
                0x02007ac0      0xe20 build/Punch-A-Rooney/source/menu.cpp.o
                0x02007ac0                Menu::Update()
 .text._ZN4Menu15isTouchOnButtonEi13touchPositionb
                0x020088e0       0xec build/Punch-A-Rooney/source/menu.cpp.o
                0x020088e0                Menu::isTouchOnButton(int, touchPosition, bool)
 .text._ZN4Menu13getCustomGameEv
                0x020089cc        0x4 build/Punch-A-Rooney/source/menu.cpp.o
                0x020089cc                Menu::getCustomGame()
 .text._ZN4Menu17handleLayoutInputE13touchPosition
                0x020089d0      0x238 build/Punch-A-Rooney/source/menu.cpp.o
                0x020089d0                Menu::handleLayoutInput(touchPosition)
 .text._ZN4Menu11handleInputEv
                0x02008c08      0xb6c build/Punch-A-Rooney/source/menu.cpp.o
                0x02008c08                Menu::handleInput()
 .text._Z21FromHostPacketHandler17Wifi_MPPacketTypeii
                0x02009774       0xb4 build/Punch-A-Rooney/source/multiplayer.cpp.o
                0x02009774                FromHostPacketHandler(Wifi_MPPacketType, int, int)
 .text._Z23FromClientPacketHandler17Wifi_MPPacketTypeiii
                0x02009828       0xbc build/Punch-A-Rooney/source/multiplayer.cpp.o
                0x02009828                FromClientPacketHandler(Wifi_MPPacketType, int, int, int)
 .text._Z14ResetGameStatev
                0x020098e4       0x70 build/Punch-A-Rooney/source/multiplayer.cpp.o
                0x020098e4                ResetGameState()
 .text._Z22SendHostStateToClientsv
                0x02009954       0xf4 build/Punch-A-Rooney/source/multiplayer.cpp.o
                0x02009954                SendHostStateToClients()
 .text._Z10start_hostv
                0x02009a48       0x7c build/Punch-A-Rooney/source/multiplayer.cpp.o
                0x02009a48                start_host()
 .text._Z12start_clientv
                0x02009ac4       0x4c build/Punch-A-Rooney/source/multiplayer.cpp.o
                0x02009ac4                start_client()
 .text._Z16selecting_a_roomv
                0x02009b10       0xac build/Punch-A-Rooney/source/multiplayer.cpp.o
                0x02009b10                selecting_a_room()
 .text._Z19disable_multiplayerv
                0x02009bbc       0x20 build/Punch-A-Rooney/source/multiplayer.cpp.o
                0x02009bbc                disable_multiplayer()
 .text._Z16tick_multiplayerv
                0x02009bdc       0xb4 build/Punch-A-Rooney/source/multiplayer.cpp.o
                0x02009bdc                tick_multiplayer()
 .text._Z22get_multiplayer_statusv
                0x02009c90        0xc build/Punch-A-Rooney/source/multiplayer.cpp.o
                0x02009c90                get_multiplayer_status()
 .text._Z9load_dataPKc
                0x02009c9c       0x60 build/Punch-A-Rooney/source/save.cpp.o
                0x02009c9c                load_data(char const*)
 .text._Z9save_dataPKc
                0x02009cfc       0x60 build/Punch-A-Rooney/source/save.cpp.o
                0x02009cfc                save_data(char const*)
 .text._Z10reset_datav
                0x02009d5c       0x58 build/Punch-A-Rooney/source/save.cpp.o
                0x02009d5c                reset_data()
 .text._ZN5Boxer13confirmActionE5MovesRS_b.part.0
                0x02009db4       0x80 build/Punch-A-Rooney/source/boxer.cpp.o
 .text._ZN5BoxerC2E9Characteriibb
                0x02009e34       0xbc build/Punch-A-Rooney/source/boxer.cpp.o
                0x02009e34                Boxer::Boxer(Character, int, int, bool, bool)
                0x02009e34                Boxer::Boxer(Character, int, int, bool, bool)
 .text._ZN5BoxerD2Ev
                0x02009ef0        0x4 build/Punch-A-Rooney/source/boxer.cpp.o
                0x02009ef0                Boxer::~Boxer()
                0x02009ef0                Boxer::~Boxer()
 .text._ZN5Boxer6unloadEv
                0x02009ef4      0x12c build/Punch-A-Rooney/source/boxer.cpp.o
                0x02009ef4                Boxer::unload()
 .text._ZN5Boxer4loadEv
                0x0200a020      0x2a8 build/Punch-A-Rooney/source/boxer.cpp.o
                0x0200a020                Boxer::load()
 .text._ZN5Boxer4hideEb
                0x0200a2c8       0x6c build/Punch-A-Rooney/source/boxer.cpp.o
                0x0200a2c8                Boxer::hide(bool)
 .text._ZN5Boxer13resetPositionEv
                0x0200a334       0x1c build/Punch-A-Rooney/source/boxer.cpp.o
                0x0200a334                Boxer::resetPosition()
 .text._ZN5Boxer6damageEiibb
                0x0200a350      0x218 build/Punch-A-Rooney/source/boxer.cpp.o
                0x0200a350                Boxer::damage(int, int, bool, bool)
 .text._ZN5Boxer11downHandlerEb
                0x0200a568       0x88 build/Punch-A-Rooney/source/boxer.cpp.o
                0x0200a568                Boxer::downHandler(bool)
 .text._ZN5Boxer11handleInputEv
                0x0200a5f0      0x1a8 build/Punch-A-Rooney/source/boxer.cpp.o
                0x0200a5f0                Boxer::handleInput()
 .text._ZN5Boxer15movementHandlerERS_bb
                0x0200a798      0x1a4 build/Punch-A-Rooney/source/boxer.cpp.o
                0x0200a798                Boxer::movementHandler(Boxer&, bool, bool)
 .text._ZN5Boxer10npcHandlerEiRS_
                0x0200a93c      0x474 build/Punch-A-Rooney/source/boxer.cpp.o
                0x0200a93c                Boxer::npcHandler(int, Boxer&)
 .text._ZN5Boxer16animationHandlerEbRS_
                0x0200adb0      0x608 build/Punch-A-Rooney/source/boxer.cpp.o
                0x0200adb0                Boxer::animationHandler(bool, Boxer&)
 .text._ZN5Boxer13cameraHandlerERiS0_
                0x0200b3b8      0x1a0 build/Punch-A-Rooney/source/boxer.cpp.o
                0x0200b3b8                Boxer::cameraHandler(int&, int&)
 .text._ZN5Boxer8hitPunchE5MovesRS_bb
                0x0200b558      0x2e8 build/Punch-A-Rooney/source/boxer.cpp.o
                0x0200b558                Boxer::hitPunch(Moves, Boxer&, bool, bool)
 .text._ZN5Boxer11missedPunchE5MovesRS_b
                0x0200b840       0x8c build/Punch-A-Rooney/source/boxer.cpp.o
                0x0200b840                Boxer::missedPunch(Moves, Boxer&, bool)
 .text._ZN5Boxer13combatHandlerERS_
                0x0200b8cc      0x224 build/Punch-A-Rooney/source/boxer.cpp.o
                0x0200b8cc                Boxer::combatHandler(Boxer&)
 .text._ZN5Boxer12superHandlerERS_b
                0x0200baf0      0x1b0 build/Punch-A-Rooney/source/boxer.cpp.o
                0x0200baf0                Boxer::superHandler(Boxer&, bool)
 .text._ZN5Boxer6updateERS_bb
                0x0200bca0      0x198 build/Punch-A-Rooney/source/boxer.cpp.o
                0x0200bca0                Boxer::update(Boxer&, bool, bool)
 .text._ZN5Boxer6killAiEv
                0x0200be38        0x8 build/Punch-A-Rooney/source/boxer.cpp.o
                0x0200be38                Boxer::killAi()
 .text._ZN5Boxer13getStatisticsEi
                0x0200be40       0x48 build/Punch-A-Rooney/source/boxer.cpp.o
                0x0200be40                Boxer::getStatistics(int)
 .text.startup.main
                0x0200be88       0x5c build/Punch-A-Rooney/source/main.cpp.o
                0x0200be88                main
 .text._Z4lerpfff
                0x0200bee4       0x1c build/Punch-A-Rooney/source/usefulfunctions.cpp.o
                0x0200bee4                lerp(float, float, float)
 .text._ZN7RefereeC2Ei
                0x0200bf00       0x48 build/Punch-A-Rooney/source/referee.cpp.o
                0x0200bf00                Referee::Referee(int)
                0x0200bf00                Referee::Referee(int)
 .text._ZN7RefereeD2Ev
                0x0200bf48        0x4 build/Punch-A-Rooney/source/referee.cpp.o
                0x0200bf48                Referee::~Referee()
                0x0200bf48                Referee::~Referee()
 .text._ZN7Referee6unloadEv
                0x0200bf4c       0x4c build/Punch-A-Rooney/source/referee.cpp.o
                0x0200bf4c                Referee::unload()
 .text._ZN7Referee4loadEv
                0x0200bf98       0x8c build/Punch-A-Rooney/source/referee.cpp.o
                0x0200bf98                Referee::load()
 .text._ZN7Referee4hideEb
                0x0200c024       0x38 build/Punch-A-Rooney/source/referee.cpp.o
                0x0200c024                Referee::hide(bool)
 .text._ZN7Referee13resetPositionEv
                0x0200c05c        0xc build/Punch-A-Rooney/source/referee.cpp.o
                0x0200c05c                Referee::resetPosition()
 .text._ZN7Referee15movementHandlerER5BoxerS1_bb
                0x0200c068      0x2ac build/Punch-A-Rooney/source/referee.cpp.o
                0x0200c068                Referee::movementHandler(Boxer&, Boxer&, bool, bool)
 .text._ZN7Referee16animationHandlerER5BoxerS1_b
                0x0200c314      0x1a0 build/Punch-A-Rooney/source/referee.cpp.o
                0x0200c314                Referee::animationHandler(Boxer&, Boxer&, bool)
 .text._ZN7Referee16decisionSequenceEib
                0x0200c4b4       0x20 build/Punch-A-Rooney/source/referee.cpp.o
                0x0200c4b4                Referee::decisionSequence(int, bool)
 .text._ZN7Referee13cameraHandlerERiS0_
                0x0200c4d4       0x9c build/Punch-A-Rooney/source/referee.cpp.o
                0x0200c4d4                Referee::cameraHandler(int&, int&)
 .text._ZN7Referee6updateER5BoxerS1_bb
                0x0200c570       0x88 build/Punch-A-Rooney/source/referee.cpp.o
                0x0200c570                Referee::update(Boxer&, Boxer&, bool, bool)
 .text._Z13StartDialoguev
                0x0200c5f8       0x1c build/Punch-A-Rooney/source/dialogue.cpp.o
                0x0200c5f8                StartDialogue()
 .text._Z12StopDialoguev
                0x0200c614       0x1c build/Punch-A-Rooney/source/dialogue.cpp.o
                0x0200c614                StopDialogue()
 .text._Z11RunDialoguePA20_Kciiii
                0x0200c630       0xe4 build/Punch-A-Rooney/source/dialogue.cpp.o
                0x0200c630                RunDialogue(char const (*) [20], int, int, int, int)
 .text._ZN4Game8newRoundEib.part.0
                0x0200c714       0xc0 build/Punch-A-Rooney/source/game.cpp.o
 .text._ZN4Game8decisionEb.part.0
                0x0200c7d4       0x94 build/Punch-A-Rooney/source/game.cpp.o
 .text._ZN4Game17updateFightBottomEv.part.0
                0x0200c868      0x4a4 build/Punch-A-Rooney/source/game.cpp.o
 .text._ZN4GameC2Ev
                0x0200cd0c      0x248 build/Punch-A-Rooney/source/game.cpp.o
                0x0200cd0c                Game::Game()
                0x0200cd0c                Game::Game()
 .text._ZN4GameD2Ev
                0x0200cf54       0x2c build/Punch-A-Rooney/source/game.cpp.o
                0x0200cf54                Game::~Game()
                0x0200cf54                Game::~Game()
 .text._ZN4Game12initializeDSEiPPc
                0x0200cf80      0x1f8 build/Punch-A-Rooney/source/game.cpp.o
                0x0200cf80                Game::initializeDS(int, char**)
 .text._ZN4Game15setup2DGraphicsEb
                0x0200d178       0xac build/Punch-A-Rooney/source/game.cpp.o
                0x0200d178                Game::setup2DGraphics(bool)
 .text._ZN4Game10inIntervalEb
                0x0200d224      0x2c0 build/Punch-A-Rooney/source/game.cpp.o
                0x0200d224                Game::inInterval(bool)
 .text._ZN4Game13loadWinScreenEb
                0x0200d4e4       0xa8 build/Punch-A-Rooney/source/game.cpp.o
                0x0200d4e4                Game::loadWinScreen(bool)
 .text._ZN4Game15unloadWinScreenEv
                0x0200d58c       0x40 build/Punch-A-Rooney/source/game.cpp.o
                0x0200d58c                Game::unloadWinScreen()
 .text._ZN4Game16loadPreviewStoryEv
                0x0200d5cc      0x18c build/Punch-A-Rooney/source/game.cpp.o
                0x0200d5cc                Game::loadPreviewStory()
 .text._ZN4Game18unloadPreviewStoryEv
                0x0200d758       0x50 build/Punch-A-Rooney/source/game.cpp.o
                0x0200d758                Game::unloadPreviewStory()
 .text._ZN4Game15loadFightBottomEv
                0x0200d7a8      0x360 build/Punch-A-Rooney/source/game.cpp.o
                0x0200d7a8                Game::loadFightBottom()
 .text._ZN4Game17unloadFightBottomEv
                0x0200db08       0x50 build/Punch-A-Rooney/source/game.cpp.o
                0x0200db08                Game::unloadFightBottom()
 .text._ZN4Game12loadFightTopEv
                0x0200db58      0x1cc build/Punch-A-Rooney/source/game.cpp.o
                0x0200db58                Game::loadFightTop()
 .text._ZN4Game14unloadFightTopEv
                0x0200dd24       0x4c build/Punch-A-Rooney/source/game.cpp.o
                0x0200dd24                Game::unloadFightTop()
 .text._ZN4Game16unloadBoxingRingEv
                0x0200dd70      0x2d8 build/Punch-A-Rooney/source/game.cpp.o
                0x0200dd70                Game::unloadBoxingRing()
 .text._ZN4Game18intervalTransitionEbb.part.0
                0x0200e048      0x150 build/Punch-A-Rooney/source/game.cpp.o
 .text._ZN4Game10startIntroEv
                0x0200e198       0xc4 build/Punch-A-Rooney/source/game.cpp.o
                0x0200e198                Game::startIntro()
 .text._ZN4Game11unloadIntroEv
                0x0200e25c       0x50 build/Punch-A-Rooney/source/game.cpp.o
                0x0200e25c                Game::unloadIntro()
 .text._ZN4Game13startMainMenuEb
                0x0200e2ac       0x7c build/Punch-A-Rooney/source/game.cpp.o
                0x0200e2ac                Game::startMainMenu(bool)
 .text._ZN4Game14loadBoxingRingE8GameTypei
                0x0200e328      0x53c build/Punch-A-Rooney/source/game.cpp.o
                0x0200e328                Game::loadBoxingRing(GameType, int)
 .text._ZN4Game12handleEventsEv
                0x0200e864      0x318 build/Punch-A-Rooney/source/game.cpp.o
                0x0200e864                Game::handleEvents()
 .text._ZN4Game14updateFightTopEv
                0x0200eb7c      0x3e8 build/Punch-A-Rooney/source/game.cpp.o
                0x0200eb7c                Game::updateFightTop()
 .text._ZN4Game7endGameEv
                0x0200ef64      0x410 build/Punch-A-Rooney/source/game.cpp.o
                0x0200ef64                Game::endGame()
 .text._ZN4Game11manageFightEv
                0x0200f374      0x278 build/Punch-A-Rooney/source/game.cpp.o
                0x0200f374                Game::manageFight()
 .text._ZN4Game11crowdSoundsEv
                0x0200f5ec       0xa0 build/Punch-A-Rooney/source/game.cpp.o
                0x0200f5ec                Game::crowdSounds()
 .text._ZN4Game13cameraHandlerEv
                0x0200f68c      0x438 build/Punch-A-Rooney/source/game.cpp.o
                0x0200f68c                Game::cameraHandler()
 .text._ZN4Game6updateEv
                0x0200fac4      0xcc8 build/Punch-A-Rooney/source/game.cpp.o
                0x0200fac4                Game::update()
 .text._ZN4Game6renderEv
                0x0201078c       0x28 build/Punch-A-Rooney/source/game.cpp.o
                0x0201078c                Game::render()
 .text._Z13worldToScreeniiRiS_i
                0x020107b4       0x78 build/Punch-A-Rooney/source/camera.cpp.o
                0x020107b4                worldToScreen(int, int, int&, int&, int)
 .text._Z13screenToWorldiiRiS_
                0x0201082c       0x68 build/Punch-A-Rooney/source/camera.cpp.o
                0x0201082c                screenToWorld(int, int, int&, int&)
 .text._Z10Transitioniiib
                0x02010894       0x34 build/Punch-A-Rooney/source/transition.cpp.o
                0x02010894                Transition(int, int, int, bool)
 .text._Z16TransitionUpdatei
                0x020108c8       0x5c build/Punch-A-Rooney/source/transition.cpp.o
                0x020108c8                TransitionUpdate(int)
 .text.NF_Error
                0x02010924      0x2d8 /opt/wonderful/thirdparty/blocksds/external/nflib/lib/libnflib.a(nf_basic.c.o)
                0x02010924                NF_Error
 .text.NF_SetRootFolder
                0x02010bfc      0x1e0 /opt/wonderful/thirdparty/blocksds/external/nflib/lib/libnflib.a(nf_basic.c.o)
                0x02010bfc                NF_SetRootFolder
 .text.NF_DmaMemCopy
                0x02010ddc       0x70 /opt/wonderful/thirdparty/blocksds/external/nflib/lib/libnflib.a(nf_basic.c.o)
                0x02010ddc                NF_DmaMemCopy
 .text.NF_FileLoad
                0x02010e4c       0xac /opt/wonderful/thirdparty/blocksds/external/nflib/lib/libnflib.a(nf_basic.c.o)
                0x02010e4c                NF_FileLoad
 .text.NF_InitTiledBgBuffers
                0x02010ef8       0x98 /opt/wonderful/thirdparty/blocksds/external/nflib/lib/libnflib.a(nf_tiledbg.c.o)
                0x02010ef8                NF_InitTiledBgBuffers
 .text.NF_InitTiledBgSys
                0x02010f90      0x120 /opt/wonderful/thirdparty/blocksds/external/nflib/lib/libnflib.a(nf_tiledbg.c.o)
                0x02010f90                NF_InitTiledBgSys
 .text.NF_UnloadTiledBg
                0x020110b0       0x9c /opt/wonderful/thirdparty/blocksds/external/nflib/lib/libnflib.a(nf_tiledbg.c.o)
                0x020110b0                NF_UnloadTiledBg
 .text.NF_DeleteTiledBg
                0x0201114c      0x184 /opt/wonderful/thirdparty/blocksds/external/nflib/lib/libnflib.a(nf_tiledbg.c.o)
                0x0201114c                NF_DeleteTiledBg
 .text.NF_CreateTiledBg
                0x020112d0      0x530 /opt/wonderful/thirdparty/blocksds/external/nflib/lib/libnflib.a(nf_tiledbg.c.o)
                0x020112d0                NF_CreateTiledBg
 .text.NF_GetTileMapAddress
                0x02011800       0x90 /opt/wonderful/thirdparty/blocksds/external/nflib/lib/libnflib.a(nf_tiledbg.c.o)
                0x02011800                NF_GetTileMapAddress
 .text.NF_SetTileOfMap
                0x02011890       0x44 /opt/wonderful/thirdparty/blocksds/external/nflib/lib/libnflib.a(nf_tiledbg.c.o)
                0x02011890                NF_SetTileOfMap
 .text.NF_UpdateVramMap
                0x020118d4       0xf4 /opt/wonderful/thirdparty/blocksds/external/nflib/lib/libnflib.a(nf_tiledbg.c.o)
                0x020118d4                NF_UpdateVramMap
 .text.NF_RotateTileGfx
                0x020119c8      0x100 /opt/wonderful/thirdparty/blocksds/external/nflib/lib/libnflib.a(nf_tiledbg.c.o)
                0x020119c8                NF_RotateTileGfx
 .text.NF_InitTextSys
                0x02011ac8       0x34 /opt/wonderful/thirdparty/blocksds/external/nflib/lib/libnflib.a(nf_text.c.o)
                0x02011ac8                NF_InitTextSys
 .text.NF_LoadTextFont
                0x02011afc      0x1d8 /opt/wonderful/thirdparty/blocksds/external/nflib/lib/libnflib.a(nf_text.c.o)
                0x02011afc                NF_LoadTextFont
 .text.NF_CreateTextLayer
                0x02011cd4       0x8c /opt/wonderful/thirdparty/blocksds/external/nflib/lib/libnflib.a(nf_text.c.o)
                0x02011cd4                NF_CreateTextLayer
 .text.NF_WriteText
                0x02011d60      0x2a8 /opt/wonderful/thirdparty/blocksds/external/nflib/lib/libnflib.a(nf_text.c.o)
                0x02011d60                NF_WriteText
 .text.NF_UpdateTextLayers
                0x02012008       0x38 /opt/wonderful/thirdparty/blocksds/external/nflib/lib/libnflib.a(nf_text.c.o)
                0x02012008                NF_UpdateTextLayers
 .text.NF_ClearTextLayer
                0x02012040       0x4c /opt/wonderful/thirdparty/blocksds/external/nflib/lib/libnflib.a(nf_text.c.o)
                0x02012040                NF_ClearTextLayer
 .text.NF_DefineTextColor
                0x0201208c       0x88 /opt/wonderful/thirdparty/blocksds/external/nflib/lib/libnflib.a(nf_text.c.o)
                0x0201208c                NF_DefineTextColor
 .text.NF_InitAffineBgSys
                0x02012114       0xd0 /opt/wonderful/thirdparty/blocksds/external/nflib/lib/libnflib.a(nf_affinebg.c.o)
                0x02012114                NF_InitAffineBgSys
 .text.NF_LoadAffineBg
                0x020121e4      0x1c8 /opt/wonderful/thirdparty/blocksds/external/nflib/lib/libnflib.a(nf_affinebg.c.o)
                0x020121e4                NF_LoadAffineBg
 .text.NF_DeleteAffineBg
                0x020123ac      0x130 /opt/wonderful/thirdparty/blocksds/external/nflib/lib/libnflib.a(nf_affinebg.c.o)
                0x020123ac                NF_DeleteAffineBg
 .text.NF_AffineBgTransform
                0x020124dc       0xd8 /opt/wonderful/thirdparty/blocksds/external/nflib/lib/libnflib.a(nf_affinebg.c.o)
                0x020124dc                NF_AffineBgTransform
 .text.NF_AffineBgMove
                0x020125b4      0x154 /opt/wonderful/thirdparty/blocksds/external/nflib/lib/libnflib.a(nf_affinebg.c.o)
                0x020125b4                NF_AffineBgMove
 .text.NF_CreateAffineBg
                0x02012708      0x404 /opt/wonderful/thirdparty/blocksds/external/nflib/lib/libnflib.a(nf_affinebg.c.o)
                0x02012708                NF_CreateAffineBg
 .text.NF_InitSpriteBuffers
                0x02012b0c       0x5c /opt/wonderful/thirdparty/blocksds/external/nflib/lib/libnflib.a(nf_sprite256.c.o)
                0x02012b0c                NF_InitSpriteBuffers
 .text.NF_InitSpriteSys
                0x02012b68      0x1f8 /opt/wonderful/thirdparty/blocksds/external/nflib/lib/libnflib.a(nf_sprite256.c.o)
                0x02012b68                NF_InitSpriteSys
 .text.NF_LoadSpriteGfx
                0x02012d60       0x94 /opt/wonderful/thirdparty/blocksds/external/nflib/lib/libnflib.a(nf_sprite256.c.o)
                0x02012d60                NF_LoadSpriteGfx
 .text.NF_UnloadSpriteGfx
                0x02012df4       0x64 /opt/wonderful/thirdparty/blocksds/external/nflib/lib/libnflib.a(nf_sprite256.c.o)
                0x02012df4                NF_UnloadSpriteGfx
 .text.NF_LoadSpritePal
                0x02012e58       0x7c /opt/wonderful/thirdparty/blocksds/external/nflib/lib/libnflib.a(nf_sprite256.c.o)
                0x02012e58                NF_LoadSpritePal
 .text.NF_UnloadSpritePal
                0x02012ed4       0x5c /opt/wonderful/thirdparty/blocksds/external/nflib/lib/libnflib.a(nf_sprite256.c.o)
                0x02012ed4                NF_UnloadSpritePal
 .text.NF_VramSpriteGfx
                0x02012f30      0x27c /opt/wonderful/thirdparty/blocksds/external/nflib/lib/libnflib.a(nf_sprite256.c.o)
                0x02012f30                NF_VramSpriteGfx
 .text.NF_VramSpriteGfxDefrag
                0x020131ac      0x200 /opt/wonderful/thirdparty/blocksds/external/nflib/lib/libnflib.a(nf_sprite256.c.o)
                0x020131ac                NF_VramSpriteGfxDefrag
 .text.NF_FreeSpriteGfx
                0x020133ac       0xd4 /opt/wonderful/thirdparty/blocksds/external/nflib/lib/libnflib.a(nf_sprite256.c.o)
                0x020133ac                NF_FreeSpriteGfx
 .text.NF_VramSpritePal
                0x02013480       0xb0 /opt/wonderful/thirdparty/blocksds/external/nflib/lib/libnflib.a(nf_sprite256.c.o)
                0x02013480                NF_VramSpritePal
 .text.NF_CreateSprite
                0x02013530      0x1c8 /opt/wonderful/thirdparty/blocksds/external/nflib/lib/libnflib.a(nf_sprite256.c.o)
                0x02013530                NF_CreateSprite
 .text.NF_DeleteSprite
                0x020136f8       0x84 /opt/wonderful/thirdparty/blocksds/external/nflib/lib/libnflib.a(nf_sprite256.c.o)
                0x020136f8                NF_DeleteSprite
 .text.NF_SpriteOamSet
                0x0201377c       0xc0 /opt/wonderful/thirdparty/blocksds/external/nflib/lib/libnflib.a(nf_sprite256.c.o)
                0x0201377c                NF_SpriteOamSet
 .text.NF_SpriteSetPalColor
                0x0201383c       0x78 /opt/wonderful/thirdparty/blocksds/external/nflib/lib/libnflib.a(nf_sprite256.c.o)
                0x0201383c                NF_SpriteSetPalColor
 .text.NF_Set2D
                0x020138b4       0x64 /opt/wonderful/thirdparty/blocksds/external/nflib/lib/libnflib.a(nf_2d.c.o)
                0x020138b4                NF_Set2D
 .text.NF_ShowBg
                0x02013918       0x74 /opt/wonderful/thirdparty/blocksds/external/nflib/lib/libnflib.a(nf_2d.c.o)
                0x02013918                NF_ShowBg
 .text.NF_HideBg
                0x0201398c       0x9c /opt/wonderful/thirdparty/blocksds/external/nflib/lib/libnflib.a(nf_2d.c.o)
                0x0201398c                NF_HideBg
 .text.NF_ScrollBg
                0x02013a28      0x2c0 /opt/wonderful/thirdparty/blocksds/external/nflib/lib/libnflib.a(nf_2d.c.o)
                0x02013a28                NF_ScrollBg
 .text.NF_SpriteFrame
                0x02013ce8       0xbc /opt/wonderful/thirdparty/blocksds/external/nflib/lib/libnflib.a(nf_2d.c.o)
                0x02013ce8                NF_SpriteFrame
 .text.NF_EnableSpriteRotScale
                0x02013da4       0x74 /opt/wonderful/thirdparty/blocksds/external/nflib/lib/libnflib.a(nf_2d.c.o)
                0x02013da4                NF_EnableSpriteRotScale
 .text.NF_DisableSpriteRotScale
                0x02013e18       0x5c /opt/wonderful/thirdparty/blocksds/external/nflib/lib/libnflib.a(nf_2d.c.o)
                0x02013e18                NF_DisableSpriteRotScale
 .text.NF_SpriteRotScale
                0x02013e74       0xa8 /opt/wonderful/thirdparty/blocksds/external/nflib/lib/libnflib.a(nf_2d.c.o)
                0x02013e74                NF_SpriteRotScale
 .text.Wifi_GetNumAP
                0x02013f1c       0x28 /opt/wonderful/thirdparty/blocksds/core/libs/dswifi/lib/libdswifi9_noip.a(access_point.c.o)
                0x02013f1c                Wifi_GetNumAP
 .text.Wifi_GetAPData
                0x02013f44       0x80 /opt/wonderful/thirdparty/blocksds/core/libs/dswifi/lib/libdswifi9_noip.a(access_point.c.o)
                0x02013f44                Wifi_GetAPData
 .text.Wifi_FindMatchingAP
                0x02013fc4       0xa4 /opt/wonderful/thirdparty/blocksds/core/libs/dswifi/lib/libdswifi9_noip.a(access_point.c.o)
                0x02013fc4                Wifi_FindMatchingAP
 .text.Wifi_DisconnectAP
                0x02014068       0x1c /opt/wonderful/thirdparty/blocksds/core/libs/dswifi/lib/libdswifi9_noip.a(access_point.c.o)
                0x02014068                Wifi_DisconnectAP
 .text.Wifi_ConnectSecureAP
                0x02014084       0x84 /opt/wonderful/thirdparty/blocksds/core/libs/dswifi/lib/libdswifi9_noip.a(access_point.c.o)
                0x02014084                Wifi_ConnectSecureAP
 .text.Wifi_ConnectOpenAP
                0x02014108        0xc /opt/wonderful/thirdparty/blocksds/core/libs/dswifi/lib/libdswifi9_noip.a(access_point.c.o)
                0x02014108                Wifi_ConnectOpenAP
 .text.Wifi_AssocStatus
                0x02014114      0x130 /opt/wonderful/thirdparty/blocksds/core/libs/dswifi/lib/libdswifi9_noip.a(access_point.c.o)
                0x02014114                Wifi_AssocStatus
 .text.Wifi_CmpMacAddr
                0x02014244        0xe /opt/wonderful/thirdparty/blocksds/core/libs/dswifi/lib/libdswifi9_noip.a(multiplayer.c.o)
 *fill*         0x02014252        0x2 ff
 .text.Wifi_MultiplayerGetNumClients
                0x02014254       0x30 /opt/wonderful/thirdparty/blocksds/core/libs/dswifi/lib/libdswifi9_noip.a(multiplayer.c.o)
                0x02014254                Wifi_MultiplayerGetNumClients
 .text.Wifi_MultiplayerGetClients
                0x02014284       0x98 /opt/wonderful/thirdparty/blocksds/core/libs/dswifi/lib/libdswifi9_noip.a(multiplayer.c.o)
                0x02014284                Wifi_MultiplayerGetClients
 .text.Wifi_MultiplayerClientMatchesMacAndAID
                0x0201431c       0x84 /opt/wonderful/thirdparty/blocksds/core/libs/dswifi/lib/libdswifi9_noip.a(multiplayer.c.o)
                0x0201431c                Wifi_MultiplayerClientMatchesMacAndAID
 .text.Wifi_MultiplayerFromHostSetPacketHandler
                0x020143a0        0xc /opt/wonderful/thirdparty/blocksds/core/libs/dswifi/lib/libdswifi9_noip.a(multiplayer.c.o)
                0x020143a0                Wifi_MultiplayerFromHostSetPacketHandler
 .text.Wifi_MultiplayerFromClientSetPacketHandler
                0x020143ac        0xc /opt/wonderful/thirdparty/blocksds/core/libs/dswifi/lib/libdswifi9_noip.a(multiplayer.c.o)
                0x020143ac                Wifi_MultiplayerFromClientSetPacketHandler
 .text.Wifi_MultiplayerHandlePacketFromClient
                0x020143b8       0x7c /opt/wonderful/thirdparty/blocksds/core/libs/dswifi/lib/libdswifi9_noip.a(multiplayer.c.o)
                0x020143b8                Wifi_MultiplayerHandlePacketFromClient
 .text.Wifi_MultiplayerHandlePacketFromHost
                0x02014434       0x7c /opt/wonderful/thirdparty/blocksds/core/libs/dswifi/lib/libdswifi9_noip.a(multiplayer.c.o)
                0x02014434                Wifi_MultiplayerHandlePacketFromHost
 .text.Wifi_BeaconStart
                0x020144b0      0x294 /opt/wonderful/thirdparty/blocksds/core/libs/dswifi/lib/libdswifi9_noip.a(beacon.c.o)
                0x020144b0                Wifi_BeaconStart
 .text.Wifi_CopyMacAddr
                0x02014744        0xa /opt/wonderful/thirdparty/blocksds/core/libs/dswifi/lib/libdswifi9_noip.a(rx_tx_queue.c.o)
 *fill*         0x0201474e        0x2 ff
 .text.Wifi_MultiplayerHostCmdTxFrame
                0x02014750      0x124 /opt/wonderful/thirdparty/blocksds/core/libs/dswifi/lib/libdswifi9_noip.a(rx_tx_queue.c.o)
                0x02014750                Wifi_MultiplayerHostCmdTxFrame
 .text.Wifi_MultiplayerClientReplyTxFrame
                0x02014874      0x134 /opt/wonderful/thirdparty/blocksds/core/libs/dswifi/lib/libdswifi9_noip.a(rx_tx_queue.c.o)
                0x02014874                Wifi_MultiplayerClientReplyTxFrame
 .text.Wifi_RxRawReadPacket
                0x020149a8       0x40 /opt/wonderful/thirdparty/blocksds/core/libs/dswifi/lib/libdswifi9_noip.a(rx_tx_queue.c.o)
                0x020149a8                Wifi_RxRawReadPacket
 .text.wifiValue32Handler
                0x020149e8        0xc /opt/wonderful/thirdparty/blocksds/core/libs/dswifi/lib/libdswifi9_noip.a(ipc.c.o)
 .text.Wifi_CallSyncHandler
                0x020149f4        0xc /opt/wonderful/thirdparty/blocksds/core/libs/dswifi/lib/libdswifi9_noip.a(ipc.c.o)
                0x020149f4                Wifi_CallSyncHandler
 .text.Wifi_InitDefault
                0x02014a00      0x144 /opt/wonderful/thirdparty/blocksds/core/libs/dswifi/lib/libdswifi9_noip.a(ipc.c.o)
                0x02014a00                Wifi_InitDefault
 .text.Wifi_EnableWifi
                0x02014b44       0x10 /opt/wonderful/thirdparty/blocksds/core/libs/dswifi/lib/libdswifi9_noip.a(ipc.c.o)
                0x02014b44                Wifi_EnableWifi
 .text.Wifi_ScanModeFilter
                0x02014b54       0x18 /opt/wonderful/thirdparty/blocksds/core/libs/dswifi/lib/libdswifi9_noip.a(ipc.c.o)
                0x02014b54                Wifi_ScanModeFilter
 .text.Wifi_ScanMode
                0x02014b6c       0x20 /opt/wonderful/thirdparty/blocksds/core/libs/dswifi/lib/libdswifi9_noip.a(ipc.c.o)
                0x02014b6c                Wifi_ScanMode
 .text.Wifi_IdleMode
                0x02014b8c        0x8 /opt/wonderful/thirdparty/blocksds/core/libs/dswifi/lib/libdswifi9_noip.a(ipc.c.o)
                0x02014b8c                Wifi_IdleMode
 .text.Wifi_LibraryModeReady
                0x02014b94       0x14 /opt/wonderful/thirdparty/blocksds/core/libs/dswifi/lib/libdswifi9_noip.a(ipc.c.o)
                0x02014b94                Wifi_LibraryModeReady
 .text.Wifi_MultiplayerClientMode
                0x02014ba8       0x30 /opt/wonderful/thirdparty/blocksds/core/libs/dswifi/lib/libdswifi9_noip.a(ipc.c.o)
                0x02014ba8                Wifi_MultiplayerClientMode
 .text.Wifi_MultiplayerHostMode
                0x02014bd8       0x58 /opt/wonderful/thirdparty/blocksds/core/libs/dswifi/lib/libdswifi9_noip.a(ipc.c.o)
                0x02014bd8                Wifi_MultiplayerHostMode
 .text.Wifi_MultiplayerAllowNewClients
                0x02014c30       0x1c /opt/wonderful/thirdparty/blocksds/core/libs/dswifi/lib/libdswifi9_noip.a(ipc.c.o)
                0x02014c30                Wifi_MultiplayerAllowNewClients
 .text.Wifi_SetChannel
                0x02014c4c       0x14 /opt/wonderful/thirdparty/blocksds/core/libs/dswifi/lib/libdswifi9_noip.a(ipc.c.o)
                0x02014c4c                Wifi_SetChannel
 .text.Wifi_TxBufferAllocBuffer
                0x02014c60       0x88 /opt/wonderful/thirdparty/blocksds/core/libs/dswifi/lib/libdswifi9_noip.a(ipc.c.o)
                0x02014c60                Wifi_TxBufferAllocBuffer
 .text.SLasm_Acquire
                0x02014ce8       0x34 /opt/wonderful/thirdparty/blocksds/core/libs/dswifi/lib/libdswifi9_noip.a(spinlock.s.o)
                0x02014ce8                SLasm_Acquire
 .text.SLasm_Release
                0x02014d1c       0x28 /opt/wonderful/thirdparty/blocksds/core/libs/dswifi/lib/libdswifi9_noip.a(spinlock.s.o)
                0x02014d1c                SLasm_Release
 .text.Wifi_Update
                0x02014d44      0x164 /opt/wonderful/thirdparty/blocksds/core/libs/dswifi/lib/libdswifi9_noip.a(wifi_arm9.c.o)
                0x02014d44                Wifi_Update
 .text.CP15_FlushICache
                0x02014ea8        0xc /opt/wonderful/thirdparty/blocksds/core/libs/libnds/lib/libnds9.a(cp15.s.o)
                0x02014ea8                CP15_FlushICache
 .text.CP15_FlushDCache
                0x02014eb4        0xc /opt/wonderful/thirdparty/blocksds/core/libs/libnds/lib/libnds9.a(cp15.s.o)
                0x02014eb4                CP15_FlushDCache
 .text.CP15_CleanAndFlushDCache
                0x02014ec0       0x34 /opt/wonderful/thirdparty/blocksds/core/libs/libnds/lib/libnds9.a(cp15.s.o)
                0x02014ec0                CP15_CleanAndFlushDCache
 .text.__libnds_mpu_setup
                0x02014ef4      0x1c4 /opt/wonderful/thirdparty/blocksds/core/libs/libnds/lib/libnds9.a(mpu_setup.s.o)
                0x02014ef4                __libnds_mpu_setup
 .text.CP15_MPUDisable
                0x020150b8       0x3c /opt/wonderful/thirdparty/blocksds/core/libs/libnds/lib/libnds9.a(mpu_setup.s.o)
                0x020150b8                CP15_MPUDisable
 .text.__libnds_mpu_jump_past_dtcm
                0x020150f4       0x4c /opt/wonderful/thirdparty/blocksds/core/libs/libnds/lib/libnds9.a(mpu_setup.s.o)
                0x020150f4                __libnds_mpu_jump_past_dtcm
 .text.memUncached
                0x02015140       0x20 /opt/wonderful/thirdparty/blocksds/core/libs/libnds/lib/libnds9.a(mpu_setup.s.o)
                0x02015140                memUncached
 .text.__aeabi_memset
                0x02015160       0x9c /opt/wonderful/thirdparty/blocksds/core/libs/libnds/lib/libnds9.a(memset.s.o)
                0x02015160                __aeabi_memset
                0x02015184                __aeabi_memset8
                0x02015184                __aeabi_memset4
                0x02015190                __ndsabi_wordset4
                0x02015194                __ndsabi_lwordset4
 .text.__ndsabi_memset1
                0x020151fc       0x10 /opt/wonderful/thirdparty/blocksds/core/libs/libnds/lib/libnds9.a(memset.s.o)
                0x020151fc                __ndsabi_memset1
 .text.memset   0x0201520c       0x1c /opt/wonderful/thirdparty/blocksds/core/libs/libnds/lib/libnds9.a(memset.s.o)
                0x0201520c                memset
 .text.__aeabi_memcpy
                0x02015228       0xc8 /opt/wonderful/thirdparty/blocksds/core/libs/libnds/lib/libnds9.a(memcpy.s.o)
                0x02015228                __aeabi_memcpy
                0x02015260                __aeabi_memcpy4
                0x02015260                __aeabi_memcpy8
                0x020152cc                __ndsabi_memcpy2
 .text.__ndsabi_memcpy1
                0x020152f0       0x14 /opt/wonderful/thirdparty/blocksds/core/libs/libnds/lib/libnds9.a(memcpy.s.o)
                0x020152f0                __ndsabi_memcpy1
 .text.memcpy   0x02015304       0x10 /opt/wonderful/thirdparty/blocksds/core/libs/libnds/lib/libnds9.a(memcpy.s.o)
                0x02015304                memcpy
 .text.dmaSetParams
                0x02015314       0x1c /opt/wonderful/thirdparty/blocksds/core/libs/libnds/lib/libnds9.a(dma.s.o)
                0x02015314                dmaSetParams
 .text.dmaStopSafe
                0x02015330       0x44 /opt/wonderful/thirdparty/blocksds/core/libs/libnds/lib/libnds9.a(dma.s.o)
                0x02015330                dmaStopSafe
 .text.nocashWrite
                0x02015374       0xa8 /opt/wonderful/thirdparty/blocksds/core/libs/libnds/lib/libnds9.a(debugprint.s.o)
                0x02015374                nocashWrite
                0x02015378                nocashMessage
 .text.build_argv
                0x0201541c       0x58 /opt/wonderful/thirdparty/blocksds/core/libs/libnds/lib/libnds9.a(crt0_argv.c.o)
                0x0201541c                build_argv
 .text.__assert_func
                0x02015474       0x14 /opt/wonderful/thirdparty/blocksds/core/libs/libnds/lib/libnds9.a(assert.c.o)
                0x02015474                __assert_func
 .text.fatGetDefaultCwd
                0x02015488       0xf8 /opt/wonderful/thirdparty/blocksds/core/libs/libnds/lib/libnds9.a(filesystem_setup.c.o)
                0x02015488                fatGetDefaultCwd
 .text.nandInit
                0x02015580       0x98 /opt/wonderful/thirdparty/blocksds/core/libs/libnds/lib/libnds9.a(filesystem_setup.c.o)
                0x02015580                nandInit
 .text.fatInit.part.0
                0x02015618      0x128 /opt/wonderful/thirdparty/blocksds/core/libs/libnds/lib/libnds9.a(filesystem_setup.c.o)
 .text.fatInitDefault
                0x02015740       0x24 /opt/wonderful/thirdparty/blocksds/core/libs/libnds/lib/libnds9.a(filesystem_setup.c.o)
                0x02015740                fatInitDefault
 .text.fatInitLookupCache
                0x02015764       0x68 /opt/wonderful/thirdparty/blocksds/core/libs/libnds/lib/libnds9.a(filesystem_setup.c.o)
                0x02015764                fatInitLookupCache
 .text.nitrofs_read_internal_cart
                0x020157cc       0xa4 /opt/wonderful/thirdparty/blocksds/core/libs/libnds/lib/libnds9.a(nitrofs_device.c.o)
 .text.nitrofs_read_internal
                0x02015870       0x54 /opt/wonderful/thirdparty/blocksds/core/libs/libnds/lib/libnds9.a(nitrofs_device.c.o)
 .text.nitrofs_dir_state_init
                0x020158c4       0x9c /opt/wonderful/thirdparty/blocksds/core/libs/libnds/lib/libnds9.a(nitrofs_device.c.o)
 .text.nitrofs_dir_state_next
                0x02015960       0xb0 /opt/wonderful/thirdparty/blocksds/core/libs/libnds/lib/libnds9.a(nitrofs_device.c.o)
 .text.nitrofs_dir_step
                0x02015a10       0xf0 /opt/wonderful/thirdparty/blocksds/core/libs/libnds/lib/libnds9.a(nitrofs_device.c.o)
 .text.nitrofs_path_resolve
                0x02015b00       0x68 /opt/wonderful/thirdparty/blocksds/core/libs/libnds/lib/libnds9.a(nitrofs_device.c.o)
                0x02015b00                nitrofs_path_resolve
 .text.nitrofs_chdir
                0x02015b68       0x40 /opt/wonderful/thirdparty/blocksds/core/libs/libnds/lib/libnds9.a(nitrofs_device.c.o)
                0x02015b68                nitrofs_chdir
 .text.nitrofs_chdrive
                0x02015ba8        0x4 /opt/wonderful/thirdparty/blocksds/core/libs/libnds/lib/libnds9.a(nitrofs_device.c.o)
                0x02015ba8                nitrofs_chdrive
 .text.nitrofs_read
                0x02015bac       0x30 /opt/wonderful/thirdparty/blocksds/core/libs/libnds/lib/libnds9.a(nitrofs_device.c.o)
                0x02015bac                nitrofs_read
 .text.nitrofs_lseek
                0x02015bdc       0x54 /opt/wonderful/thirdparty/blocksds/core/libs/libnds/lib/libnds9.a(nitrofs_device.c.o)
                0x02015bdc                nitrofs_lseek
 .text.nitrofs_close
                0x02015c30       0x10 /opt/wonderful/thirdparty/blocksds/core/libs/libnds/lib/libnds9.a(nitrofs_device.c.o)
                0x02015c30                nitrofs_close
 .text.nitroFSOpenById
                0x02015c40       0x5c /opt/wonderful/thirdparty/blocksds/core/libs/libnds/lib/libnds9.a(nitrofs_device.c.o)
                0x02015c40                nitroFSOpenById
 .text.nitrofs_access
                0x02015c9c       0x30 /opt/wonderful/thirdparty/blocksds/core/libs/libnds/lib/libnds9.a(nitrofs_device.c.o)
                0x02015c9c                nitrofs_access
 .text.nitrofs_open
                0x02015ccc       0x58 /opt/wonderful/thirdparty/blocksds/core/libs/libnds/lib/libnds9.a(nitrofs_device.c.o)
                0x02015ccc                nitrofs_open
 .text.nitroFSInit
                0x02015d24      0x1f4 /opt/wonderful/thirdparty/blocksds/core/libs/libnds/lib/libnds9.a(nitrofs_device.c.o)
                0x02015d24                nitroFSInit
 .text.nitrofs_isdrive
                0x02015f18       0x14 /opt/wonderful/thirdparty/blocksds/core/libs/libnds/lib/libnds9.a(nitrofs_device.c.o)
                0x02015f18                nitrofs_isdrive
 .text.deviceIoGetIndexFromDrive
                0x02015f2c       0x50 /opt/wonderful/thirdparty/blocksds/core/libs/libnds/lib/libnds9.a(device_io.c.o)
                0x02015f2c                deviceIoGetIndexFromDrive
 .text.deviceIoGetIndexFromPath
                0x02015f7c       0x4c /opt/wonderful/thirdparty/blocksds/core/libs/libnds/lib/libnds9.a(device_io.c.o)
                0x02015f7c                deviceIoGetIndexFromPath
 .text.deviceIoGetFunctionFromIndex
                0x02015fc8       0x3c /opt/wonderful/thirdparty/blocksds/core/libs/libnds/lib/libnds9.a(device_io.c.o)
                0x02015fc8                deviceIoGetFunctionFromIndex
 .text.open     0x02016004       0x70 /opt/wonderful/thirdparty/blocksds/core/libs/libnds/lib/libnds9.a(syscalls_filesystem.c.o)
                0x02016004                open
 .text.read     0x02016074       0x84 /opt/wonderful/thirdparty/blocksds/core/libs/libnds/lib/libnds9.a(syscalls_filesystem.c.o)
                0x02016074                read
 .text.write    0x020160f8       0x84 /opt/wonderful/thirdparty/blocksds/core/libs/libnds/lib/libnds9.a(syscalls_filesystem.c.o)
                0x020160f8                write
 .text.close    0x0201617c       0x6c /opt/wonderful/thirdparty/blocksds/core/libs/libnds/lib/libnds9.a(syscalls_filesystem.c.o)
                0x0201617c                close
 .text.lseek    0x020161e8       0x60 /opt/wonderful/thirdparty/blocksds/core/libs/libnds/lib/libnds9.a(syscalls_filesystem.c.o)
                0x020161e8                lseek
 .text.access   0x02016248       0x4c /opt/wonderful/thirdparty/blocksds/core/libs/libnds/lib/libnds9.a(syscalls_filesystem.c.o)
                0x02016248                access
 .text.chdir    0x02016294       0xe8 /opt/wonderful/thirdparty/blocksds/core/libs/libnds/lib/libnds9.a(chdir.c.o)
                0x02016294                chdir
 .text.fatfs_error_to_posix
                0x0201637c       0x24 /opt/wonderful/thirdparty/blocksds/core/libs/libnds/lib/libnds9.a(fatfs_helpers.c.o)
                0x0201637c                fatfs_error_to_posix
 .text.fatfs_timestamp_to_fattime
                0x020163a0       0x28 /opt/wonderful/thirdparty/blocksds/core/libs/libnds/lib/libnds9.a(fatfs_helpers.c.o)
                0x020163a0                fatfs_timestamp_to_fattime
 .text.sinLutLookup
                0x020163c8       0x50 /opt/wonderful/thirdparty/blocksds/core/libs/libnds/lib/libnds9.a(trig.c.o)
                0x020163c8                sinLutLookup
 .text.sinLerp  0x02016418       0x38 /opt/wonderful/thirdparty/blocksds/core/libs/libnds/lib/libnds9.a(trig.c.o)
                0x02016418                sinLerp
 .text.cosLerp  0x02016450       0x40 /opt/wonderful/thirdparty/blocksds/core/libs/libnds/lib/libnds9.a(trig.c.o)
                0x02016450                cosLerp
 .text.comutex_acquire
                0x02016490       0x28 /opt/wonderful/thirdparty/blocksds/core/libs/libnds/lib/libnds9.a(dlmalloc.c.o)
 .text.dispose_chunk.constprop.0
                0x020164b8      0x2f0 /opt/wonderful/thirdparty/blocksds/core/libs/libnds/lib/libnds9.a(dlmalloc.c.o)
 .text.init_top.constprop.0
                0x020167a8       0x3c /opt/wonderful/thirdparty/blocksds/core/libs/libnds/lib/libnds9.a(dlmalloc.c.o)
 .text.segment_holding.constprop.0
                0x020167e4       0x20 /opt/wonderful/thirdparty/blocksds/core/libs/libnds/lib/libnds9.a(dlmalloc.c.o)
 .text.comutex_release.constprop.0
                0x02016804       0x20 /opt/wonderful/thirdparty/blocksds/core/libs/libnds/lib/libnds9.a(dlmalloc.c.o)
 .text.try_realloc_chunk.constprop.0.isra.0
                0x02016824      0x234 /opt/wonderful/thirdparty/blocksds/core/libs/libnds/lib/libnds9.a(dlmalloc.c.o)
 .text.init_mparams.isra.0
                0x02016a58       0x64 /opt/wonderful/thirdparty/blocksds/core/libs/libnds/lib/libnds9.a(dlmalloc.c.o)
 .text.sys_trim.constprop.0
                0x02016abc      0x104 /opt/wonderful/thirdparty/blocksds/core/libs/libnds/lib/libnds9.a(dlmalloc.c.o)
 .text.malloc   0x02016bc0      0xccc /opt/wonderful/thirdparty/blocksds/core/libs/libnds/lib/libnds9.a(dlmalloc.c.o)
                0x02016bc0                malloc
                0x02016bc0                __malloc_malloc
 .text.internal_memalign.constprop.0
                0x0201788c      0x12c /opt/wonderful/thirdparty/blocksds/core/libs/libnds/lib/libnds9.a(dlmalloc.c.o)
 .text.free     0x020179b8      0x360 /opt/wonderful/thirdparty/blocksds/core/libs/libnds/lib/libnds9.a(dlmalloc.c.o)
                0x020179b8                __malloc_free
                0x020179b8                cfree
                0x020179b8                free
 .text.calloc   0x02017d18       0x4c /opt/wonderful/thirdparty/blocksds/core/libs/libnds/lib/libnds9.a(dlmalloc.c.o)
                0x02017d18                calloc
 .text.realloc  0x02017d64       0xbc /opt/wonderful/thirdparty/blocksds/core/libs/libnds/lib/libnds9.a(dlmalloc.c.o)
                0x02017d64                realloc
 .text.memalign
                0x02017e20       0x14 /opt/wonderful/thirdparty/blocksds/core/libs/libnds/lib/libnds9.a(dlmalloc.c.o)
                0x02017e20                memalign
                0x02017e20                aligned_alloc
 .text.initSystem
                0x02017e34      0x13c /opt/wonderful/thirdparty/blocksds/core/libs/libnds/lib/libnds9.a(initSystem.c.o)
                0x02017e34                initSystem
 .text.scanKeys
                0x02017f70       0xcc /opt/wonderful/thirdparty/blocksds/core/libs/libnds/lib/libnds9.a(keys.c.o)
                0x02017f70                scanKeys
 .text.keysHeld
                0x0201803c        0xc /opt/wonderful/thirdparty/blocksds/core/libs/libnds/lib/libnds9.a(keys.c.o)
                0x0201803c                keysHeld
 .text.keysDown
                0x02018048        0xc /opt/wonderful/thirdparty/blocksds/core/libs/libnds/lib/libnds9.a(keys.c.o)
                0x02018048                keysDown
 .text.keysUp   0x02018054        0xc /opt/wonderful/thirdparty/blocksds/core/libs/libnds/lib/libnds9.a(keys.c.o)
                0x02018054                keysUp
 .text.touchRead
                0x02018060       0x24 /opt/wonderful/thirdparty/blocksds/core/libs/libnds/lib/libnds9.a(keys.c.o)
                0x02018060                touchRead
 .text.setTransferInputData
                0x02018084       0x1c /opt/wonderful/thirdparty/blocksds/core/libs/libnds/lib/libnds9.a(keys.c.o)
                0x02018084                setTransferInputData
 .text.console_handle_sgr
                0x020180a0      0x1bc /opt/wonderful/thirdparty/blocksds/core/libs/libnds/lib/libnds9.a(console.c.o)
 .text.newRow   0x0201825c       0x84 /opt/wonderful/thirdparty/blocksds/core/libs/libnds/lib/libnds9.a(console.c.o)
 .text.consolePrintChar.part.0
                0x020182e0      0x118 /opt/wonderful/thirdparty/blocksds/core/libs/libnds/lib/libnds9.a(console.c.o)
 .text.con_write
                0x020183f8      0x45c /opt/wonderful/thirdparty/blocksds/core/libs/libnds/lib/libnds9.a(console.c.o)
 .text.consoleLoadFont
                0x02018854      0x244 /opt/wonderful/thirdparty/blocksds/core/libs/libnds/lib/libnds9.a(console.c.o)
                0x02018854                consoleLoadFont
 .text.consoleInitEx
                0x02018a98      0x148 /opt/wonderful/thirdparty/blocksds/core/libs/libnds/lib/libnds9.a(console.c.o)
                0x02018a98                consoleInitEx
 .text.consoleDemoInit
                0x02018be0       0x48 /opt/wonderful/thirdparty/blocksds/core/libs/libnds/lib/libnds9.a(console.c.o)
                0x02018be0                consoleDemoInit
 .text.consolePrintChar
                0x02018c28       0x24 /opt/wonderful/thirdparty/blocksds/core/libs/libnds/lib/libnds9.a(console.c.o)
                0x02018c28                consolePrintChar
 .text.consoleSetCursor
                0x02018c4c       0x28 /opt/wonderful/thirdparty/blocksds/core/libs/libnds/lib/libnds9.a(console.c.o)
                0x02018c4c                consoleSetCursor
 .text.consoleSetColor
                0x02018c74       0x1c /opt/wonderful/thirdparty/blocksds/core/libs/libnds/lib/libnds9.a(console.c.o)
                0x02018c74                consoleSetColor
 .text.consoleArm7Flush
                0x02018c90       0x68 /opt/wonderful/thirdparty/blocksds/core/libs/libnds/lib/libnds9.a(console.c.o)
                0x02018c90                consoleArm7Flush
 .text.__sassert
                0x02018cf8       0x90 /opt/wonderful/thirdparty/blocksds/core/libs/libnds/lib/libnds9.a(sassert.c.o)
                0x02018cf8                __sassert
 .text.windowSetBounds
                0x02018d88       0x64 /opt/wonderful/thirdparty/blocksds/core/libs/libnds/lib/libnds9.a(window.c.o)
                0x02018d88                windowSetBounds
 .text.windowSetBoundsSub
                0x02018dec       0x64 /opt/wonderful/thirdparty/blocksds/core/libs/libnds/lib/libnds9.a(window.c.o)
                0x02018dec                windowSetBoundsSub
 .text.bgWindowEnable
                0x02018e50       0x60 /opt/wonderful/thirdparty/blocksds/core/libs/libnds/lib/libnds9.a(window.c.o)
                0x02018e50                bgWindowEnable
 .text.bgWindowDisable
                0x02018eb0       0x60 /opt/wonderful/thirdparty/blocksds/core/libs/libnds/lib/libnds9.a(window.c.o)
                0x02018eb0                bgWindowDisable
 .text.oamWindowEnable
                0x02018f10       0x44 /opt/wonderful/thirdparty/blocksds/core/libs/libnds/lib/libnds9.a(window.c.o)
                0x02018f10                oamWindowEnable
 .text.oamWindowDisable
                0x02018f54       0x44 /opt/wonderful/thirdparty/blocksds/core/libs/libnds/lib/libnds9.a(window.c.o)
                0x02018f54                oamWindowDisable
 .text.oamInit  0x02018f98      0x100 /opt/wonderful/thirdparty/blocksds/core/libs/libnds/lib/libnds9.a(sprite.c.o)
                0x02018f98                oamInit
 .text.oamSet   0x02019098      0x15c /opt/wonderful/thirdparty/blocksds/core/libs/libnds/lib/libnds9.a(sprite.c.o)
                0x02019098                oamSet
 .text.oamUpdate
                0x020191f4       0x50 /opt/wonderful/thirdparty/blocksds/core/libs/libnds/lib/libnds9.a(sprite.c.o)
                0x020191f4                oamUpdate
 .text.oamRotateScale
                0x02019244       0x4c /opt/wonderful/thirdparty/blocksds/core/libs/libnds/lib/libnds9.a(sprite.c.o)
                0x02019244                oamRotateScale
 .text.oamAllocReset
                0x02019290       0x1c /opt/wonderful/thirdparty/blocksds/core/libs/libnds/lib/libnds9.a(sprite_alloc.c.o)
                0x02019290                oamAllocReset
 .text.checkIfText
                0x020192ac       0x6c /opt/wonderful/thirdparty/blocksds/core/libs/libnds/lib/libnds9.a(background.c.o)
                0x020192ac                checkIfText
 .text.bgUpdate
                0x02019318       0xe8 /opt/wonderful/thirdparty/blocksds/core/libs/libnds/lib/libnds9.a(background.c.o)
                0x02019318                bgUpdate
 .text.bgInitHidden
                0x02019400       0xa4 /opt/wonderful/thirdparty/blocksds/core/libs/libnds/lib/libnds9.a(background.c.o)
                0x02019400                bgInitHidden
 .text.bgInit   0x020194a4       0x48 /opt/wonderful/thirdparty/blocksds/core/libs/libnds/lib/libnds9.a(background.c.o)
                0x020194a4                bgInit
 .text.bgInitHiddenSub
                0x020194ec       0xa4 /opt/wonderful/thirdparty/blocksds/core/libs/libnds/lib/libnds9.a(background.c.o)
                0x020194ec                bgInitHiddenSub
 .text.bgInitSub
                0x02019590       0x48 /opt/wonderful/thirdparty/blocksds/core/libs/libnds/lib/libnds9.a(background.c.o)
                0x02019590                bgInitSub
 .text.bgGetMapPtr
                0x020195d8       0x40 /opt/wonderful/thirdparty/blocksds/core/libs/libnds/lib/libnds9.a(background.c.o)
                0x020195d8                bgGetMapPtr
 .text.bgGetGfxPtr
                0x02019618       0x74 /opt/wonderful/thirdparty/blocksds/core/libs/libnds/lib/libnds9.a(background.c.o)
                0x02019618                bgGetGfxPtr
 .text.setBrightness
                0x0201968c       0x3c /opt/wonderful/thirdparty/blocksds/core/libs/libnds/lib/libnds9.a(video.c.o)
                0x0201968c                setBrightness
 .text.vramDefault
                0x020196c8       0xe4 /opt/wonderful/thirdparty/blocksds/core/libs/libnds/lib/libnds9.a(video.c.o)
                0x020196c8                vramDefault
 .text.dldi_arm7_read_sectors
                0x020197ac       0x5c /opt/wonderful/thirdparty/blocksds/core/libs/libnds/lib/libnds9.a(dldi.c.o)
 .text.dldi_arm7_shutdown
                0x02019808       0x3c /opt/wonderful/thirdparty/blocksds/core/libs/libnds/lib/libnds9.a(dldi.c.o)
 .text.dldi_arm7_clear_status
                0x02019844       0x3c /opt/wonderful/thirdparty/blocksds/core/libs/libnds/lib/libnds9.a(dldi.c.o)
 .text.dldi_arm7_is_inserted
                0x02019880       0x3c /opt/wonderful/thirdparty/blocksds/core/libs/libnds/lib/libnds9.a(dldi.c.o)
 .text.dldi_arm7_startup
                0x020198bc       0x50 /opt/wonderful/thirdparty/blocksds/core/libs/libnds/lib/libnds9.a(dldi.c.o)
 .text.dldi_arm7_write_sectors
                0x0201990c       0x5c /opt/wonderful/thirdparty/blocksds/core/libs/libnds/lib/libnds9.a(dldi.c.o)
 .text.dldiGetMode
                0x02019968        0xc /opt/wonderful/thirdparty/blocksds/core/libs/libnds/lib/libnds9.a(dldi.c.o)
                0x02019968                dldiGetMode
 .text.dldiGetInternal
                0x02019974       0xb0 /opt/wonderful/thirdparty/blocksds/core/libs/libnds/lib/libnds9.a(dldi.c.o)
                0x02019974                dldiGetInternal
 .text.dldiGetStubDataEnd
                0x02019a24       0x20 /opt/wonderful/thirdparty/blocksds/core/libs/libnds/lib/libnds9.a(dldi.c.o)
                0x02019a24                dldiGetStubDataEnd
 .text.dldiGetStubEnd
                0x02019a44        0x8 /opt/wonderful/thirdparty/blocksds/core/libs/libnds/lib/libnds9.a(dldi.c.o)
                0x02019a44                dldiGetStubEnd
 .text.get_io_dsinand
                0x02019a4c       0x18 /opt/wonderful/thirdparty/blocksds/core/libs/libnds/lib/libnds9.a(nandfs.c.o)
                0x02019a4c                get_io_dsinand
 .text.cardReadArm7
                0x02019a64       0x6c /opt/wonderful/thirdparty/blocksds/core/libs/libnds/lib/libnds9.a(card.c.o)
                0x02019a64                cardReadArm7
 .text.get_io_dsisd
                0x02019ad0       0x24 /opt/wonderful/thirdparty/blocksds/core/libs/libnds/lib/libnds9.a(sdmmc.c.o)
                0x02019ad0                get_io_dsisd
 .text.systemErrorExit
                0x02019af4        0x4 /opt/wonderful/thirdparty/blocksds/core/libs/libnds/lib/libnds9.a(exit.c.o)
                0x02019af4                systemErrorExit
 .text.__libnds_exit
                0x02019af8        0x8 /opt/wonderful/thirdparty/blocksds/core/libs/libnds/lib/libnds9.a(exit.c.o)
                0x02019af8                __libnds_exit
 .text._exit    0x02019b00      0x10c /opt/wonderful/thirdparty/blocksds/core/libs/libnds/lib/libnds9.a(exit.c.o)
                0x02019b00                _exit
 .text.reduceHeapSize
                0x02019c0c       0x2c /opt/wonderful/thirdparty/blocksds/core/libs/libnds/lib/libnds9.a(heapfuncs.c.o)
                0x02019c0c                reduceHeapSize
 .text.sbrk     0x02019c38       0x40 /opt/wonderful/thirdparty/blocksds/core/libs/libnds/lib/libnds9.a(sbrk.c.o)
                0x02019c38                sbrk
 .text.cothread_delete_internal
                0x02019c78       0xb4 /opt/wonderful/thirdparty/blocksds/core/libs/libnds/lib/libnds9.a(threads.c.o)
 .text.cothread_main
                0x02019d2c       0x1c /opt/wonderful/thirdparty/blocksds/core/libs/libnds/lib/libnds9.a(threads.c.o)
                0x02019d2c                cothread_main
 .text.cothread_yield
                0x02019d48       0x20 /opt/wonderful/thirdparty/blocksds/core/libs/libnds/lib/libnds9.a(threads.c.o)
                0x02019d48                cothread_yield
 .text.cothread_yield_irq
                0x02019d68       0xa8 /opt/wonderful/thirdparty/blocksds/core/libs/libnds/lib/libnds9.a(threads.c.o)
                0x02019d68                cothread_yield_irq
 .text.cothread_start
                0x02019e10      0x114 /opt/wonderful/thirdparty/blocksds/core/libs/libnds/lib/libnds9.a(threads.c.o)
                0x02019e10                cothread_start
 .text.fifo_buffer_wait_block
                0x02019f24       0x74 /opt/wonderful/thirdparty/blocksds/core/libs/libnds/lib/libnds9.a(fifosystem.c.o)
 .text.fifoFillTxFifoFromBuffer
                0x02019f98       0xac /opt/wonderful/thirdparty/blocksds/core/libs/libnds/lib/libnds9.a(fifosystem.c.o)
 .text.fifoInternalSendInterrupt
                0x0201a044        0x8 /opt/wonderful/thirdparty/blocksds/core/libs/libnds/lib/libnds9.a(fifosystem.c.o)
 .text.fifoInternalSend.part.0
                0x0201a04c       0xc4 /opt/wonderful/thirdparty/blocksds/core/libs/libnds/lib/libnds9.a(fifosystem.c.o)
 .text.fifoSendAddress
                0x0201a110       0x28 /opt/wonderful/thirdparty/blocksds/core/libs/libnds/lib/libnds9.a(fifosystem.c.o)
                0x0201a110                fifoSendAddress
 .text.fifoSendValue32
                0x0201a138       0x40 /opt/wonderful/thirdparty/blocksds/core/libs/libnds/lib/libnds9.a(fifosystem.c.o)
                0x0201a138                fifoSendValue32
 .text.fifoSendDatamsg
                0x0201a178       0x84 /opt/wonderful/thirdparty/blocksds/core/libs/libnds/lib/libnds9.a(fifosystem.c.o)
                0x0201a178                fifoSendDatamsg
 .text.fifoGetDatamsg
                0x0201a1fc       0xdc /opt/wonderful/thirdparty/blocksds/core/libs/libnds/lib/libnds9.a(fifosystem.c.o)
                0x0201a1fc                fifoGetDatamsg
 .text.fifoReadRxFifoAndProcessBuffer
                0x0201a2d8      0x348 /opt/wonderful/thirdparty/blocksds/core/libs/libnds/lib/libnds9.a(fifosystem.c.o)
 .text.fifoGetAddress
                0x0201a620       0x7c /opt/wonderful/thirdparty/blocksds/core/libs/libnds/lib/libnds9.a(fifosystem.c.o)
                0x0201a620                fifoGetAddress
 .text.fifoGetValue32
                0x0201a69c       0x7c /opt/wonderful/thirdparty/blocksds/core/libs/libnds/lib/libnds9.a(fifosystem.c.o)
                0x0201a69c                fifoGetValue32
 .text.fifoInternalRecvInterrupt
                0x0201a718        0x8 /opt/wonderful/thirdparty/blocksds/core/libs/libnds/lib/libnds9.a(fifosystem.c.o)
 .text.fifoSetValue32Handler
                0x0201a720       0xd0 /opt/wonderful/thirdparty/blocksds/core/libs/libnds/lib/libnds9.a(fifosystem.c.o)
                0x0201a720                fifoSetValue32Handler
 .text.fifoSetDatamsgHandler
                0x0201a7f0       0xa8 /opt/wonderful/thirdparty/blocksds/core/libs/libnds/lib/libnds9.a(fifosystem.c.o)
                0x0201a7f0                fifoSetDatamsgHandler
 .text.fifoCheckAddress
                0x0201a898       0x34 /opt/wonderful/thirdparty/blocksds/core/libs/libnds/lib/libnds9.a(fifosystem.c.o)
                0x0201a898                fifoCheckAddress
 .text.fifoCheckValue32
                0x0201a8cc       0x34 /opt/wonderful/thirdparty/blocksds/core/libs/libnds/lib/libnds9.a(fifosystem.c.o)
                0x0201a8cc                fifoCheckValue32
 .text.fifoInit
                0x0201a900      0x138 /opt/wonderful/thirdparty/blocksds/core/libs/libnds/lib/libnds9.a(fifosystem.c.o)
                0x0201a900                fifoInit
 .text.fifoMutexAcquire
                0x0201aa38       0x34 /opt/wonderful/thirdparty/blocksds/core/libs/libnds/lib/libnds9.a(fifosystem.c.o)
                0x0201aa38                fifoMutexAcquire
 .text.fifoMutexRelease
                0x0201aa6c       0x20 /opt/wonderful/thirdparty/blocksds/core/libs/libnds/lib/libnds9.a(fifosystem.c.o)
                0x0201aa6c                fifoMutexRelease
 .text.setExceptionHandler
                0x0201aa8c       0x18 /opt/wonderful/thirdparty/blocksds/core/libs/libnds/lib/libnds9.a(exceptions.c.o)
                0x0201aa8c                setExceptionHandler
 .text.libndsCrash
                0x0201aaa4        0xc /opt/wonderful/thirdparty/blocksds/core/libs/libnds/lib/libnds9.a(exceptions.c.o)
                0x0201aaa4                libndsCrash
 .text.irqSet   0x0201aab0       0x90 /opt/wonderful/thirdparty/blocksds/core/libs/libnds/lib/libnds9.a(interrupts.c.o)
                0x0201aab0                irqSet
 .text.irqInit  0x0201ab40       0x44 /opt/wonderful/thirdparty/blocksds/core/libs/libnds/lib/libnds9.a(interrupts.c.o)
                0x0201ab40                irqInit
 .text.irqEnable
                0x0201ab84       0x70 /opt/wonderful/thirdparty/blocksds/core/libs/libnds/lib/libnds9.a(interrupts.c.o)
                0x0201ab84                irqEnable
 .text.__ndsabi_coro_make_noctx
                0x0201abf4       0x28 /opt/wonderful/thirdparty/blocksds/core/libs/libnds/lib/libnds9.a(coroutine.c.o)
                0x0201abf4                __ndsabi_coro_make_noctx
 .text.cardPolledTransfer
                0x0201ac1c       0x5c /opt/wonderful/thirdparty/blocksds/core/libs/libnds/lib/libnds9.a(card.c.o)
                0x0201ac1c                cardPolledTransfer
 .text.cardRead
                0x0201ac78      0x17c /opt/wonderful/thirdparty/blocksds/core/libs/libnds/lib/libnds9.a(card.c.o)
                0x0201ac78                cardRead
 .text.tchar2uni
                0x0201adf4       0xb8 /opt/wonderful/thirdparty/blocksds/core/libs/libnds/lib/libnds9.a(ff.c.o)
 .text.get_ldnumber
                0x0201aeac       0xdc /opt/wonderful/thirdparty/blocksds/core/libs/libnds/lib/libnds9.a(ff.c.o)
 .text.put_utf  0x0201af88       0xf8 /opt/wonderful/thirdparty/blocksds/core/libs/libnds/lib/libnds9.a(ff.c.o)
 .text.get_fileinfo
                0x0201b080      0x194 /opt/wonderful/thirdparty/blocksds/core/libs/libnds/lib/libnds9.a(ff.c.o)
 .text.sync_window.part.0
                0x0201b214       0x48 /opt/wonderful/thirdparty/blocksds/core/libs/libnds/lib/libnds9.a(ff.c.o)
 .text.dir_clear
                0x0201b25c       0xe8 /opt/wonderful/thirdparty/blocksds/core/libs/libnds/lib/libnds9.a(ff.c.o)
 .text.sync_fs  0x0201b344       0x88 /opt/wonderful/thirdparty/blocksds/core/libs/libnds/lib/libnds9.a(ff.c.o)
 .text.move_window
                0x0201b3cc       0x44 /opt/wonderful/thirdparty/blocksds/core/libs/libnds/lib/libnds9.a(ff.c.o)
 .text.unlock_volume.part.0.isra.0
                0x0201b410        0x8 /opt/wonderful/thirdparty/blocksds/core/libs/libnds/lib/libnds9.a(ff.c.o)
 .text.get_fat.isra.0
                0x0201b418       0xb8 /opt/wonderful/thirdparty/blocksds/core/libs/libnds/lib/libnds9.a(ff.c.o)
 .text.dir_sdi  0x0201b4d0       0x9c /opt/wonderful/thirdparty/blocksds/core/libs/libnds/lib/libnds9.a(ff.c.o)
 .text.validate
                0x0201b56c       0x60 /opt/wonderful/thirdparty/blocksds/core/libs/libnds/lib/libnds9.a(ff.c.o)
 .text.check_fs
                0x0201b5cc      0x14c /opt/wonderful/thirdparty/blocksds/core/libs/libnds/lib/libnds9.a(ff.c.o)
 .text.mount_volume
                0x0201b718      0x39c /opt/wonderful/thirdparty/blocksds/core/libs/libnds/lib/libnds9.a(ff.c.o)
 .text.put_fat.part.0
                0x0201bab4      0x14c /opt/wonderful/thirdparty/blocksds/core/libs/libnds/lib/libnds9.a(ff.c.o)
 .text.remove_chain
                0x0201bc00       0x8c /opt/wonderful/thirdparty/blocksds/core/libs/libnds/lib/libnds9.a(ff.c.o)
 .text.create_chain
                0x0201bc8c      0x128 /opt/wonderful/thirdparty/blocksds/core/libs/libnds/lib/libnds9.a(ff.c.o)
 .text.dir_next
                0x0201bdb4       0xdc /opt/wonderful/thirdparty/blocksds/core/libs/libnds/lib/libnds9.a(ff.c.o)
 .text.dir_alloc
                0x0201be90       0x4c /opt/wonderful/thirdparty/blocksds/core/libs/libnds/lib/libnds9.a(ff.c.o)
 .text.dir_find
                0x0201bedc      0x1e0 /opt/wonderful/thirdparty/blocksds/core/libs/libnds/lib/libnds9.a(ff.c.o)
 .text.follow_path
                0x0201c0bc      0x408 /opt/wonderful/thirdparty/blocksds/core/libs/libnds/lib/libnds9.a(ff.c.o)
 .text.dir_register
                0x0201c4c4      0x2e4 /opt/wonderful/thirdparty/blocksds/core/libs/libnds/lib/libnds9.a(ff.c.o)
 .text.f_mount  0x0201c7a8       0x9c /opt/wonderful/thirdparty/blocksds/core/libs/libnds/lib/libnds9.a(ff.c.o)
                0x0201c7a8                libnds_f_mount
 .text.f_open   0x0201c844      0x2b4 /opt/wonderful/thirdparty/blocksds/core/libs/libnds/lib/libnds9.a(ff.c.o)
                0x0201c844                libnds_f_open
 .text.f_read   0x0201caf8      0x288 /opt/wonderful/thirdparty/blocksds/core/libs/libnds/lib/libnds9.a(ff.c.o)
                0x0201caf8                libnds_f_read
 .text.f_write  0x0201cd80      0x2d8 /opt/wonderful/thirdparty/blocksds/core/libs/libnds/lib/libnds9.a(ff.c.o)
                0x0201cd80                libnds_f_write
 .text.f_sync   0x0201d058       0xc8 /opt/wonderful/thirdparty/blocksds/core/libs/libnds/lib/libnds9.a(ff.c.o)
                0x0201d058                libnds_f_sync
 .text.f_close  0x0201d120       0x30 /opt/wonderful/thirdparty/blocksds/core/libs/libnds/lib/libnds9.a(ff.c.o)
                0x0201d120                libnds_f_close
 .text.f_chdrive
                0x0201d150       0x24 /opt/wonderful/thirdparty/blocksds/core/libs/libnds/lib/libnds9.a(ff.c.o)
                0x0201d150                libnds_f_chdrive
 .text.f_chdir  0x0201d174       0xb0 /opt/wonderful/thirdparty/blocksds/core/libs/libnds/lib/libnds9.a(ff.c.o)
                0x0201d174                libnds_f_chdir
 .text.f_lseek  0x0201d224      0x354 /opt/wonderful/thirdparty/blocksds/core/libs/libnds/lib/libnds9.a(ff.c.o)
                0x0201d224                libnds_f_lseek
 .text.f_stat   0x0201d578       0xd8 /opt/wonderful/thirdparty/blocksds/core/libs/libnds/lib/libnds9.a(ff.c.o)
                0x0201d578                libnds_f_stat
 .text.__aeabi_read_tp
                0x0201d650        0xc /opt/wonderful/thirdparty/blocksds/core/libs/libnds/lib/libnds9.a(aeabi_read_tp.s.o)
                0x0201d650                __aeabi_read_tp
 .text.enterException
                0x0201d65c       0xd4 /opt/wonderful/thirdparty/blocksds/core/libs/libnds/lib/libnds9.a(exceptionHandler.s.o)
                0x0201d65c                enterException
                0x0201d6d0                exceptionC
                0x0201d6d4                exceptionStack
                0x0201d6d8                exceptionRegisters
 .text.__ndsabi_coro_resume
                0x0201d730       0x18 /opt/wonderful/thirdparty/blocksds/core/libs/libnds/lib/libnds9.a(coroutine.s.o)
                0x0201d730                __ndsabi_coro_resume
 .text.__ndsabi_coro_yield
                0x0201d748       0x1c /opt/wonderful/thirdparty/blocksds/core/libs/libnds/lib/libnds9.a(coroutine.s.o)
                0x0201d748                __ndsabi_coro_yield
 .text.__ndsabi_coro_pop_noctx
                0x0201d764       0x34 /opt/wonderful/thirdparty/blocksds/core/libs/libnds/lib/libnds9.a(coroutine.s.o)
                0x0201d764                __ndsabi_coro_pop_noctx
 .text.disk_status
                0x0201d798       0x64 /opt/wonderful/thirdparty/blocksds/core/libs/libnds/lib/libnds9.a(diskio.c.o)
                0x0201d798                libnds_disk_status
 .text.disk_initialize
                0x0201d7fc       0x74 /opt/wonderful/thirdparty/blocksds/core/libs/libnds/lib/libnds9.a(diskio.c.o)
                0x0201d7fc                libnds_disk_initialize
 .text.disk_read
                0x0201d870      0x104 /opt/wonderful/thirdparty/blocksds/core/libs/libnds/lib/libnds9.a(diskio.c.o)
                0x0201d870                libnds_disk_read
 .text.disk_write
                0x0201d974       0xbc /opt/wonderful/thirdparty/blocksds/core/libs/libnds/lib/libnds9.a(diskio.c.o)
                0x0201d974                libnds_disk_write
 .text.disk_ioctl
                0x0201da30       0x48 /opt/wonderful/thirdparty/blocksds/core/libs/libnds/lib/libnds9.a(diskio.c.o)
                0x0201da30                libnds_disk_ioctl
 .text.get_fattime
                0x0201da78       0x1c /opt/wonderful/thirdparty/blocksds/core/libs/libnds/lib/libnds9.a(diskio.c.o)
                0x0201da78                libnds_ff_get_fattime
 .text.ff_mutex_create
                0x0201da94       0x10 /opt/wonderful/thirdparty/blocksds/core/libs/libnds/lib/libnds9.a(ffsystem.c.o)
                0x0201da94                libnds_ff_mutex_create
 .text.ff_mutex_delete
                0x0201daa4        0x4 /opt/wonderful/thirdparty/blocksds/core/libs/libnds/lib/libnds9.a(ffsystem.c.o)
                0x0201daa4                libnds_ff_mutex_delete
 .text.ff_mutex_take
                0x0201daa8       0x30 /opt/wonderful/thirdparty/blocksds/core/libs/libnds/lib/libnds9.a(ffsystem.c.o)
                0x0201daa8                libnds_ff_mutex_take
 .text.ff_mutex_give
                0x0201dad8       0x1c /opt/wonderful/thirdparty/blocksds/core/libs/libnds/lib/libnds9.a(ffsystem.c.o)
                0x0201dad8                libnds_ff_mutex_give
 .text.cache_initialized
                0x0201daf4       0x10 /opt/wonderful/thirdparty/blocksds/core/libs/libnds/lib/libnds9.a(cache.c.o)
                0x0201daf4                cache_initialized
 .text.cache_init
                0x0201db04       0xac /opt/wonderful/thirdparty/blocksds/core/libs/libnds/lib/libnds9.a(cache.c.o)
                0x0201db04                cache_init
 .text.cache_sector_get
                0x0201dbb0       0x70 /opt/wonderful/thirdparty/blocksds/core/libs/libnds/lib/libnds9.a(cache.c.o)
                0x0201dbb0                cache_sector_get
 .text.cache_sector_add
                0x0201dc20       0xb0 /opt/wonderful/thirdparty/blocksds/core/libs/libnds/lib/libnds9.a(cache.c.o)
                0x0201dc20                cache_sector_add
 .text.cache_sector_invalidate
                0x0201dcd0       0x4c /opt/wonderful/thirdparty/blocksds/core/libs/libnds/lib/libnds9.a(cache.c.o)
                0x0201dcd0                cache_sector_invalidate
 .text.fat_open
                0x0201dd1c       0xac /opt/wonderful/thirdparty/blocksds/core/libs/libnds/lib/libnds9.a(fat_device.c.o)
                0x0201dd1c                fat_open
 .text.fat_read
                0x0201ddc8       0x34 /opt/wonderful/thirdparty/blocksds/core/libs/libnds/lib/libnds9.a(fat_device.c.o)
                0x0201ddc8                fat_read
 .text.fat_write
                0x0201ddfc       0x34 /opt/wonderful/thirdparty/blocksds/core/libs/libnds/lib/libnds9.a(fat_device.c.o)
                0x0201ddfc                fat_write
 .text.fat_close
                0x0201de30       0x40 /opt/wonderful/thirdparty/blocksds/core/libs/libnds/lib/libnds9.a(fat_device.c.o)
                0x0201de30                fat_close
 .text.fat_lseek
                0x0201de70       0x58 /opt/wonderful/thirdparty/blocksds/core/libs/libnds/lib/libnds9.a(fat_device.c.o)
                0x0201de70                fat_lseek
 .text.fat_access
                0x0201dec8       0x64 /opt/wonderful/thirdparty/blocksds/core/libs/libnds/lib/libnds9.a(fat_device.c.o)
                0x0201dec8                fat_access
 .text.fat_chdir
                0x0201df2c       0x28 /opt/wonderful/thirdparty/blocksds/core/libs/libnds/lib/libnds9.a(fat_device.c.o)
                0x0201df2c                fat_chdir
 .text.fat_chdrive
                0x0201df54       0x60 /opt/wonderful/thirdparty/blocksds/core/libs/libnds/lib/libnds9.a(fat_device.c.o)
                0x0201df54                fat_chdrive
 .text.fat_isdrive
                0x0201dfb4       0x4c /opt/wonderful/thirdparty/blocksds/core/libs/libnds/lib/libnds9.a(fat_device.c.o)
                0x0201dfb4                fat_isdrive
 .text.picolibc_stdin_fn_read_hook
                0x0201e000       0x28 /opt/wonderful/thirdparty/blocksds/core/libs/libnds/lib/libnds9.a(std_streams.c.o)
 .text.putc_buffered.isra.0
                0x0201e028       0x84 /opt/wonderful/thirdparty/blocksds/core/libs/libnds/lib/libnds9.a(std_streams.c.o)
 .text.write_stdout_libnds
                0x0201e0ac       0x84 /opt/wonderful/thirdparty/blocksds/core/libs/libnds/lib/libnds9.a(std_streams.c.o)
                0x0201e0ac                write_stdout_libnds
 .text.write_stderr_libnds
                0x0201e130       0x4c /opt/wonderful/thirdparty/blocksds/core/libs/libnds/lib/libnds9.a(std_streams.c.o)
                0x0201e130                write_stderr_libnds
 .text.releaseCrashHandler
                0x0201e17c       0x7c /opt/wonderful/thirdparty/blocksds/core/libs/libnds/lib/libnds9.a(exceptions.c.o)
 .text.exceptionStatePrint
                0x0201e1f8       0xf4 /opt/wonderful/thirdparty/blocksds/core/libs/libnds/lib/libnds9.a(exceptions.c.o)
                0x0201e1f8                exceptionStatePrint
 .text.releaseExceptionHandler
                0x0201e2ec       0x10 /opt/wonderful/thirdparty/blocksds/core/libs/libnds/lib/libnds9.a(exceptions.c.o)
                0x0201e2ec                releaseExceptionHandler
 .text.systemValueHandler
                0x0201e2fc       0xc4 /opt/wonderful/thirdparty/blocksds/core/libs/libnds/lib/libnds9.a(system.c.o)
                0x0201e2fc                systemValueHandler
 .text.systemMsgHandler
                0x0201e3c0       0x2c /opt/wonderful/thirdparty/blocksds/core/libs/libnds/lib/libnds9.a(system.c.o)
                0x0201e3c0                systemMsgHandler
 .text.memBufferIsInMainRam
                0x0201e3ec       0x20 /opt/wonderful/thirdparty/blocksds/core/libs/libnds/lib/libnds9.a(system.c.o)
                0x0201e3ec                memBufferIsInMainRam
 .text.__retarget_lock_init_recursive
                0x0201e40c       0x44 /opt/wonderful/thirdparty/blocksds/core/libs/libnds/lib/libnds9.a(locks.c.o)
                0x0201e40c                __retarget_lock_init_recursive
 .text.__retarget_lock_acquire_recursive
                0x0201e450       0x70 /opt/wonderful/thirdparty/blocksds/core/libs/libnds/lib/libnds9.a(locks.c.o)
                0x0201e450                __retarget_lock_acquire_recursive
 .text.__retarget_lock_release_recursive
                0x0201e4c0       0x58 /opt/wonderful/thirdparty/blocksds/core/libs/libnds/lib/libnds9.a(locks.c.o)
                0x0201e4c0                __retarget_lock_release_recursive
 .text.__retarget_lock_init
                0x0201e518        0x8 /opt/wonderful/thirdparty/blocksds/core/libs/libnds/lib/libnds9.a(locks.c.o)
                0x0201e518                __retarget_lock_init
 .text.__retarget_lock_close
                0x0201e520       0x30 /opt/wonderful/thirdparty/blocksds/core/libs/libnds/lib/libnds9.a(locks.c.o)
                0x0201e520                __retarget_lock_close
 .text.__retarget_lock_acquire
                0x0201e550        0x8 /opt/wonderful/thirdparty/blocksds/core/libs/libnds/lib/libnds9.a(locks.c.o)
                0x0201e550                __retarget_lock_acquire
 .text.__retarget_lock_release
                0x0201e558        0x8 /opt/wonderful/thirdparty/blocksds/core/libs/libnds/lib/libnds9.a(locks.c.o)
                0x0201e558                __retarget_lock_release
 .text.ff_uni2oem
                0x0201e560       0x40 /opt/wonderful/thirdparty/blocksds/core/libs/libnds/lib/libnds9.a(ffunicode.c.o)
                0x0201e560                libnds_ff_uni2oem
 .text.ff_oem2uni
                0x0201e5a0       0x28 /opt/wonderful/thirdparty/blocksds/core/libs/libnds/lib/libnds9.a(ffunicode.c.o)
                0x0201e5a0                libnds_ff_oem2uni
 .text.ff_wtoupper