Archive member included to satisfy reference by file (symbol)

/opt/wonderful/thirdparty/blocksds/external/nflib/lib/libnflib.a(nf_basic.c.o)
                              build/Punch-A-Rooney/source/game.cpp.o (NF_SetRootFolder)
/opt/wonderful/thirdparty/blocksds/external/nflib/lib/libnflib.a(nf_tiledbg.c.o)
                              build/Punch-A-Rooney/source/game.cpp.o (NF_InitTiledBgBuffers)
/opt/wonderful/thirdparty/blocksds/external/nflib/lib/libnflib.a(nf_text.c.o)
                              build/Punch-A-Rooney/source/game.cpp.o (NF_InitTextSys)
/opt/wonderful/thirdparty/blocksds/external/nflib/lib/libnflib.a(nf_affinebg.c.o)
                              build/Punch-A-Rooney/source/game.cpp.o (NF_InitAffineBgSys)
/opt/wonderful/thirdparty/blocksds/external/nflib/lib/libnflib.a(nf_sprite256.c.o)
                              build/Punch-A-Rooney/source/game.cpp.o (NF_InitSpriteBuffers)
/opt/wonderful/thirdparty/blocksds/external/nflib/lib/libnflib.a(nf_2d.c.o)
                              build/Punch-A-Rooney/source/game.cpp.o (NF_Set2D)
/opt/wonderful/thirdparty/blocksds/core/libs/dswifi/lib/libdswifi9_noip.a(access_point.c.o)
                              build/Punch-A-Rooney/source/multiplayer.cpp.o (Wifi_GetNumAP)
/opt/wonderful/thirdparty/blocksds/core/libs/dswifi/lib/libdswifi9_noip.a(multiplayer.c.o)
                              build/Punch-A-Rooney/source/multiplayer.cpp.o (Wifi_MultiplayerGetNumClients)
/opt/wonderful/thirdparty/blocksds/core/libs/dswifi/lib/libdswifi9_noip.a(beacon.c.o)
                              build/Punch-A-Rooney/source/multiplayer.cpp.o (Wifi_BeaconStart)
/opt/wonderful/thirdparty/blocksds/core/libs/dswifi/lib/libdswifi9_noip.a(rx_tx_queue.c.o)
                              build/Punch-A-Rooney/source/multiplayer.cpp.o (Wifi_MultiplayerHostCmdTxFrame)
/opt/wonderful/thirdparty/blocksds/core/libs/dswifi/lib/libdswifi9_noip.a(ipc.c.o)
                              /opt/wonderful/thirdparty/blocksds/core/libs/dswifi/lib/libdswifi9_noip.a(beacon.c.o) (Wifi_CallSyncHandler)
/opt/wonderful/thirdparty/blocksds/core/libs/dswifi/lib/libdswifi9_noip.a(mac_addresses.c.o)
                              /opt/wonderful/thirdparty/blocksds/core/libs/dswifi/lib/libdswifi9_noip.a(multiplayer.c.o) (wifi_reply_mac)
/opt/wonderful/thirdparty/blocksds/core/libs/dswifi/lib/libdswifi9_noip.a(spinlock.s.o)
                              /opt/wonderful/thirdparty/blocksds/core/libs/dswifi/lib/libdswifi9_noip.a(access_point.c.o) (SLasm_Acquire)
/opt/wonderful/thirdparty/blocksds/core/libs/dswifi/lib/libdswifi9_noip.a(wifi_arm9.c.o)
                              /opt/wonderful/thirdparty/blocksds/core/libs/dswifi/lib/libdswifi9_noip.a(ipc.c.o) (Wifi_Update)
/opt/wonderful/thirdparty/blocksds/core/libs/libnds/lib/libnds9.a(cp15.s.o)
                              /opt/wonderful/thirdparty/blocksds/core/sys/crts/ds_arm9_crt0.o (CP15_FlushICache)
/opt/wonderful/thirdparty/blocksds/core/libs/libnds/lib/libnds9.a(mpu_setup.s.o)
                              /opt/wonderful/thirdparty/blocksds/core/sys/crts/ds_arm9_crt0.o (__libnds_mpu_setup)
/opt/wonderful/thirdparty/blocksds/core/libs/libnds/lib/libnds9.a(memset.s.o)
                              build/Punch-A-Rooney/source/save.cpp.o (memset)
/opt/wonderful/thirdparty/blocksds/core/libs/libnds/lib/libnds9.a(memcpy.s.o)
                              build/Punch-A-Rooney/source/menu.cpp.o (memcpy)
/opt/wonderful/thirdparty/blocksds/core/libs/libnds/lib/libnds9.a(dma.s.o)
                              /opt/wonderful/thirdparty/blocksds/external/nflib/lib/libnflib.a(nf_basic.c.o) (dmaSetParams)
/opt/wonderful/thirdparty/blocksds/core/libs/libnds/lib/libnds9.a(debugprint.s.o)
                              build/Punch-A-Rooney/source/game.cpp.o (nocashMessage)
/opt/wonderful/thirdparty/blocksds/core/libs/libnds/lib/libnds9.a(crt0_argv.c.o)
                              /opt/wonderful/thirdparty/blocksds/core/sys/crts/ds_arm9_crt0.o (build_argv)
/opt/wonderful/thirdparty/blocksds/core/libs/libnds/lib/libnds9.a(assert.c.o)
                              /opt/wonderful/thirdparty/blocksds/core/libs/dswifi/lib/libdswifi9_noip.a(beacon.c.o) (__assert_func)
/opt/wonderful/thirdparty/blocksds/core/libs/libnds/lib/libnds9.a(filesystem_setup.c.o)
                              build/Punch-A-Rooney/source/game.cpp.o (fatInitDefault)
/opt/wonderful/thirdparty/blocksds/core/libs/libnds/lib/libnds9.a(nitrofs_device.c.o)
                              build/Punch-A-Rooney/source/game.cpp.o (nitroFSInit)
/opt/wonderful/thirdparty/blocksds/core/libs/libnds/lib/libnds9.a(device_io.c.o)
                              /opt/wonderful/thirdparty/blocksds/core/libs/libnds/lib/libnds9.a(nitrofs_device.c.o) (current_drive_index)
/opt/wonderful/thirdparty/blocksds/core/libs/libnds/lib/libnds9.a(syscalls_filesystem.c.o)
                              /opt/wonderful/thirdparty/blocksds/core/libs/libnds/lib/libnds9.a(nitrofs_device.c.o) (open)
[...]
Memory Configuration

Name             Origin             Length             Attributes
ewram            0x02000000         0x00380000
dtcm             0x02ff4000         0x00004000
itcm             0x01000000         0x00008000
*default*        0x00000000         0xffffffff

Linker script and memory map

                0x00000000                        PROVIDE (__dtcm_data_size = 0x0)
                0x00000001                        ASSERT (((__dtcm_data_size & 0x3) == 0x0), __dtcm_data_size must be a multiple of 4)
                0x00004000                        PROVIDE (__dldi_size = 0x4000)
                0x00000040                        PROVIDE (__dtcm_reserved_size = 0x40)
                0x00000001                        ASSERT (((__dtcm_reserved_size & 0x3) == 0x0), __dtcm_reserved_size must be a multiple of 4)
                0x00000100                        PROVIDE (__svc_stack_size = 0x100)
                0x00000001                        ASSERT (((__svc_stack_size & 0x3) == 0x0), __svc_stack_size must be a multiple of 4)
                0x00000100                        PROVIDE (__irq_stack_size = 0x100)
                0x00000001                        ASSERT (((__irq_stack_size & 0x3) == 0x0), __irq_stack_size must be a multiple of 4)
                0x00000000                        PROVIDE (__usr_stack_size = 0x0)
                0x00000001                        ASSERT (((__usr_stack_size & 0x3) == 0x0), __usr_stack_size must be a multiple of 4)
                0x02380000                        __ewram_end = (ORIGIN (ewram) + LENGTH (ewram))
                0x02380000                        __eheap_end = (ORIGIN (ewram) + LENGTH (ewram))
                0x02ff4000                        __dtcm_start = ORIGIN (dtcm)
                0x02ff8000                        __dtcm_top = (ORIGIN (dtcm) + LENGTH (dtcm))
                0x02ff7ff8                        __irq_flags = (__dtcm_top - 0x8)
                0x02ff7ffc                        __irq_vector = (__dtcm_top - 0x4)
                0x02ff7fc0                        __sp_svc = (__dtcm_top - __dtcm_reserved_size)
                0x02ff7ec0                        __sp_irq = (__sp_svc - __svc_stack_size)
                0x02ff7dc0                        __sp_usr = ((__sp_irq - __irq_stack_size) - __dtcm_data_size)
                0x02ff4000                        __dtcm_data_start = (__dtcm_data_size > 0x0)?__sp_usr:ORIGIN (dtcm)
                0x02ff7dc0                        __dtcm_data_top = (__dtcm_data_size > 0x0)?(__sp_irq - __irq_stack_size):(__sp_usr - __usr_stack_size)
                0x0000000e                        __dldi_log2_size = (LOG2CEIL ((__dldi_size + 0x1)) - 0x1)

.secure         0x02000000      0x800
 *(.secure)
 .secure        0x02000000      0x800 /opt/wonderful/thirdparty/blocksds/core/libs/libnds/lib/libnds9.a(securearea.c.o)
                0x02000000                __secure_area__

.crt0           0x02000800      0x2e4
                0x02000800                        __text_start = .
 *(.crt0)
 .crt0          0x02000800      0x2e4 /opt/wonderful/thirdparty/blocksds/core/sys/crts/ds_arm9_crt0.o
                0x02000800                _start
                0x02000ae4                        . = ALIGN (0x4)

.dldi           0x02000b00     0x4000
                0x02000b00                        __dldi_start = .
 *(.dldi)
 .dldi          0x02000b00       0x88 /opt/wonderful/thirdparty/blocksds/core/libs/libnds/lib/libnds9.a(dldi_stub.s.o)
                0x02000b00                _io_dldi_stub
                0x02000b88                        . = ALIGN (0x4)
                0x02000b88                        __dldi_data_end = .
                0x02004b00                        __dldi_end = (__dldi_data_end > __dldi_start)?(__dldi_start + __dldi_size):__dldi_start
                0x02004b00                        . = __dldi_end
 *fill*         0x02000b88     0x3f78 00
                0x02004b00                        . = ALIGN (0x4)

.plt
 *(.plt)

.init           0x02004b00        0x8
 *(SORT_NONE(.init))
 .init          0x02004b00        0x8 /opt/wonderful/toolchain/gcc-arm-none-eabi/lib/gcc/arm-none-eabi/16.1.1/thumb/arm946e-s/crtn.o

.text           0x02004b08    0x20e30
 *(EXCLUDE_FILE(*.twl* *.itcm*) .text)
 .text          0x02004b08       0x14 /opt/wonderful/toolchain/gcc-arm-none-eabi/lib/gcc/arm-none-eabi/16.1.1/../../../../arm-none-eabi/lib/thumb/arm946e-s/libc.a(strcmp.S.o)
                0x02004b08                strcmp
 .text          0x02004b1c       0x10 /opt/wonderful/toolchain/gcc-arm-none-eabi/lib/gcc/arm-none-eabi/16.1.1/../../../../arm-none-eabi/lib/thumb/arm946e-s/libc.a(strcpy.S.o)
                0x02004b1c                strcpy
 .text          0x02004b2c        0xe /opt/wonderful/toolchain/gcc-arm-none-eabi/lib/gcc/arm-none-eabi/16.1.1/../../../../arm-none-eabi/lib/thumb/arm946e-s/libc.a(strlen.S.o)
                0x02004b2c                strlen
 *fill*         0x02004b3a        0x2 ff
 .text          0x02004b3c       0x14 /opt/wonderful/toolchain/gcc-arm-none-eabi/lib/gcc/arm-none-eabi/16.1.1/thumb/arm946e-s/libgcc.a(_thumb1_case_uqi.o)
                0x02004b3c                __gnu_thumb1_case_uqi
 .text          0x02004b50       0x14 /opt/wonderful/toolchain/gcc-arm-none-eabi/lib/gcc/arm-none-eabi/16.1.1/thumb/arm946e-s/libgcc.a(_thumb1_case_uhi.o)
                0x02004b50                __gnu_thumb1_case_uhi
 .text          0x02004b64      0x214 /opt/wonderful/toolchain/gcc-arm-none-eabi/lib/gcc/arm-none-eabi/16.1.1/thumb/arm946e-s/libgcc.a(_udivsi3.o)
                0x02004b64                __udivsi3
                0x02004b64                __aeabi_uidiv
                0x02004d58                __aeabi_uidivmod
 .text          0x02004d78      0x248 /opt/wonderful/toolchain/gcc-arm-none-eabi/lib/gcc/arm-none-eabi/16.1.1/thumb/arm946e-s/libgcc.a(_divsi3.o)
                0x02004d78                __aeabi_idiv
                0x02004d78                __divsi3
                0x02004fa0                __aeabi_idivmod
 .text          0x02004fc0        0x4 /opt/wonderful/toolchain/gcc-arm-none-eabi/lib/gcc/arm-none-eabi/16.1.1/thumb/arm946e-s/libgcc.a(_dvmd_tls.o)
                0x02004fc0                __aeabi_ldiv0
                0x02004fc0                __aeabi_idiv0
 .text          0x02004fc4       0x18 /opt/wonderful/toolchain/gcc-arm-none-eabi/lib/gcc/arm-none-eabi/16.1.1/thumb/arm946e-s/libgcc.a(_lshrdi3.o)
                0x02004fc4                __aeabi_llsr
                0x02004fc4                __lshrdi3
 .text          0x02004fdc       0x1c /opt/wonderful/toolchain/gcc-arm-none-eabi/lib/gcc/arm-none-eabi/16.1.1/thumb/arm946e-s/libgcc.a(_ashrdi3.o)
                0x02004fdc                __ashrdi3
                0x02004fdc                __aeabi_lasr
 .text          0x02004ff8       0x18 /opt/wonderful/toolchain/gcc-arm-none-eabi/lib/gcc/arm-none-eabi/16.1.1/thumb/arm946e-s/libgcc.a(_ashldi3.o)
                0x02004ff8                __ashldi3
                0x02004ff8                __aeabi_llsl
 .text          0x02005010      0x3c0 /opt/wonderful/toolchain/gcc-arm-none-eabi/lib/gcc/arm-none-eabi/16.1.1/thumb/arm946e-s/libgcc.a(_arm_addsubdf3.o)
                0x02005010                __aeabi_drsub
                0x02005018                __subdf3
                0x02005018                __aeabi_dsub
                0x0200501c                __adddf3
                0x0200501c                __aeabi_dadd
                0x020052c8                __aeabi_ui2d
                0x020052c8                __floatunsidf
                0x020052ec                __floatsidf
                0x020052ec                __aeabi_i2d
                0x02005314                __extendsfdf2
                0x02005314                __aeabi_f2d
                0x0200535c                __aeabi_ul2d
                0x0200535c                __floatundidf
                0x02005370                __aeabi_l2d
                0x02005370                __floatdidf
 .text          0x020053d0      0x470 /opt/wonderful/toolchain/gcc-arm-none-eabi/lib/gcc/arm-none-eabi/16.1.1/thumb/arm946e-s/libgcc.a(_arm_muldivdf3.o)
                0x020053d0                __muldf3
                0x020053d0                __aeabi_dmul
                0x0200563c                __aeabi_ddiv
                0x0200563c                __divdf3
 .text          0x02005840      0x12c /opt/wonderful/toolchain/gcc-arm-none-eabi/lib/gcc/arm-none-eabi/16.1.1/thumb/arm946e-s/libgcc.a(_arm_cmpdf2.o)
                0x02005840                __gtdf2
                0x02005840                __gedf2
                0x02005848                __ledf2
                0x02005848                __ltdf2
                0x02005850                __cmpdf2
                0x02005850                __eqdf2
                0x02005850                __nedf2
                0x020058d8                __aeabi_cdrcmple
                0x020058f4                __aeabi_cdcmpeq
                0x020058f4                __aeabi_cdcmple
                0x02005908                __aeabi_dcmpeq
                0x0200591c                __aeabi_dcmplt
                0x02005930                __aeabi_dcmple
                0x02005944                __aeabi_dcmpge
                0x02005958                __aeabi_dcmpgt
 .text          0x0200596c       0x5c /opt/wonderful/toolchain/gcc-arm-none-eabi/lib/gcc/arm-none-eabi/16.1.1/thumb/arm946e-s/libgcc.a(_arm_fixdfsi.o)
                0x0200596c                __fixdfsi
                0x0200596c                __aeabi_d2iz
 .text          0x020059c8       0xa0 /opt/wonderful/toolchain/gcc-arm-none-eabi/lib/gcc/arm-none-eabi/16.1.1/thumb/arm946e-s/libgcc.a(_arm_truncdfsf2.o)
                0x020059c8                __aeabi_d2f
                0x020059c8                __truncdfsf2
 .text          0x02005a68      0x250 /opt/wonderful/toolchain/gcc-arm-none-eabi/lib/gcc/arm-none-eabi/16.1.1/thumb/arm946e-s/libgcc.a(_arm_addsubsf3.o)
                0x02005a68                __aeabi_frsub
                0x02005a70                __subsf3
                0x02005a70                __aeabi_fsub
                0x02005a74                __aeabi_fadd
                0x02005a74                __addsf3
                0x02005c04                __floatunsisf
                0x02005c04                __aeabi_ui2f
                0x02005c0c                __floatsisf
                0x02005c0c                __aeabi_i2f
                0x02005c2c                __floatundisf
                0x02005c2c                __aeabi_ul2f
                0x02005c3c                __floatdisf
                0x02005c3c                __aeabi_l2f
 .text          0x02005cb8      0x2f8 /opt/wonderful/toolchain/gcc-arm-none-eabi/lib/gcc/arm-none-eabi/16.1.1/thumb/arm946e-s/libgcc.a(_arm_muldivsf3.o)
                0x02005cb8                __mulsf3
                0x02005cb8                __aeabi_fmul
                0x02005e50                __aeabi_fdiv
                0x02005e50                __divsf3
 .text          0x02005fb0       0xfc /opt/wonderful/toolchain/gcc-arm-none-eabi/lib/gcc/arm-none-eabi/16.1.1/thumb/arm946e-s/libgcc.a(_arm_cmpsf2.o)
                0x02005fb0                __gtsf2
                0x02005fb0                __gesf2
                0x02005fb8                __lesf2
                0x02005fb8                __ltsf2
                0x02005fc0                __nesf2
                0x02005fc0                __cmpsf2
                0x02005fc0                __eqsf2
                0x02006024                __aeabi_cfrcmple
                0x02006034                __aeabi_cfcmpeq
                0x02006034                __aeabi_cfcmple
                0x02006048                __aeabi_fcmpeq
                0x0200605c                __aeabi_fcmplt
                0x02006070                __aeabi_fcmple
                0x02006084                __aeabi_fcmpge
                0x02006098                __aeabi_fcmpgt
 .text          0x020060ac       0x5c /opt/wonderful/toolchain/gcc-arm-none-eabi/lib/gcc/arm-none-eabi/16.1.1/thumb/arm946e-s/libgcc.a(_arm_fixsfsi.o)
                0x020060ac                __fixsfsi
                0x020060ac                __aeabi_f2iz
 .text          0x02006108       0x54 /opt/wonderful/toolchain/gcc-arm-none-eabi/lib/gcc/arm-none-eabi/16.1.1/thumb/arm946e-s/libgcc.a(_arm_fixunssfsi.o)
                0x02006108                __aeabi_f2uiz
                0x02006108                __fixunssfsi
 .text          0x0200615c        0x8 /opt/wonderful/toolchain/gcc-arm-none-eabi/lib/gcc/arm-none-eabi/16.1.1/thumb/arm946e-s/libgcc.a(_clzsi2.o)
                0x0200615c                __clzsi2
 .text          0x02006164       0x14 /opt/wonderful/toolchain/gcc-arm-none-eabi/lib/gcc/arm-none-eabi/16.1.1/thumb/arm946e-s/libgcc.a(_clzdi2.o)
                0x02006164                __clzdi2
 .text          0x02006178       0xd4 /opt/wonderful/toolchain/gcc-arm-none-eabi/lib/gcc/arm-none-eabi/16.1.1/thumb/arm946e-s/libgcc.a(_aeabi_ldivmod.o)
                0x02006178                __aeabi_ldivmod
 .text          0x0200624c       0x3c /opt/wonderful/toolchain/gcc-arm-none-eabi/lib/gcc/arm-none-eabi/16.1.1/thumb/arm946e-s/libgcc.a(_aeabi_uldivmod.o)
                0x0200624c                __aeabi_uldivmod
 .text          0x02006288      0x190 /opt/wonderful/toolchain/gcc-arm-none-eabi/lib/gcc/arm-none-eabi/16.1.1/thumb/arm946e-s/libgcc.a(_udivmoddi4.o)
                0x02006288                __udivmoddi4
 .text          0x02006418       0x14 /opt/wonderful/toolchain/gcc-arm-none-eabi/lib/gcc/arm-none-eabi/16.1.1/thumb/arm946e-s/libgcc.a(muldi3.o)
                0x02006418                __aeabi_lmul
                0x02006418                __muldi3
 *(EXCLUDE_FILE(*.twl* *.itcm*) .stub)
 *(EXCLUDE_FILE(*.twl* *.itcm*) .text.*)
 .text._ZN4Menu16showFreeplayMapsEb.part.0
                0x0200642c       0x50 build/Punch-A-Rooney/source/menu.cpp.o
 .text._ZN4Menu18showFreeplayBoxersEb.part.0
                0x0200647c      0x148 build/Punch-A-Rooney/source/menu.cpp.o
 .text._ZN4Menu9showGuideEb.part.0
                0x020065c4      0x104 build/Punch-A-Rooney/source/menu.cpp.o
 .text._ZN4MenuC2Ev
                0x020066c8       0xe0 build/Punch-A-Rooney/source/menu.cpp.o
                0x020066c8                Menu::Menu()
                0x020066c8                Menu::Menu()
 .text._ZN4MenuD2Ev
                0x020067a8        0x4 build/Punch-A-Rooney/source/menu.cpp.o
                0x020067a8                Menu::~Menu()
                0x020067a8                Menu::~Menu()
 .text._ZN4Menu10DrawLayoutEv
                0x020067ac      0x1d8 build/Punch-A-Rooney/source/menu.cpp.o
                0x020067ac                Menu::DrawLayout()
 .text._ZN4Menu4LoadE5Menus
                0x02006984      0x244 build/Punch-A-Rooney/source/menu.cpp.o
                0x02006984                Menu::Load(Menus)
 .text._ZN4Menu6UnloadEv
                0x02006bc8       0xf0 build/Punch-A-Rooney/source/menu.cpp.o
                0x02006bc8                Menu::Unload()
 .text._ZN4Menu11showGalleryEb
                0x02006cb8       0x4c build/Punch-A-Rooney/source/menu.cpp.o
                0x02006cb8                Menu::showGallery(bool)
 .text._ZN4Menu9showRadioEb
                0x02006d04       0x48 build/Punch-A-Rooney/source/menu.cpp.o
                0x02006d04                Menu::showRadio(bool)
 .text._ZN4Menu16showFreeplayMapsEb
                0x02006d4c       0x20 build/Punch-A-Rooney/source/menu.cpp.o
                0x02006d4c                Menu::showFreeplayMaps(bool)
 .text._ZN4Menu18showFreeplayBoxersEb
                0x02006d6c       0x54 build/Punch-A-Rooney/source/menu.cpp.o
                0x02006d6c                Menu::showFreeplayBoxers(bool)
 .text._ZN4Menu9showGuideEb
                0x02006dc0       0x54 build/Punch-A-Rooney/source/menu.cpp.o
                0x02006dc0                Menu::showGuide(bool)
 .text._ZN4Menu17showRecordsBoxersEb
                0x02006e14      0x10c build/Punch-A-Rooney/source/menu.cpp.o
                0x02006e14                Menu::showRecordsBoxers(bool)
 .text._ZN4Menu11updateGuideEv
                0x02006f20      0x104 build/Punch-A-Rooney/source/menu.cpp.o
                0x02006f20                Menu::updateGuide()
 .text._ZN4Menu20updateFreeplayBoxersEv
                0x02007024       0xac build/Punch-A-Rooney/source/menu.cpp.o
                0x02007024                Menu::updateFreeplayBoxers()
 .text._ZN4Menu19updateRecordsBoxersEv
                0x020070d0       0x6c build/Punch-A-Rooney/source/menu.cpp.o
                0x020070d0                Menu::updateRecordsBoxers()
 .text._ZN4Menu12UpdateLayoutEv
                0x0200713c      0x52c build/Punch-A-Rooney/source/menu.cpp.o
                0x0200713c                Menu::UpdateLayout()
 .text._ZN4Menu7setMenuE5Menus
                0x02007668      0x3a4 build/Punch-A-Rooney/source/menu.cpp.o
                0x02007668                Menu::setMenu(Menus)
 .text._ZN4Menu15buttonInterpretEv
                0x02007a0c       0xb4 build/Punch-A-Rooney/source/menu.cpp.o
                0x02007a0c                Menu::buttonInterpret()
 .text._ZN4Menu6UpdateEv
                0x02007ac0      0xde4 build/Punch-A-Rooney/source/menu.cpp.o
                0x02007ac0                Menu::Update()
 .text._ZN4Menu15isTouchOnButtonEi13touchPositionb
                0x020088a4       0xec build/Punch-A-Rooney/source/menu.cpp.o
                0x020088a4                Menu::isTouchOnButton(int, touchPosition, bool)
 .text._ZN4Menu13getCustomGameEv
                0x02008990        0x4 build/Punch-A-Rooney/source/menu.cpp.o
                0x02008990                Menu::getCustomGame()
 .text._ZN4Menu17handleLayoutInputE13touchPosition
                0x02008994      0x238 build/Punch-A-Rooney/source/menu.cpp.o
                0x02008994                Menu::handleLayoutInput(touchPosition)
 .text._ZN4Menu11handleInputEv
                0x02008bcc      0xb20 build/Punch-A-Rooney/source/menu.cpp.o
                0x02008bcc                Menu::handleInput()
 .text._Z21FromHostPacketHandler17Wifi_MPPacketTypeii
                0x020096ec       0xb4 build/Punch-A-Rooney/source/multiplayer.cpp.o
                0x020096ec                FromHostPacketHandler(Wifi_MPPacketType, int, int)
 .text._Z23FromClientPacketHandler17Wifi_MPPacketTypeiii
                0x020097a0       0xbc build/Punch-A-Rooney/source/multiplayer.cpp.o
                0x020097a0                FromClientPacketHandler(Wifi_MPPacketType, int, int, int)
 .text._Z14ResetGameStatev
                0x0200985c       0x70 build/Punch-A-Rooney/source/multiplayer.cpp.o
                0x0200985c                ResetGameState()
 .text._Z22SendHostStateToClientsv
                0x020098cc       0xf4 build/Punch-A-Rooney/source/multiplayer.cpp.o
                0x020098cc                SendHostStateToClients()
 .text._Z10start_hostv
                0x020099c0       0x7c build/Punch-A-Rooney/source/multiplayer.cpp.o
                0x020099c0                start_host()
 .text._Z12start_clientv
                0x02009a3c       0x4c build/Punch-A-Rooney/source/multiplayer.cpp.o
                0x02009a3c                start_client()
 .text._Z16selecting_a_roomv
                0x02009a88       0xac build/Punch-A-Rooney/source/multiplayer.cpp.o
                0x02009a88                selecting_a_room()
 .text._Z19disable_multiplayerv
                0x02009b34       0x20 build/Punch-A-Rooney/source/multiplayer.cpp.o
                0x02009b34                disable_multiplayer()
 .text._Z16tick_multiplayerv
                0x02009b54       0xb4 build/Punch-A-Rooney/source/multiplayer.cpp.o
                0x02009b54                tick_multiplayer()
 .text._Z22get_multiplayer_statusv
                0x02009c08        0xc build/Punch-A-Rooney/source/multiplayer.cpp.o
                0x02009c08                get_multiplayer_status()
 .text._Z9load_dataPKc
                0x02009c14       0x60 build/Punch-A-Rooney/source/save.cpp.o
                0x02009c14                load_data(char const*)
 .text._Z9save_dataPKc
                0x02009c74       0x60 build/Punch-A-Rooney/source/save.cpp.o
                0x02009c74                save_data(char const*)
 .text._Z10reset_datav
                0x02009cd4       0x58 build/Punch-A-Rooney/source/save.cpp.o
                0x02009cd4                reset_data()
 .text._ZN5Boxer13confirmActionE5MovesRS_b.part.0
                0x02009d2c       0x80 build/Punch-A-Rooney/source/boxer.cpp.o
 .text._ZN5BoxerC2E9Characteriibb
                0x02009dac       0xbc build/Punch-A-Rooney/source/boxer.cpp.o
                0x02009dac                Boxer::Boxer(Character, int, int, bool, bool)
                0x02009dac                Boxer::Boxer(Character, int, int, bool, bool)
 .text._ZN5BoxerD2Ev
                0x02009e68        0x4 build/Punch-A-Rooney/source/boxer.cpp.o
                0x02009e68                Boxer::~Boxer()
                0x02009e68                Boxer::~Boxer()
 .text._ZN5Boxer6unloadEv
                0x02009e6c      0x12c build/Punch-A-Rooney/source/boxer.cpp.o
                0x02009e6c                Boxer::unload()
 .text._ZN5Boxer4loadEv
                0x02009f98      0x2a8 build/Punch-A-Rooney/source/boxer.cpp.o
                0x02009f98                Boxer::load()
 .text._ZN5Boxer4hideEb
                0x0200a240       0x6c build/Punch-A-Rooney/source/boxer.cpp.o
                0x0200a240                Boxer::hide(bool)
 .text._ZN5Boxer13resetPositionEv
                0x0200a2ac       0x1c build/Punch-A-Rooney/source/boxer.cpp.o
                0x0200a2ac                Boxer::resetPosition()
 .text._ZN5Boxer6damageEiibb
                0x0200a2c8      0x218 build/Punch-A-Rooney/source/boxer.cpp.o
                0x0200a2c8                Boxer::damage(int, int, bool, bool)
 .text._ZN5Boxer11downHandlerEb
                0x0200a4e0       0x88 build/Punch-A-Rooney/source/boxer.cpp.o
                0x0200a4e0                Boxer::downHandler(bool)
 .text._ZN5Boxer11handleInputEv
                0x0200a568      0x1a8 build/Punch-A-Rooney/source/boxer.cpp.o
                0x0200a568                Boxer::handleInput()
 .text._ZN5Boxer15movementHandlerERS_bb
                0x0200a710      0x1a4 build/Punch-A-Rooney/source/boxer.cpp.o
                0x0200a710                Boxer::movementHandler(Boxer&, bool, bool)
 .text._ZN5Boxer10npcHandlerEiRS_
                0x0200a8b4      0x474 build/Punch-A-Rooney/source/boxer.cpp.o
                0x0200a8b4                Boxer::npcHandler(int, Boxer&)
 .text._ZN5Boxer16animationHandlerEbRS_
                0x0200ad28      0x608 build/Punch-A-Rooney/source/boxer.cpp.o
                0x0200ad28                Boxer::animationHandler(bool, Boxer&)
 .text._ZN5Boxer13cameraHandlerERiS0_
                0x0200b330      0x1a0 build/Punch-A-Rooney/source/boxer.cpp.o
                0x0200b330                Boxer::cameraHandler(int&, int&)
 .text._ZN5Boxer8hitPunchE5MovesRS_bb
                0x0200b4d0      0x2e8 build/Punch-A-Rooney/source/boxer.cpp.o
                0x0200b4d0                Boxer::hitPunch(Moves, Boxer&, bool, bool)
 .text._ZN5Boxer11missedPunchE5MovesRS_b
                0x0200b7b8       0x8c build/Punch-A-Rooney/source/boxer.cpp.o
                0x0200b7b8                Boxer::missedPunch(Moves, Boxer&, bool)
 .text._ZN5Boxer13combatHandlerERS_
                0x0200b844      0x224 build/Punch-A-Rooney/source/boxer.cpp.o
                0x0200b844                Boxer::combatHandler(Boxer&)
 .text._ZN5Boxer12superHandlerERS_b
                0x0200ba68      0x1b0 build/Punch-A-Rooney/source/boxer.cpp.o
                0x0200ba68                Boxer::superHandler(Boxer&, bool)
 .text._ZN5Boxer6updateERS_bb
                0x0200bc18      0x198 build/Punch-A-Rooney/source/boxer.cpp.o
                0x0200bc18                Boxer::update(Boxer&, bool, bool)
 .text._ZN5Boxer6killAiEv
                0x0200bdb0        0x8 build/Punch-A-Rooney/source/boxer.cpp.o
                0x0200bdb0                Boxer::killAi()
 .text._ZN5Boxer13getStatisticsEi
                0x0200bdb8       0x48 build/Punch-A-Rooney/source/boxer.cpp.o
                0x0200bdb8                Boxer::getStatistics(int)
 .text.startup.main
                0x0200be00       0x5c build/Punch-A-Rooney/source/main.cpp.o
                0x0200be00                main
 .text._Z4lerpfff
                0x0200be5c       0x1c build/Punch-A-Rooney/source/usefulfunctions.cpp.o
                0x0200be5c                lerp(float, float, float)
 .text._ZN7RefereeC2Ei
                0x0200be78       0x48 build/Punch-A-Rooney/source/referee.cpp.o
                0x0200be78                Referee::Referee(int)
                0x0200be78                Referee::Referee(int)
 .text._ZN7RefereeD2Ev
                0x0200bec0        0x4 build/Punch-A-Rooney/source/referee.cpp.o
                0x0200bec0                Referee::~Referee()
                0x0200bec0                Referee::~Referee()
 .text._ZN7Referee6unloadEv
                0x0200bec4       0x4c build/Punch-A-Rooney/source/referee.cpp.o
                0x0200bec4                Referee::unload()
 .text._ZN7Referee4loadEv
                0x0200bf10       0x8c build/Punch-A-Rooney/source/referee.cpp.o
                0x0200bf10                Referee::load()
 .text._ZN7Referee4hideEb
                0x0200bf9c       0x38 build/Punch-A-Rooney/source/referee.cpp.o
                0x0200bf9c                Referee::hide(bool)
 .text._ZN7Referee13resetPositionEv
                0x0200bfd4        0xc build/Punch-A-Rooney/source/referee.cpp.o
                0x0200bfd4                Referee::resetPosition()
 .text._ZN7Referee15movementHandlerER5BoxerS1_bb
                0x0200bfe0      0x298 build/Punch-A-Rooney/source/referee.cpp.o
                0x0200bfe0                Referee::movementHandler(Boxer&, Boxer&, bool, bool)
 .text._ZN7Referee16animationHandlerER5BoxerS1_b
                0x0200c278      0x1a0 build/Punch-A-Rooney/source/referee.cpp.o
                0x0200c278                Referee::animationHandler(Boxer&, Boxer&, bool)
 .text._ZN7Referee16decisionSequenceEib
                0x0200c418       0x20 build/Punch-A-Rooney/source/referee.cpp.o
                0x0200c418                Referee::decisionSequence(int, bool)
 .text._ZN7Referee13cameraHandlerERiS0_
                0x0200c438       0x9c build/Punch-A-Rooney/source/referee.cpp.o
                0x0200c438                Referee::cameraHandler(int&, int&)
 .text._ZN7Referee6updateER5BoxerS1_bb
                0x0200c4d4       0x88 build/Punch-A-Rooney/source/referee.cpp.o
                0x0200c4d4                Referee::update(Boxer&, Boxer&, bool, bool)
 .text._Z13StartDialoguev
                0x0200c55c       0x1c build/Punch-A-Rooney/source/dialogue.cpp.o
                0x0200c55c                StartDialogue()
 .text._Z12StopDialoguev
                0x0200c578       0x1c build/Punch-A-Rooney/source/dialogue.cpp.o
                0x0200c578                StopDialogue()
 .text._Z11RunDialoguePA20_Kciiii
                0x0200c594       0xe4 build/Punch-A-Rooney/source/dialogue.cpp.o
                0x0200c594                RunDialogue(char const (*) [20], int, int, int, int)
 .text._ZN4Game8newRoundEib.part.0
                0x0200c678       0xc0 build/Punch-A-Rooney/source/game.cpp.o
 .text._ZN4Game8decisionEb.part.0
                0x0200c738       0x94 build/Punch-A-Rooney/source/game.cpp.o
 .text._ZN4Game17updateFightBottomEv.part.0
                0x0200c7cc      0x4a4 build/Punch-A-Rooney/source/game.cpp.o
 .text._ZN4GameC2Ev
                0x0200cc70      0x248 build/Punch-A-Rooney/source/game.cpp.o
                0x0200cc70                Game::Game()
                0x0200cc70                Game::Game()
 .text._ZN4GameD2Ev
                0x0200ceb8       0x2c build/Punch-A-Rooney/source/game.cpp.o
                0x0200ceb8                Game::~Game()
                0x0200ceb8                Game::~Game()
 .text._ZN4Game12initializeDSEiPPc
                0x0200cee4      0x1f8 build/Punch-A-Rooney/source/game.cpp.o
                0x0200cee4                Game::initializeDS(int, char**)
 .text._ZN4Game15setup2DGraphicsEb
                0x0200d0dc       0xac build/Punch-A-Rooney/source/game.cpp.o
                0x0200d0dc                Game::setup2DGraphics(bool)
 .text._ZN4Game10inIntervalEb
                0x0200d188      0x2c0 build/Punch-A-Rooney/source/game.cpp.o
                0x0200d188                Game::inInterval(bool)
 .text._ZN4Game13loadWinScreenEb
                0x0200d448       0xa8 build/Punch-A-Rooney/source/game.cpp.o
                0x0200d448                Game::loadWinScreen(bool)
 .text._ZN4Game15unloadWinScreenEv
                0x0200d4f0       0x40 build/Punch-A-Rooney/source/game.cpp.o
                0x0200d4f0                Game::unloadWinScreen()
 .text._ZN4Game16loadPreviewStoryEv
                0x0200d530      0x18c build/Punch-A-Rooney/source/game.cpp.o
                0x0200d530                Game::loadPreviewStory()
 .text._ZN4Game18unloadPreviewStoryEv
                0x0200d6bc       0x50 build/Punch-A-Rooney/source/game.cpp.o
                0x0200d6bc                Game::unloadPreviewStory()
 .text._ZN4Game15loadFightBottomEv
                0x0200d70c      0x360 build/Punch-A-Rooney/source/game.cpp.o
                0x0200d70c                Game::loadFightBottom()
 .text._ZN4Game17unloadFightBottomEv
                0x0200da6c       0x50 build/Punch-A-Rooney/source/game.cpp.o
                0x0200da6c                Game::unloadFightBottom()
 .text._ZN4Game12loadFightTopEv
                0x0200dabc      0x1cc build/Punch-A-Rooney/source/game.cpp.o
                0x0200dabc                Game::loadFightTop()
 .text._ZN4Game14unloadFightTopEv
                0x0200dc88       0x4c build/Punch-A-Rooney/source/game.cpp.o
                0x0200dc88                Game::unloadFightTop()
 .text._ZN4Game16unloadBoxingRingEv
                0x0200dcd4      0x2d8 build/Punch-A-Rooney/source/game.cpp.o
                0x0200dcd4                Game::unloadBoxingRing()
 .text._ZN4Game18intervalTransitionEbb.part.0
                0x0200dfac      0x150 build/Punch-A-Rooney/source/game.cpp.o
 .text._ZN4Game10startIntroEv
                0x0200e0fc       0xc4 build/Punch-A-Rooney/source/game.cpp.o
                0x0200e0fc                Game::startIntro()
 .text._ZN4Game11unloadIntroEv
                0x0200e1c0       0x50 build/Punch-A-Rooney/source/game.cpp.o
                0x0200e1c0                Game::unloadIntro()
 .text._ZN4Game13startMainMenuEb
                0x0200e210       0x7c build/Punch-A-Rooney/source/game.cpp.o
                0x0200e210                Game::startMainMenu(bool)
 .text._ZN4Game14loadBoxingRingE8GameTypei
                0x0200e28c      0x53c build/Punch-A-Rooney/source/game.cpp.o
                0x0200e28c                Game::loadBoxingRing(GameType, int)
 .text._ZN4Game12handleEventsEv
                0x0200e7c8      0x318 build/Punch-A-Rooney/source/game.cpp.o
                0x0200e7c8                Game::handleEvents()
 .text._ZN4Game14updateFightTopEv
                0x0200eae0      0x3e8 build/Punch-A-Rooney/source/game.cpp.o
                0x0200eae0                Game::updateFightTop()
 .text._ZN4Game7endGameEv
                0x0200eec8      0x410 build/Punch-A-Rooney/source/game.cpp.o
                0x0200eec8                Game::endGame()
 .text._ZN4Game11manageFightEv
                0x0200f2d8      0x278 build/Punch-A-Rooney/source/game.cpp.o
                0x0200f2d8                Game::manageFight()
 .text._ZN4Game11crowdSoundsEv
                0x0200f550       0xa0 build/Punch-A-Rooney/source/game.cpp.o
                0x0200f550                Game::crowdSounds()
 .text._ZN4Game13cameraHandlerEv
                0x0200f5f0      0x438 build/Punch-A-Rooney/source/game.cpp.o
                0x0200f5f0                Game::cameraHandler()
 .text._ZN4Game6updateEv
                0x0200fa28      0xcc8 build/Punch-A-Rooney/source/game.cpp.o
                0x0200fa28                Game::update()
 .text._ZN4Game6renderEv
                0x020106f0       0x28 build/Punch-A-Rooney/source/game.cpp.o
                0x020106f0                Game::render()
 .text._Z13worldToScreeniiRiS_i
                0x02010718       0x78 build/Punch-A-Rooney/source/camera.cpp.o
                0x02010718                worldToScreen(int, int, int&, int&, int)
 .text._Z13screenToWorldiiRiS_
                0x02010790       0x68 build/Punch-A-Rooney/source/camera.cpp.o
                0x02010790                screenToWorld(int, int, int&, int&)
 .text._Z10Transitioniiib
                0x020107f8       0x34 build/Punch-A-Rooney/source/transition.cpp.o
                0x020107f8                Transition(int, int, int, bool)
 .text._Z16TransitionUpdatei
                0x0201082c       0x5c build/Punch-A-Rooney/source/transition.cpp.o
                0x0201082c                TransitionUpdate(int)
 .text.NF_Error
                0x02010888      0x2d8 /opt/wonderful/thirdparty/blocksds/external/nflib/lib/libnflib.a(nf_basic.c.o)
                0x02010888                NF_Error
 .text.NF_SetRootFolder
                0x02010b60      0x1e0 /opt/wonderful/thirdparty/blocksds/external/nflib/lib/libnflib.a(nf_basic.c.o)
                0x02010b60                NF_SetRootFolder
 .text.NF_DmaMemCopy
                0x02010d40       0x70 /opt/wonderful/thirdparty/blocksds/external/nflib/lib/libnflib.a(nf_basic.c.o)
                0x02010d40                NF_DmaMemCopy
 .text.NF_FileLoad
                0x02010db0       0xac /opt/wonderful/thirdparty/blocksds/external/nflib/lib/libnflib.a(nf_basic.c.o)
                0x02010db0                NF_FileLoad
 .text.NF_InitTiledBgBuffers
                0x02010e5c       0x98 /opt/wonderful/thirdparty/blocksds/external/nflib/lib/libnflib.a(nf_tiledbg.c.o)
                0x02010e5c                NF_InitTiledBgBuffers
 .text.NF_InitTiledBgSys
                0x02010ef4      0x120 /opt/wonderful/thirdparty/blocksds/external/nflib/lib/libnflib.a(nf_tiledbg.c.o)
                0x02010ef4                NF_InitTiledBgSys
 .text.NF_UnloadTiledBg
                0x02011014       0x9c /opt/wonderful/thirdparty/blocksds/external/nflib/lib/libnflib.a(nf_tiledbg.c.o)
                0x02011014                NF_UnloadTiledBg
 .text.NF_DeleteTiledBg
                0x020110b0      0x184 /opt/wonderful/thirdparty/blocksds/external/nflib/lib/libnflib.a(nf_tiledbg.c.o)
                0x020110b0                NF_DeleteTiledBg
 .text.NF_CreateTiledBg
                0x02011234      0x530 /opt/wonderful/thirdparty/blocksds/external/nflib/lib/libnflib.a(nf_tiledbg.c.o)
                0x02011234                NF_CreateTiledBg
 .text.NF_GetTileMapAddress
                0x02011764       0x90 /opt/wonderful/thirdparty/blocksds/external/nflib/lib/libnflib.a(nf_tiledbg.c.o)
                0x02011764                NF_GetTileMapAddress
 .text.NF_SetTileOfMap
                0x020117f4       0x44 /opt/wonderful/thirdparty/blocksds/external/nflib/lib/libnflib.a(nf_tiledbg.c.o)
                0x020117f4                NF_SetTileOfMap
 .text.NF_UpdateVramMap
                0x02011838       0xf4 /opt/wonderful/thirdparty/blocksds/external/nflib/lib/libnflib.a(nf_tiledbg.c.o)
                0x02011838                NF_UpdateVramMap
 .text.NF_RotateTileGfx
                0x0201192c      0x100 /opt/wonderful/thirdparty/blocksds/external/nflib/lib/libnflib.a(nf_tiledbg.c.o)
                0x0201192c                NF_RotateTileGfx
 .text.NF_InitTextSys
                0x02011a2c       0x34 /opt/wonderful/thirdparty/blocksds/external/nflib/lib/libnflib.a(nf_text.c.o)
                0x02011a2c                NF_InitTextSys
 .text.NF_LoadTextFont
                0x02011a60      0x1d8 /opt/wonderful/thirdparty/blocksds/external/nflib/lib/libnflib.a(nf_text.c.o)
                0x02011a60                NF_LoadTextFont
 .text.NF_CreateTextLayer
                0x02011c38       0x8c /opt/wonderful/thirdparty/blocksds/external/nflib/lib/libnflib.a(nf_text.c.o)
                0x02011c38                NF_CreateTextLayer
 .text.NF_WriteText
                0x02011cc4      0x2a8 /opt/wonderful/thirdparty/blocksds/external/nflib/lib/libnflib.a(nf_text.c.o)
                0x02011cc4                NF_WriteText
 .text.NF_UpdateTextLayers
                0x02011f6c       0x38 /opt/wonderful/thirdparty/blocksds/external/nflib/lib/libnflib.a(nf_text.c.o)
                0x02011f6c                NF_UpdateTextLayers
 .text.NF_ClearTextLayer
                0x02011fa4       0x4c /opt/wonderful/thirdparty/blocksds/external/nflib/lib/libnflib.a(nf_text.c.o)
                0x02011fa4                NF_ClearTextLayer
 .text.NF_DefineTextColor
                0x02011ff0       0x88 /opt/wonderful/thirdparty/blocksds/external/nflib/lib/libnflib.a(nf_text.c.o)
                0x02011ff0                NF_DefineTextColor
 .text.NF_InitAffineBgSys
                0x02012078       0xd0 /opt/wonderful/thirdparty/blocksds/external/nflib/lib/libnflib.a(nf_affinebg.c.o)
                0x02012078                NF_InitAffineBgSys
 .text.NF_LoadAffineBg
                0x02012148      0x1c8 /opt/wonderful/thirdparty/blocksds/external/nflib/lib/libnflib.a(nf_affinebg.c.o)
                0x02012148                NF_LoadAffineBg
 .text.NF_DeleteAffineBg
                0x02012310      0x130 /opt/wonderful/thirdparty/blocksds/external/nflib/lib/libnflib.a(nf_affinebg.c.o)
                0x02012310                NF_DeleteAffineBg
 .text.NF_AffineBgTransform
                0x02012440       0xd8 /opt/wonderful/thirdparty/blocksds/external/nflib/lib/libnflib.a(nf_affinebg.c.o)
                0x02012440                NF_AffineBgTransform
 .text.NF_AffineBgMove
                0x02012518      0x154 /opt/wonderful/thirdparty/blocksds/external/nflib/lib/libnflib.a(nf_affinebg.c.o)
                0x02012518                NF_AffineBgMove
 .text.NF_CreateAffineBg
                0x0201266c      0x404 /opt/wonderful/thirdparty/blocksds/external/nflib/lib/libnflib.a(nf_affinebg.c.o)
                0x0201266c                NF_CreateAffineBg
 .text.NF_InitSpriteBuffers
                0x02012a70       0x5c /opt/wonderful/thirdparty/blocksds/external/nflib/lib/libnflib.a(nf_sprite256.c.o)
                0x02012a70                NF_InitSpriteBuffers
 .text.NF_InitSpriteSys
                0x02012acc      0x1f8 /opt/wonderful/thirdparty/blocksds/external/nflib/lib/libnflib.a(nf_sprite256.c.o)
                0x02012acc                NF_InitSpriteSys
 .text.NF_LoadSpriteGfx
                0x02012cc4       0x94 /opt/wonderful/thirdparty/blocksds/external/nflib/lib/libnflib.a(nf_sprite256.c.o)
                0x02012cc4                NF_LoadSpriteGfx
 .text.NF_UnloadSpriteGfx
                0x02012d58       0x64 /opt/wonderful/thirdparty/blocksds/external/nflib/lib/libnflib.a(nf_sprite256.c.o)
                0x02012d58                NF_UnloadSpriteGfx
 .text.NF_LoadSpritePal
                0x02012dbc       0x7c /opt/wonderful/thirdparty/blocksds/external/nflib/lib/libnflib.a(nf_sprite256.c.o)
                0x02012dbc                NF_LoadSpritePal
 .text.NF_UnloadSpritePal
                0x02012e38       0x5c /opt/wonderful/thirdparty/blocksds/external/nflib/lib/libnflib.a(nf_sprite256.c.o)
                0x02012e38                NF_UnloadSpritePal
 .text.NF_VramSpriteGfx
                0x02012e94      0x27c /opt/wonderful/thirdparty/blocksds/external/nflib/lib/libnflib.a(nf_sprite256.c.o)
                0x02012e94                NF_VramSpriteGfx
 .text.NF_VramSpriteGfxDefrag
                0x02013110      0x200 /opt/wonderful/thirdparty/blocksds/external/nflib/lib/libnflib.a(nf_sprite256.c.o)
                0x02013110                NF_VramSpriteGfxDefrag
 .text.NF_FreeSpriteGfx
                0x02013310       0xd4 /opt/wonderful/thirdparty/blocksds/external/nflib/lib/libnflib.a(nf_sprite256.c.o)
                0x02013310                NF_FreeSpriteGfx
 .text.NF_VramSpritePal
                0x020133e4       0xb0 /opt/wonderful/thirdparty/blocksds/external/nflib/lib/libnflib.a(nf_sprite256.c.o)
                0x020133e4                NF_VramSpritePal
 .text.NF_CreateSprite
                0x02013494      0x1c8 /opt/wonderful/thirdparty/blocksds/external/nflib/lib/libnflib.a(nf_sprite256.c.o)
                0x02013494                NF_CreateSprite
 .text.NF_DeleteSprite
                0x0201365c       0x84 /opt/wonderful/thirdparty/blocksds/external/nflib/lib/libnflib.a(nf_sprite256.c.o)
                0x0201365c                NF_DeleteSprite
 .text.NF_SpriteOamSet
                0x020136e0       0xc0 /opt/wonderful/thirdparty/blocksds/external/nflib/lib/libnflib.a(nf_sprite256.c.o)
                0x020136e0                NF_SpriteOamSet
 .text.NF_SpriteSetPalColor
                0x020137a0       0x78 /opt/wonderful/thirdparty/blocksds/external/nflib/lib/libnflib.a(nf_sprite256.c.o)
                0x020137a0                NF_SpriteSetPalColor
 .text.NF_Set2D
                0x02013818       0x64 /opt/wonderful/thirdparty/blocksds/external/nflib/lib/libnflib.a(nf_2d.c.o)
                0x02013818                NF_Set2D
 .text.NF_ShowBg
                0x0201387c       0x74 /opt/wonderful/thirdparty/blocksds/external/nflib/lib/libnflib.a(nf_2d.c.o)
                0x0201387c                NF_ShowBg
 .text.NF_HideBg
                0x020138f0       0x9c /opt/wonderful/thirdparty/blocksds/external/nflib/lib/libnflib.a(nf_2d.c.o)
                0x020138f0                NF_HideBg
 .text.NF_ScrollBg
                0x0201398c      0x2c0 /opt/wonderful/thirdparty/blocksds/external/nflib/lib/libnflib.a(nf_2d.c.o)
                0x0201398c                NF_ScrollBg
 .text.NF_SpriteFrame
                0x02013c4c       0xbc /opt/wonderful/thirdparty/blocksds/external/nflib/lib/libnflib.a(nf_2d.c.o)
                0x02013c4c                NF_SpriteFrame
 .text.NF_EnableSpriteRotScale
                0x02013d08       0x74 /opt/wonderful/thirdparty/blocksds/external/nflib/lib/libnflib.a(nf_2d.c.o)
                0x02013d08                NF_EnableSpriteRotScale
 .text.NF_DisableSpriteRotScale
                0x02013d7c       0x5c /opt/wonderful/thirdparty/blocksds/external/nflib/lib/libnflib.a(nf_2d.c.o)
                0x02013d7c                NF_DisableSpriteRotScale
 .text.NF_SpriteRotScale
                0x02013dd8       0xa8 /opt/wonderful/thirdparty/blocksds/external/nflib/lib/libnflib.a(nf_2d.c.o)
                0x02013dd8                NF_SpriteRotScale
 .text.Wifi_GetNumAP
                0x02013e80       0x28 /opt/wonderful/thirdparty/blocksds/core/libs/dswifi/lib/libdswifi9_noip.a(access_point.c.o)
                0x02013e80                Wifi_GetNumAP
 .text.Wifi_GetAPData
                0x02013ea8       0x80 /opt/wonderful/thirdparty/blocksds/core/libs/dswifi/lib/libdswifi9_noip.a(access_point.c.o)
                0x02013ea8                Wifi_GetAPData
 .text.Wifi_FindMatchingAP
                0x02013f28       0xa4 /opt/wonderful/thirdparty/blocksds/core/libs/dswifi/lib/libdswifi9_noip.a(access_point.c.o)
                0x02013f28                Wifi_FindMatchingAP
 .text.Wifi_DisconnectAP
                0x02013fcc       0x1c /opt/wonderful/thirdparty/blocksds/core/libs/dswifi/lib/libdswifi9_noip.a(access_point.c.o)
                0x02013fcc                Wifi_DisconnectAP
 .text.Wifi_ConnectSecureAP
                0x02013fe8       0x84 /opt/wonderful/thirdparty/blocksds/core/libs/dswifi/lib/libdswifi9_noip.a(access_point.c.o)
                0x02013fe8                Wifi_ConnectSecureAP
 .text.Wifi_ConnectOpenAP
                0x0201406c        0xc /opt/wonderful/thirdparty/blocksds/core/libs/dswifi/lib/libdswifi9_noip.a(access_point.c.o)
                0x0201406c                Wifi_ConnectOpenAP
 .text.Wifi_AssocStatus
                0x02014078      0x130 /opt/wonderful/thirdparty/blocksds/core/libs/dswifi/lib/libdswifi9_noip.a(access_point.c.o)
                0x02014078                Wifi_AssocStatus
 .text.Wifi_CmpMacAddr
                0x020141a8        0xe /opt/wonderful/thirdparty/blocksds/core/libs/dswifi/lib/libdswifi9_noip.a(multiplayer.c.o)
 *fill*         0x020141b6        0x2 ff
 .text.Wifi_MultiplayerGetNumClients
                0x020141b8       0x30 /opt/wonderful/thirdparty/blocksds/core/libs/dswifi/lib/libdswifi9_noip.a(multiplayer.c.o)
                0x020141b8                Wifi_MultiplayerGetNumClients
 .text.Wifi_MultiplayerGetClients
                0x020141e8       0x98 /opt/wonderful/thirdparty/blocksds/core/libs/dswifi/lib/libdswifi9_noip.a(multiplayer.c.o)
                0x020141e8                Wifi_MultiplayerGetClients
 .text.Wifi_MultiplayerClientMatchesMacAndAID
                0x02014280       0x84 /opt/wonderful/thirdparty/blocksds/core/libs/dswifi/lib/libdswifi9_noip.a(multiplayer.c.o)
                0x02014280                Wifi_MultiplayerClientMatchesMacAndAID
 .text.Wifi_MultiplayerFromHostSetPacketHandler
                0x02014304        0xc /opt/wonderful/thirdparty/blocksds/core/libs/dswifi/lib/libdswifi9_noip.a(multiplayer.c.o)
                0x02014304                Wifi_MultiplayerFromHostSetPacketHandler
 .text.Wifi_MultiplayerFromClientSetPacketHandler
                0x02014310        0xc /opt/wonderful/thirdparty/blocksds/core/libs/dswifi/lib/libdswifi9_noip.a(multiplayer.c.o)
                0x02014310                Wifi_MultiplayerFromClientSetPacketHandler
 .text.Wifi_MultiplayerHandlePacketFromClient
                0x0201431c       0x7c /opt/wonderful/thirdparty/blocksds/core/libs/dswifi/lib/libdswifi9_noip.a(multiplayer.c.o)
                0x0201431c                Wifi_MultiplayerHandlePacketFromClient
 .text.Wifi_MultiplayerHandlePacketFromHost
                0x02014398       0x7c /opt/wonderful/thirdparty/blocksds/core/libs/dswifi/lib/libdswifi9_noip.a(multiplayer.c.o)
                0x02014398                Wifi_MultiplayerHandlePacketFromHost
 .text.Wifi_BeaconStart
                0x02014414      0x294 /opt/wonderful/thirdparty/blocksds/core/libs/dswifi/lib/libdswifi9_noip.a(beacon.c.o)
                0x02014414                Wifi_BeaconStart
 .text.Wifi_CopyMacAddr
                0x020146a8        0xa /opt/wonderful/thirdparty/blocksds/core/libs/dswifi/lib/libdswifi9_noip.a(rx_tx_queue.c.o)
 *fill*         0x020146b2        0x2 ff
 .text.Wifi_MultiplayerHostCmdTxFrame
                0x020146b4      0x124 /opt/wonderful/thirdparty/blocksds/core/libs/dswifi/lib/libdswifi9_noip.a(rx_tx_queue.c.o)
                0x020146b4                Wifi_MultiplayerHostCmdTxFrame
 .text.Wifi_MultiplayerClientReplyTxFrame
                0x020147d8      0x134 /opt/wonderful/thirdparty/blocksds/core/libs/dswifi/lib/libdswifi9_noip.a(rx_tx_queue.c.o)
                0x020147d8                Wifi_MultiplayerClientReplyTxFrame
 .text.Wifi_RxRawReadPacket
                0x0201490c       0x40 /opt/wonderful/thirdparty/blocksds/core/libs/dswifi/lib/libdswifi9_noip.a(rx_tx_queue.c.o)
                0x0201490c                Wifi_RxRawReadPacket
 .text.wifiValue32Handler
                0x0201494c        0xc /opt/wonderful/thirdparty/blocksds/core/libs/dswifi/lib/libdswifi9_noip.a(ipc.c.o)
 .text.Wifi_CallSyncHandler
                0x02014958        0xc /opt/wonderful/thirdparty/blocksds/core/libs/dswifi/lib/libdswifi9_noip.a(ipc.c.o)
                0x02014958                Wifi_CallSyncHandler
 .text.Wifi_InitDefault
                0x02014964      0x144 /opt/wonderful/thirdparty/blocksds/core/libs/dswifi/lib/libdswifi9_noip.a(ipc.c.o)
                0x02014964                Wifi_InitDefault
 .text.Wifi_EnableWifi
                0x02014aa8       0x10 /opt/wonderful/thirdparty/blocksds/core/libs/dswifi/lib/libdswifi9_noip.a(ipc.c.o)
                0x02014aa8                Wifi_EnableWifi
 .text.Wifi_ScanModeFilter
                0x02014ab8       0x18 /opt/wonderful/thirdparty/blocksds/core/libs/dswifi/lib/libdswifi9_noip.a(ipc.c.o)
                0x02014ab8                Wifi_ScanModeFilter
 .text.Wifi_ScanMode
                0x02014ad0       0x20 /opt/wonderful/thirdparty/blocksds/core/libs/dswifi/lib/libdswifi9_noip.a(ipc.c.o)
                0x02014ad0                Wifi_ScanMode
 .text.Wifi_IdleMode
                0x02014af0        0x8 /opt/wonderful/thirdparty/blocksds/core/libs/dswifi/lib/libdswifi9_noip.a(ipc.c.o)
                0x02014af0                Wifi_IdleMode
 .text.Wifi_LibraryModeReady
                0x02014af8       0x14 /opt/wonderful/thirdparty/blocksds/core/libs/dswifi/lib/libdswifi9_noip.a(ipc.c.o)
                0x02014af8                Wifi_LibraryModeReady
 .text.Wifi_MultiplayerClientMode
                0x02014b0c       0x30 /opt/wonderful/thirdparty/blocksds/core/libs/dswifi/lib/libdswifi9_noip.a(ipc.c.o)
                0x02014b0c                Wifi_MultiplayerClientMode
 .text.Wifi_MultiplayerHostMode
                0x02014b3c       0x58 /opt/wonderful/thirdparty/blocksds/core/libs/dswifi/lib/libdswifi9_noip.a(ipc.c.o)
                0x02014b3c                Wifi_MultiplayerHostMode
 .text.Wifi_MultiplayerAllowNewClients
                0x02014b94       0x1c /opt/wonderful/thirdparty/blocksds/core/libs/dswifi/lib/libdswifi9_noip.a(ipc.c.o)
                0x02014b94                Wifi_MultiplayerAllowNewClients
 .text.Wifi_SetChannel
                0x02014bb0       0x14 /opt/wonderful/thirdparty/blocksds/core/libs/dswifi/lib/libdswifi9_noip.a(ipc.c.o)
                0x02014bb0                Wifi_SetChannel
 .text.Wifi_TxBufferAllocBuffer
                0x02014bc4       0x88 /opt/wonderful/thirdparty/blocksds/core/libs/dswifi/lib/libdswifi9_noip.a(ipc.c.o)
                0x02014bc4                Wifi_TxBufferAllocBuffer
 .text.SLasm_Acquire
                0x02014c4c       0x34 /opt/wonderful/thirdparty/blocksds/core/libs/dswifi/lib/libdswifi9_noip.a(spinlock.s.o)
                0x02014c4c                SLasm_Acquire
 .text.SLasm_Release
                0x02014c80       0x28 /opt/wonderful/thirdparty/blocksds/core/libs/dswifi/lib/libdswifi9_noip.a(spinlock.s.o)
                0x02014c80                SLasm_Release
 .text.Wifi_Update
                0x02014ca8      0x164 /opt/wonderful/thirdparty/blocksds/core/libs/dswifi/lib/libdswifi9_noip.a(wifi_arm9.c.o)
                0x02014ca8                Wifi_Update
 .text.CP15_FlushICache
                0x02014e0c        0xc /opt/wonderful/thirdparty/blocksds/core/libs/libnds/lib/libnds9.a(cp15.s.o)
                0x02014e0c                CP15_FlushICache
 .text.CP15_FlushDCache
                0x02014e18        0xc /opt/wonderful/thirdparty/blocksds/core/libs/libnds/lib/libnds9.a(cp15.s.o)
                0x02014e18                CP15_FlushDCache
 .text.CP15_CleanAndFlushDCache
                0x02014e24       0x34 /opt/wonderful/thirdparty/blocksds/core/libs/libnds/lib/libnds9.a(cp15.s.o)
                0x02014e24                CP15_CleanAndFlushDCache
 .text.__libnds_mpu_setup
                0x02014e58      0x1c4 /opt/wonderful/thirdparty/blocksds/core/libs/libnds/lib/libnds9.a(mpu_setup.s.o)
                0x02014e58                __libnds_mpu_setup
 .text.CP15_MPUDisable
                0x0201501c       0x3c /opt/wonderful/thirdparty/blocksds/core/libs/libnds/lib/libnds9.a(mpu_setup.s.o)
                0x0201501c                CP15_MPUDisable
 .text.__libnds_mpu_jump_past_dtcm
                0x02015058       0x4c /opt/wonderful/thirdparty/blocksds/core/libs/libnds/lib/libnds9.a(mpu_setup.s.o)
                0x02015058                __libnds_mpu_jump_past_dtcm
 .text.memUncached
                0x020150a4       0x20 /opt/wonderful/thirdparty/blocksds/core/libs/libnds/lib/libnds9.a(mpu_setup.s.o)
                0x020150a4                memUncached
 .text.__aeabi_memset
                0x020150c4       0x9c /opt/wonderful/thirdparty/blocksds/core/libs/libnds/lib/libnds9.a(memset.s.o)
                0x020150c4                __aeabi_memset
                0x020150e8                __aeabi_memset8
                0x020150e8                __aeabi_memset4
                0x020150f4                __ndsabi_wordset4
                0x020150f8                __ndsabi_lwordset4
 .text.__ndsabi_memset1
                0x02015160       0x10 /opt/wonderful/thirdparty/blocksds/core/libs/libnds/lib/libnds9.a(memset.s.o)
                0x02015160                __ndsabi_memset1
 .text.memset   0x02015170       0x1c /opt/wonderful/thirdparty/blocksds/core/libs/libnds/lib/libnds9.a(memset.s.o)
                0x02015170                memset
 .text.__aeabi_memcpy
                0x0201518c       0xc8 /opt/wonderful/thirdparty/blocksds/core/libs/libnds/lib/libnds9.a(memcpy.s.o)
                0x0201518c                __aeabi_memcpy
                0x020151c4                __aeabi_memcpy4
                0x020151c4                __aeabi_memcpy8
                0x02015230                __ndsabi_memcpy2
 .text.__ndsabi_memcpy1
                0x02015254       0x14 /opt/wonderful/thirdparty/blocksds/core/libs/libnds/lib/libnds9.a(memcpy.s.o)
                0x02015254                __ndsabi_memcpy1
 .text.memcpy   0x02015268       0x10 /opt/wonderful/thirdparty/blocksds/core/libs/libnds/lib/libnds9.a(memcpy.s.o)
                0x02015268                memcpy
 .text.dmaSetParams
                0x02015278       0x1c /opt/wonderful/thirdparty/blocksds/core/libs/libnds/lib/libnds9.a(dma.s.o)
                0x02015278                dmaSetParams
 .text.dmaStopSafe
                0x02015294       0x44 /opt/wonderful/thirdparty/blocksds/core/libs/libnds/lib/libnds9.a(dma.s.o)
                0x02015294                dmaStopSafe
 .text.nocashWrite
                0x020152d8       0xa8 /opt/wonderful/thirdparty/blocksds/core/libs/libnds/lib/libnds9.a(debugprint.s.o)
                0x020152d8                nocashWrite
                0x020152dc                nocashMessage
 .text.build_argv
                0x02015380       0x58 /opt/wonderful/thirdparty/blocksds/core/libs/libnds/lib/libnds9.a(crt0_argv.c.o)
                0x02015380                build_argv
 .text.__assert_func
                0x020153d8       0x14 /opt/wonderful/thirdparty/blocksds/core/libs/libnds/lib/libnds9.a(assert.c.o)
                0x020153d8                __assert_func
 .text.fatGetDefaultCwd
                0x020153ec       0xf8 /opt/wonderful/thirdparty/blocksds/core/libs/libnds/lib/libnds9.a(filesystem_setup.c.o)
                0x020153ec                fatGetDefaultCwd
 .text.nandInit
                0x020154e4       0x98 /opt/wonderful/thirdparty/blocksds/core/libs/libnds/lib/libnds9.a(filesystem_setup.c.o)
                0x020154e4                nandInit
 .text.fatInit.part.0
                0x0201557c      0x128 /opt/wonderful/thirdparty/blocksds/core/libs/libnds/lib/libnds9.a(filesystem_setup.c.o)
 .text.fatInitDefault
                0x020156a4       0x24 /opt/wonderful/thirdparty/blocksds/core/libs/libnds/lib/libnds9.a(filesystem_setup.c.o)
                0x020156a4                fatInitDefault
 .text.fatInitLookupCache
                0x020156c8       0x68 /opt/wonderful/thirdparty/blocksds/core/libs/libnds/lib/libnds9.a(filesystem_setup.c.o)
                0x020156c8                fatInitLookupCache
 .text.nitrofs_read_internal_cart
                0x02015730       0xa4 /opt/wonderful/thirdparty/blocksds/core/libs/libnds/lib/libnds9.a(nitrofs_device.c.o)
 .text.nitrofs_read_internal
                0x020157d4       0x54 /opt/wonderful/thirdparty/blocksds/core/libs/libnds/lib/libnds9.a(nitrofs_device.c.o)
 .text.nitrofs_dir_state_init
                0x02015828       0x9c /opt/wonderful/thirdparty/blocksds/core/libs/libnds/lib/libnds9.a(nitrofs_device.c.o)
 .text.nitrofs_dir_state_next
                0x020158c4       0xb0 /opt/wonderful/thirdparty/blocksds/core/libs/libnds/lib/libnds9.a(nitrofs_device.c.o)
 .text.nitrofs_dir_step
                0x02015974       0xf0 /opt/wonderful/thirdparty/blocksds/core/libs/libnds/lib/libnds9.a(nitrofs_device.c.o)
 .text.nitrofs_path_resolve
                0x02015a64       0x68 /opt/wonderful/thirdparty/blocksds/core/libs/libnds/lib/libnds9.a(nitrofs_device.c.o)
                0x02015a64                nitrofs_path_resolve
 .text.nitrofs_chdir
                0x02015acc       0x40 /opt/wonderful/thirdparty/blocksds/core/libs/libnds/lib/libnds9.a(nitrofs_device.c.o)
                0x02015acc                nitrofs_chdir
 .text.nitrofs_chdrive
                0x02015b0c        0x4 /opt/wonderful/thirdparty/blocksds/core/libs/libnds/lib/libnds9.a(nitrofs_device.c.o)
                0x02015b0c                nitrofs_chdrive
 .text.nitrofs_read
                0x02015b10       0x30 /opt/wonderful/thirdparty/blocksds/core/libs/libnds/lib/libnds9.a(nitrofs_device.c.o)
                0x02015b10                nitrofs_read
 .text.nitrofs_lseek
                0x02015b40       0x54 /opt/wonderful/thirdparty/blocksds/core/libs/libnds/lib/libnds9.a(nitrofs_device.c.o)
                0x02015b40                nitrofs_lseek
 .text.nitrofs_close
                0x02015b94       0x10 /opt/wonderful/thirdparty/blocksds/core/libs/libnds/lib/libnds9.a(nitrofs_device.c.o)
                0x02015b94                nitrofs_close
 .text.nitroFSOpenById
                0x02015ba4       0x5c /opt/wonderful/thirdparty/blocksds/core/libs/libnds/lib/libnds9.a(nitrofs_device.c.o)
                0x02015ba4                nitroFSOpenById
 .text.nitrofs_access
                0x02015c00       0x30 /opt/wonderful/thirdparty/blocksds/core/libs/libnds/lib/libnds9.a(nitrofs_device.c.o)
                0x02015c00                nitrofs_access
 .text.nitrofs_open
                0x02015c30       0x58 /opt/wonderful/thirdparty/blocksds/core/libs/libnds/lib/libnds9.a(nitrofs_device.c.o)
                0x02015c30                nitrofs_open
 .text.nitroFSInit
                0x02015c88      0x1f4 /opt/wonderful/thirdparty/blocksds/core/libs/libnds/lib/libnds9.a(nitrofs_device.c.o)
                0x02015c88                nitroFSInit
 .text.nitrofs_isdrive
                0x02015e7c       0x14 /opt/wonderful/thirdparty/blocksds/core/libs/libnds/lib/libnds9.a(nitrofs_device.c.o)
                0x02015e7c                nitrofs_isdrive
 .text.deviceIoGetIndexFromDrive
                0x02015e90       0x50 /opt/wonderful/thirdparty/blocksds/core/libs/libnds/lib/libnds9.a(device_io.c.o)
                0x02015e90                deviceIoGetIndexFromDrive
 .text.deviceIoGetIndexFromPath
                0x02015ee0       0x4c /opt/wonderful/thirdparty/blocksds/core/libs/libnds/lib/libnds9.a(device_io.c.o)
                0x02015ee0                deviceIoGetIndexFromPath
 .text.deviceIoGetFunctionFromIndex
                0x02015f2c       0x3c /opt/wonderful/thirdparty/blocksds/core/libs/libnds/lib/libnds9.a(device_io.c.o)
                0x02015f2c                deviceIoGetFunctionFromIndex
 .text.open     0x02015f68       0x70 /opt/wonderful/thirdparty/blocksds/core/libs/libnds/lib/libnds9.a(syscalls_filesystem.c.o)
                0x02015f68                open
 .text.read     0x02015fd8       0x84 /opt/wonderful/thirdparty/blocksds/core/libs/libnds/lib/libnds9.a(syscalls_filesystem.c.o)
                0x02015fd8                read
 .text.write    0x0201605c       0x84 /opt/wonderful/thirdparty/blocksds/core/libs/libnds/lib/libnds9.a(syscalls_filesystem.c.o)
                0x0201605c                write
 .text.close    0x020160e0       0x6c /opt/wonderful/thirdparty/blocksds/core/libs/libnds/lib/libnds9.a(syscalls_filesystem.c.o)
                0x020160e0                close
 .text.lseek    0x0201614c       0x60 /opt/wonderful/thirdparty/blocksds/core/libs/libnds/lib/libnds9.a(syscalls_filesystem.c.o)
                0x0201614c                lseek
 .text.access   0x020161ac       0x4c /opt/wonderful/thirdparty/blocksds/core/libs/libnds/lib/libnds9.a(syscalls_filesystem.c.o)
                0x020161ac                access
 .text.chdir    0x020161f8       0xe8 /opt/wonderful/thirdparty/blocksds/core/libs/libnds/lib/libnds9.a(chdir.c.o)
                0x020161f8                chdir
 .text.fatfs_error_to_posix
                0x020162e0       0x24 /opt/wonderful/thirdparty/blocksds/core/libs/libnds/lib/libnds9.a(fatfs_helpers.c.o)
                0x020162e0                fatfs_error_to_posix
 .text.fatfs_timestamp_to_fattime
                0x02016304       0x28 /opt/wonderful/thirdparty/blocksds/core/libs/libnds/lib/libnds9.a(fatfs_helpers.c.o)
                0x02016304                fatfs_timestamp_to_fattime
 .text.sinLutLookup
                0x0201632c       0x50 /opt/wonderful/thirdparty/blocksds/core/libs/libnds/lib/libnds9.a(trig.c.o)
                0x0201632c                sinLutLookup
 .text.sinLerp  0x0201637c       0x38 /opt/wonderful/thirdparty/blocksds/core/libs/libnds/lib/libnds9.a(trig.c.o)
                0x0201637c                sinLerp
 .text.cosLerp  0x020163b4       0x40 /opt/wonderful/thirdparty/blocksds/core/libs/libnds/lib/libnds9.a(trig.c.o)
                0x020163b4                cosLerp
 .text.comutex_acquire
                0x020163f4       0x28 /opt/wonderful/thirdparty/blocksds/core/libs/libnds/lib/libnds9.a(dlmalloc.c.o)
 .text.dispose_chunk.constprop.0
                0x0201641c      0x2f0 /opt/wonderful/thirdparty/blocksds/core/libs/libnds/lib/libnds9.a(dlmalloc.c.o)
 .text.init_top.constprop.0
                0x0201670c       0x3c /opt/wonderful/thirdparty/blocksds/core/libs/libnds/lib/libnds9.a(dlmalloc.c.o)
 .text.segment_holding.constprop.0
                0x02016748       0x20 /opt/wonderful/thirdparty/blocksds/core/libs/libnds/lib/libnds9.a(dlmalloc.c.o)
 .text.comutex_release.constprop.0
                0x02016768       0x20 /opt/wonderful/thirdparty/blocksds/core/libs/libnds/lib/libnds9.a(dlmalloc.c.o)
 .text.try_realloc_chunk.constprop.0.isra.0
                0x02016788      0x234 /opt/wonderful/thirdparty/blocksds/core/libs/libnds/lib/libnds9.a(dlmalloc.c.o)
 .text.init_mparams.isra.0
                0x020169bc       0x64 /opt/wonderful/thirdparty/blocksds/core/libs/libnds/lib/libnds9.a(dlmalloc.c.o)
 .text.sys_trim.constprop.0
                0x02016a20      0x104 /opt/wonderful/thirdparty/blocksds/core/libs/libnds/lib/libnds9.a(dlmalloc.c.o)
 .text.malloc   0x02016b24      0xccc /opt/wonderful/thirdparty/blocksds/core/libs/libnds/lib/libnds9.a(dlmalloc.c.o)
                0x02016b24                malloc
                0x02016b24                __malloc_malloc
 .text.internal_memalign.constprop.0
                0x020177f0      0x12c /opt/wonderful/thirdparty/blocksds/core/libs/libnds/lib/libnds9.a(dlmalloc.c.o)
 .text.free     0x0201791c      0x360 /opt/wonderful/thirdparty/blocksds/core/libs/libnds/lib/libnds9.a(dlmalloc.c.o)
                0x0201791c                __malloc_free
                0x0201791c                cfree
                0x0201791c                free
 .text.calloc   0x02017c7c       0x4c /opt/wonderful/thirdparty/blocksds/core/libs/libnds/lib/libnds9.a(dlmalloc.c.o)
                0x02017c7c                calloc
 .text.realloc  0x02017cc8       0xbc /opt/wonderful/thirdparty/blocksds/core/libs/libnds/lib/libnds9.a(dlmalloc.c.o)
                0x02017cc8                realloc
 .text.memalign
                0x02017d84       0x14 /opt/wonderful/thirdparty/blocksds/core/libs/libnds/lib/libnds9.a(dlmalloc.c.o)
                0x02017d84                memalign
                0x02017d84                aligned_alloc
 .text.initSystem
                0x02017d98      0x13c /opt/wonderful/thirdparty/blocksds/core/libs/libnds/lib/libnds9.a(initSystem.c.o)
                0x02017d98                initSystem
 .text.scanKeys
                0x02017ed4       0xcc /opt/wonderful/thirdparty/blocksds/core/libs/libnds/lib/libnds9.a(keys.c.o)
                0x02017ed4                scanKeys
 .text.keysHeld
                0x02017fa0        0xc /opt/wonderful/thirdparty/blocksds/core/libs/libnds/lib/libnds9.a(keys.c.o)
                0x02017fa0                keysHeld
 .text.keysDown
                0x02017fac        0xc /opt/wonderful/thirdparty/blocksds/core/libs/libnds/lib/libnds9.a(keys.c.o)
                0x02017fac                keysDown
 .text.keysUp   0x02017fb8        0xc /opt/wonderful/thirdparty/blocksds/core/libs/libnds/lib/libnds9.a(keys.c.o)
                0x02017fb8                keysUp
 .text.touchRead
                0x02017fc4       0x24 /opt/wonderful/thirdparty/blocksds/core/libs/libnds/lib/libnds9.a(keys.c.o)
                0x02017fc4                touchRead
 .text.setTransferInputData
                0x02017fe8       0x1c /opt/wonderful/thirdparty/blocksds/core/libs/libnds/lib/libnds9.a(keys.c.o)
                0x02017fe8                setTransferInputData
 .text.console_handle_sgr
                0x02018004      0x1bc /opt/wonderful/thirdparty/blocksds/core/libs/libnds/lib/libnds9.a(console.c.o)
 .text.newRow   0x020181c0       0x84 /opt/wonderful/thirdparty/blocksds/core/libs/libnds/lib/libnds9.a(console.c.o)
 .text.consolePrintChar.part.0
                0x02018244      0x118 /opt/wonderful/thirdparty/blocksds/core/libs/libnds/lib/libnds9.a(console.c.o)
 .text.con_write
                0x0201835c      0x45c /opt/wonderful/thirdparty/blocksds/core/libs/libnds/lib/libnds9.a(console.c.o)
 .text.consoleLoadFont
                0x020187b8      0x244 /opt/wonderful/thirdparty/blocksds/core/libs/libnds/lib/libnds9.a(console.c.o)
                0x020187b8                consoleLoadFont
 .text.consoleInitEx
                0x020189fc      0x148 /opt/wonderful/thirdparty/blocksds/core/libs/libnds/lib/libnds9.a(console.c.o)
                0x020189fc                consoleInitEx
 .text.consoleDemoInit
                0x02018b44       0x48 /opt/wonderful/thirdparty/blocksds/core/libs/libnds/lib/libnds9.a(console.c.o)
                0x02018b44                consoleDemoInit
 .text.consolePrintChar
                0x02018b8c       0x24 /opt/wonderful/thirdparty/blocksds/core/libs/libnds/lib/libnds9.a(console.c.o)
                0x02018b8c                consolePrintChar
 .text.consoleSetCursor
                0x02018bb0       0x28 /opt/wonderful/thirdparty/blocksds/core/libs/libnds/lib/libnds9.a(console.c.o)
                0x02018bb0                consoleSetCursor
 .text.consoleSetColor
                0x02018bd8       0x1c /opt/wonderful/thirdparty/blocksds/core/libs/libnds/lib/libnds9.a(console.c.o)
                0x02018bd8                consoleSetColor
 .text.consoleArm7Flush
                0x02018bf4       0x68 /opt/wonderful/thirdparty/blocksds/core/libs/libnds/lib/libnds9.a(console.c.o)
                0x02018bf4                consoleArm7Flush
 .text.__sassert
                0x02018c5c       0x90 /opt/wonderful/thirdparty/blocksds/core/libs/libnds/lib/libnds9.a(sassert.c.o)
                0x02018c5c                __sassert
 .text.windowSetBounds
                0x02018cec       0x64 /opt/wonderful/thirdparty/blocksds/core/libs/libnds/lib/libnds9.a(window.c.o)
                0x02018cec                windowSetBounds
 .text.windowSetBoundsSub
                0x02018d50       0x64 /opt/wonderful/thirdparty/blocksds/core/libs/libnds/lib/libnds9.a(window.c.o)
                0x02018d50                windowSetBoundsSub
 .text.bgWindowEnable
                0x02018db4       0x60 /opt/wonderful/thirdparty/blocksds/core/libs/libnds/lib/libnds9.a(window.c.o)
                0x02018db4                bgWindowEnable
 .text.bgWindowDisable
                0x02018e14       0x60 /opt/wonderful/thirdparty/blocksds/core/libs/libnds/lib/libnds9.a(window.c.o)
                0x02018e14                bgWindowDisable
 .text.oamWindowEnable
                0x02018e74       0x44 /opt/wonderful/thirdparty/blocksds/core/libs/libnds/lib/libnds9.a(window.c.o)
                0x02018e74                oamWindowEnable
 .text.oamWindowDisable
                0x02018eb8       0x44 /opt/wonderful/thirdparty/blocksds/core/libs/libnds/lib/libnds9.a(window.c.o)
                0x02018eb8                oamWindowDisable
 .text.oamInit  0x02018efc      0x100 /opt/wonderful/thirdparty/blocksds/core/libs/libnds/lib/libnds9.a(sprite.c.o)
                0x02018efc                oamInit
 .text.oamSet   0x02018ffc      0x15c /opt/wonderful/thirdparty/blocksds/core/libs/libnds/lib/libnds9.a(sprite.c.o)
                0x02018ffc                oamSet
 .text.oamUpdate
                0x02019158       0x50 /opt/wonderful/thirdparty/blocksds/core/libs/libnds/lib/libnds9.a(sprite.c.o)
                0x02019158                oamUpdate
 .text.oamRotateScale
                0x020191a8       0x4c /opt/wonderful/thirdparty/blocksds/core/libs/libnds/lib/libnds9.a(sprite.c.o)
                0x020191a8                oamRotateScale
 .text.oamAllocReset
                0x020191f4       0x1c /opt/wonderful/thirdparty/blocksds/core/libs/libnds/lib/libnds9.a(sprite_alloc.c.o)
                0x020191f4                oamAllocReset
 .text.checkIfText
                0x02019210       0x6c /opt/wonderful/thirdparty/blocksds/core/libs/libnds/lib/libnds9.a(background.c.o)
                0x02019210                checkIfText
 .text.bgUpdate
                0x0201927c       0xe8 /opt/wonderful/thirdparty/blocksds/core/libs/libnds/lib/libnds9.a(background.c.o)
                0x0201927c                bgUpdate
 .text.bgInitHidden
                0x02019364       0xa4 /opt/wonderful/thirdparty/blocksds/core/libs/libnds/lib/libnds9.a(background.c.o)
                0x02019364                bgInitHidden
 .text.bgInit   0x02019408       0x48 /opt/wonderful/thirdparty/blocksds/core/libs/libnds/lib/libnds9.a(background.c.o)
                0x02019408                bgInit
 .text.bgInitHiddenSub
                0x02019450       0xa4 /opt/wonderful/thirdparty/blocksds/core/libs/libnds/lib/libnds9.a(background.c.o)
                0x02019450                bgInitHiddenSub
 .text.bgInitSub
                0x020194f4       0x48 /opt/wonderful/thirdparty/blocksds/core/libs/libnds/lib/libnds9.a(background.c.o)
                0x020194f4                bgInitSub
 .text.bgGetMapPtr
                0x0201953c       0x40 /opt/wonderful/thirdparty/blocksds/core/libs/libnds/lib/libnds9.a(background.c.o)
                0x0201953c                bgGetMapPtr
 .text.bgGetGfxPtr
                0x0201957c       0x74 /opt/wonderful/thirdparty/blocksds/core/libs/libnds/lib/libnds9.a(background.c.o)
                0x0201957c                bgGetGfxPtr
 .text.setBrightness
                0x020195f0       0x3c /opt/wonderful/thirdparty/blocksds/core/libs/libnds/lib/libnds9.a(video.c.o)
                0x020195f0                setBrightness
 .text.vramDefault
                0x0201962c       0xe4 /opt/wonderful/thirdparty/blocksds/core/libs/libnds/lib/libnds9.a(video.c.o)
                0x0201962c                vramDefault
 .text.dldi_arm7_read_sectors
                0x02019710       0x5c /opt/wonderful/thirdparty/blocksds/core/libs/libnds/lib/libnds9.a(dldi.c.o)
 .text.dldi_arm7_shutdown
                0x0201976c       0x3c /opt/wonderful/thirdparty/blocksds/core/libs/libnds/lib/libnds9.a(dldi.c.o)
 .text.dldi_arm7_clear_status
                0x020197a8       0x3c /opt/wonderful/thirdparty/blocksds/core/libs/libnds/lib/libnds9.a(dldi.c.o)
 .text.dldi_arm7_is_inserted
                0x020197e4       0x3c /opt/wonderful/thirdparty/blocksds/core/libs/libnds/lib/libnds9.a(dldi.c.o)
 .text.dldi_arm7_startup
                0x02019820       0x50 /opt/wonderful/thirdparty/blocksds/core/libs/libnds/lib/libnds9.a(dldi.c.o)
 .text.dldi_arm7_write_sectors
                0x02019870       0x5c /opt/wonderful/thirdparty/blocksds/core/libs/libnds/lib/libnds9.a(dldi.c.o)
 .text.dldiGetMode
                0x020198cc        0xc /opt/wonderful/thirdparty/blocksds/core/libs/libnds/lib/libnds9.a(dldi.c.o)
                0x020198cc                dldiGetMode
 .text.dldiGetInternal
                0x020198d8       0xb0 /opt/wonderful/thirdparty/blocksds/core/libs/libnds/lib/libnds9.a(dldi.c.o)
                0x020198d8                dldiGetInternal
 .text.dldiGetStubDataEnd
                0x02019988       0x20 /opt/wonderful/thirdparty/blocksds/core/libs/libnds/lib/libnds9.a(dldi.c.o)
                0x02019988                dldiGetStubDataEnd
 .text.dldiGetStubEnd
                0x020199a8        0x8 /opt/wonderful/thirdparty/blocksds/core/libs/libnds/lib/libnds9.a(dldi.c.o)
                0x020199a8                dldiGetStubEnd
 .text.get_io_dsinand
                0x020199b0       0x18 /opt/wonderful/thirdparty/blocksds/core/libs/libnds/lib/libnds9.a(nandfs.c.o)
                0x020199b0                get_io_dsinand
 .text.cardReadArm7
                0x020199c8       0x6c /opt/wonderful/thirdparty/blocksds/core/libs/libnds/lib/libnds9.a(card.c.o)
                0x020199c8                cardReadArm7
 .text.get_io_dsisd
                0x02019a34       0x24 /opt/wonderful/thirdparty/blocksds/core/libs/libnds/lib/libnds9.a(sdmmc.c.o)
                0x02019a34                get_io_dsisd
 .text.systemErrorExit
                0x02019a58        0x4 /opt/wonderful/thirdparty/blocksds/core/libs/libnds/lib/libnds9.a(exit.c.o)
                0x02019a58                systemErrorExit
 .text.__libnds_exit
                0x02019a5c        0x8 /opt/wonderful/thirdparty/blocksds/core/libs/libnds/lib/libnds9.a(exit.c.o)
                0x02019a5c                __libnds_exit
 .text._exit    0x02019a64      0x10c /opt/wonderful/thirdparty/blocksds/core/libs/libnds/lib/libnds9.a(exit.c.o)
                0x02019a64                _exit
 .text.reduceHeapSize
                0x02019b70       0x2c /opt/wonderful/thirdparty/blocksds/core/libs/libnds/lib/libnds9.a(heapfuncs.c.o)
                0x02019b70                reduceHeapSize
 .text.sbrk     0x02019b9c       0x40 /opt/wonderful/thirdparty/blocksds/core/libs/libnds/lib/libnds9.a(sbrk.c.o)
                0x02019b9c                sbrk
 .text.cothread_delete_internal
                0x02019bdc       0xb4 /opt/wonderful/thirdparty/blocksds/core/libs/libnds/lib/libnds9.a(threads.c.o)
 .text.cothread_main
                0x02019c90       0x1c /opt/wonderful/thirdparty/blocksds/core/libs/libnds/lib/libnds9.a(threads.c.o)
                0x02019c90                cothread_main
 .text.cothread_yield
                0x02019cac       0x20 /opt/wonderful/thirdparty/blocksds/core/libs/libnds/lib/libnds9.a(threads.c.o)
                0x02019cac                cothread_yield
 .text.cothread_yield_irq
                0x02019ccc       0xa8 /opt/wonderful/thirdparty/blocksds/core/libs/libnds/lib/libnds9.a(threads.c.o)
                0x02019ccc                cothread_yield_irq
 .text.cothread_start
                0x02019d74      0x114 /opt/wonderful/thirdparty/blocksds/core/libs/libnds/lib/libnds9.a(threads.c.o)
                0x02019d74                cothread_start
 .text.fifo_buffer_wait_block
                0x02019e88       0x74 /opt/wonderful/thirdparty/blocksds/core/libs/libnds/lib/libnds9.a(fifosystem.c.o)
 .text.fifoFillTxFifoFromBuffer
                0x02019efc       0xac /opt/wonderful/thirdparty/blocksds/core/libs/libnds/lib/libnds9.a(fifosystem.c.o)
 .text.fifoInternalSendInterrupt
                0x02019fa8        0x8 /opt/wonderful/thirdparty/blocksds/core/libs/libnds/lib/libnds9.a(fifosystem.c.o)
 .text.fifoInternalSend.part.0
                0x02019fb0       0xc4 /opt/wonderful/thirdparty/blocksds/core/libs/libnds/lib/libnds9.a(fifosystem.c.o)
 .text.fifoSendAddress
                0x0201a074       0x28 /opt/wonderful/thirdparty/blocksds/core/libs/libnds/lib/libnds9.a(fifosystem.c.o)
                0x0201a074                fifoSendAddress
 .text.fifoSendValue32
                0x0201a09c       0x40 /opt/wonderful/thirdparty/blocksds/core/libs/libnds/lib/libnds9.a(fifosystem.c.o)
                0x0201a09c                fifoSendValue32
 .text.fifoSendDatamsg
                0x0201a0dc       0x84 /opt/wonderful/thirdparty/blocksds/core/libs/libnds/lib/libnds9.a(fifosystem.c.o)
                0x0201a0dc                fifoSendDatamsg
 .text.fifoGetDatamsg
                0x0201a160       0xdc /opt/wonderful/thirdparty/blocksds/core/libs/libnds/lib/libnds9.a(fifosystem.c.o)
                0x0201a160                fifoGetDatamsg
 .text.fifoReadRxFifoAndProcessBuffer
                0x0201a23c      0x348 /opt/wonderful/thirdparty/blocksds/core/libs/libnds/lib/libnds9.a(fifosystem.c.o)
 .text.fifoGetAddress
                0x0201a584       0x7c /opt/wonderful/thirdparty/blocksds/core/libs/libnds/lib/libnds9.a(fifosystem.c.o)
                0x0201a584                fifoGetAddress
 .text.fifoGetValue32
                0x0201a600       0x7c /opt/wonderful/thirdparty/blocksds/core/libs/libnds/lib/libnds9.a(fifosystem.c.o)
                0x0201a600                fifoGetValue32
 .text.fifoInternalRecvInterrupt
                0x0201a67c        0x8 /opt/wonderful/thirdparty/blocksds/core/libs/libnds/lib/libnds9.a(fifosystem.c.o)
 .text.fifoSetValue32Handler
                0x0201a684       0xd0 /opt/wonderful/thirdparty/blocksds/core/libs/libnds/lib/libnds9.a(fifosystem.c.o)
                0x0201a684                fifoSetValue32Handler
 .text.fifoSetDatamsgHandler
                0x0201a754       0xa8 /opt/wonderful/thirdparty/blocksds/core/libs/libnds/lib/libnds9.a(fifosystem.c.o)
                0x0201a754                fifoSetDatamsgHandler
 .text.fifoCheckAddress
                0x0201a7fc       0x34 /opt/wonderful/thirdparty/blocksds/core/libs/libnds/lib/libnds9.a(fifosystem.c.o)
                0x0201a7fc                fifoCheckAddress
 .text.fifoCheckValue32
                0x0201a830       0x34 /opt/wonderful/thirdparty/blocksds/core/libs/libnds/lib/libnds9.a(fifosystem.c.o)
                0x0201a830                fifoCheckValue32
 .text.fifoInit
                0x0201a864      0x138 /opt/wonderful/thirdparty/blocksds/core/libs/libnds/lib/libnds9.a(fifosystem.c.o)
                0x0201a864                fifoInit
 .text.fifoMutexAcquire
                0x0201a99c       0x34 /opt/wonderful/thirdparty/blocksds/core/libs/libnds/lib/libnds9.a(fifosystem.c.o)
                0x0201a99c                fifoMutexAcquire
 .text.fifoMutexRelease
                0x0201a9d0       0x20 /opt/wonderful/thirdparty/blocksds/core/libs/libnds/lib/libnds9.a(fifosystem.c.o)
                0x0201a9d0                fifoMutexRelease
 .text.setExceptionHandler
                0x0201a9f0       0x18 /opt/wonderful/thirdparty/blocksds/core/libs/libnds/lib/libnds9.a(exceptions.c.o)
                0x0201a9f0                setExceptionHandler
 .text.libndsCrash
                0x0201aa08        0xc /opt/wonderful/thirdparty/blocksds/core/libs/libnds/lib/libnds9.a(exceptions.c.o)
                0x0201aa08                libndsCrash
 .text.irqSet   0x0201aa14       0x90 /opt/wonderful/thirdparty/blocksds/core/libs/libnds/lib/libnds9.a(interrupts.c.o)
                0x0201aa14                irqSet
 .text.irqInit  0x0201aaa4       0x44 /opt/wonderful/thirdparty/blocksds/core/libs/libnds/lib/libnds9.a(interrupts.c.o)
                0x0201aaa4                irqInit
 .text.irqEnable
                0x0201aae8       0x70 /opt/wonderful/thirdparty/blocksds/core/libs/libnds/lib/libnds9.a(interrupts.c.o)
                0x0201aae8                irqEnable
 .text.__ndsabi_coro_make_noctx
                0x0201ab58       0x28 /opt/wonderful/thirdparty/blocksds/core/libs/libnds/lib/libnds9.a(coroutine.c.o)
                0x0201ab58                __ndsabi_coro_make_noctx
 .text.cardPolledTransfer
                0x0201ab80       0x5c /opt/wonderful/thirdparty/blocksds/core/libs/libnds/lib/libnds9.a(card.c.o)
                0x0201ab80                cardPolledTransfer
 .text.cardRead
                0x0201abdc      0x17c /opt/wonderful/thirdparty/blocksds/core/libs/libnds/lib/libnds9.a(card.c.o)
                0x0201abdc                cardRead
 .text.tchar2uni
                0x0201ad58       0xb8 /opt/wonderful/thirdparty/blocksds/core/libs/libnds/lib/libnds9.a(ff.c.o)
 .text.get_ldnumber
                0x0201ae10       0xdc /opt/wonderful/thirdparty/blocksds/core/libs/libnds/lib/libnds9.a(ff.c.o)
 .text.put_utf  0x0201aeec       0xf8 /opt/wonderful/thirdparty/blocksds/core/libs/libnds/lib/libnds9.a(ff.c.o)
 .text.get_fileinfo
                0x0201afe4      0x194 /opt/wonderful/thirdparty/blocksds/core/libs/libnds/lib/libnds9.a(ff.c.o)
 .text.sync_window.part.0
                0x0201b178       0x48 /opt/wonderful/thirdparty/blocksds/core/libs/libnds/lib/libnds9.a(ff.c.o)
 .text.dir_clear
                0x0201b1c0       0xe8 /opt/wonderful/thirdparty/blocksds/core/libs/libnds/lib/libnds9.a(ff.c.o)
 .text.sync_fs  0x0201b2a8       0x88 /opt/wonderful/thirdparty/blocksds/core/libs/libnds/lib/libnds9.a(ff.c.o)
 .text.move_window
                0x0201b330       0x44 /opt/wonderful/thirdparty/blocksds/core/libs/libnds/lib/libnds9.a(ff.c.o)
 .text.unlock_volume.part.0.isra.0
                0x0201b374        0x8 /opt/wonderful/thirdparty/blocksds/core/libs/libnds/lib/libnds9.a(ff.c.o)
 .text.get_fat.isra.0
                0x0201b37c       0xb8 /opt/wonderful/thirdparty/blocksds/core/libs/libnds/lib/libnds9.a(ff.c.o)
 .text.dir_sdi  0x0201b434       0x9c /opt/wonderful/thirdparty/blocksds/core/libs/libnds/lib/libnds9.a(ff.c.o)
 .text.validate
                0x0201b4d0       0x60 /opt/wonderful/thirdparty/blocksds/core/libs/libnds/lib/libnds9.a(ff.c.o)
 .text.check_fs
                0x0201b530      0x14c /opt/wonderful/thirdparty/blocksds/core/libs/libnds/lib/libnds9.a(ff.c.o)
 .text.mount_volume
                0x0201b67c      0x39c /opt/wonderful/thirdparty/blocksds/core/libs/libnds/lib/libnds9.a(ff.c.o)
 .text.put_fat.part.0
                0x0201ba18      0x14c /opt/wonderful/thirdparty/blocksds/core/libs/libnds/lib/libnds9.a(ff.c.o)
 .text.remove_chain
                0x0201bb64       0x8c /opt/wonderful/thirdparty/blocksds/core/libs/libnds/lib/libnds9.a(ff.c.o)
 .text.create_chain
                0x0201bbf0      0x128 /opt/wonderful/thirdparty/blocksds/core/libs/libnds/lib/libnds9.a(ff.c.o)
 .text.dir_next
                0x0201bd18       0xdc /opt/wonderful/thirdparty/blocksds/core/libs/libnds/lib/libnds9.a(ff.c.o)
 .text.dir_alloc
                0x0201bdf4       0x4c /opt/wonderful/thirdparty/blocksds/core/libs/libnds/lib/libnds9.a(ff.c.o)
 .text.dir_find
                0x0201be40      0x1e0 /opt/wonderful/thirdparty/blocksds/core/libs/libnds/lib/libnds9.a(ff.c.o)
 .text.follow_path
                0x0201c020      0x408 /opt/wonderful/thirdparty/blocksds/core/libs/libnds/lib/libnds9.a(ff.c.o)
 .text.dir_register
                0x0201c428      0x2e4 /opt/wonderful/thirdparty/blocksds/core/libs/libnds/lib/libnds9.a(ff.c.o)
 .text.f_mount  0x0201c70c       0x9c /opt/wonderful/thirdparty/blocksds/core/libs/libnds/lib/libnds9.a(ff.c.o)
                0x0201c70c                libnds_f_mount
 .text.f_open   0x0201c7a8      0x2b4 /opt/wonderful/thirdparty/blocksds/core/libs/libnds/lib/libnds9.a(ff.c.o)
                0x0201c7a8                libnds_f_open
 .text.f_read   0x0201ca5c      0x288 /opt/wonderful/thirdparty/blocksds/core/libs/libnds/lib/libnds9.a(ff.c.o)
                0x0201ca5c                libnds_f_read
 .text.f_write  0x0201cce4      0x2d8 /opt/wonderful/thirdparty/blocksds/core/libs/libnds/lib/libnds9.a(ff.c.o)
                0x0201cce4                libnds_f_write
 .text.f_sync   0x0201cfbc       0xc8 /opt/wonderful/thirdparty/blocksds/core/libs/libnds/lib/libnds9.a(ff.c.o)
                0x0201cfbc                libnds_f_sync
 .text.f_close  0x0201d084       0x30 /opt/wonderful/thirdparty/blocksds/core/libs/libnds/lib/libnds9.a(ff.c.o)
                0x0201d084                libnds_f_close
 .text.f_chdrive
                0x0201d0b4       0x24 /opt/wonderful/thirdparty/blocksds/core/libs/libnds/lib/libnds9.a(ff.c.o)
                0x0201d0b4                libnds_f_chdrive
 .text.f_chdir  0x0201d0d8       0xb0 /opt/wonderful/thirdparty/blocksds/core/libs/libnds/lib/libnds9.a(ff.c.o)
                0x0201d0d8                libnds_f_chdir
 .text.f_lseek  0x0201d188      0x354 /opt/wonderful/thirdparty/blocksds/core/libs/libnds/lib/libnds9.a(ff.c.o)
                0x0201d188                libnds_f_lseek
 .text.f_stat   0x0201d4dc       0xd8 /opt/wonderful/thirdparty/blocksds/core/libs/libnds/lib/libnds9.a(ff.c.o)
                0x0201d4dc                libnds_f_stat
 .text.__aeabi_read_tp
                0x0201d5b4        0xc /opt/wonderful/thirdparty/blocksds/core/libs/libnds/lib/libnds9.a(aeabi_read_tp.s.o)
                0x0201d5b4                __aeabi_read_tp
 .text.enterException
                0x0201d5c0       0xd4 /opt/wonderful/thirdparty/blocksds/core/libs/libnds/lib/libnds9.a(exceptionHandler.s.o)
                0x0201d5c0                enterException
                0x0201d634                exceptionC
                0x0201d638                exceptionStack
                0x0201d63c                exceptionRegisters
 .text.__ndsabi_coro_resume
                0x0201d694       0x18 /opt/wonderful/thirdparty/blocksds/core/libs/libnds/lib/libnds9.a(coroutine.s.o)
                0x0201d694                __ndsabi_coro_resume
 .text.__ndsabi_coro_yield
                0x0201d6ac       0x1c /opt/wonderful/thirdparty/blocksds/core/libs/libnds/lib/libnds9.a(coroutine.s.o)
                0x0201d6ac                __ndsabi_coro_yield
 .text.__ndsabi_coro_pop_noctx
                0x0201d6c8       0x34 /opt/wonderful/thirdparty/blocksds/core/libs/libnds/lib/libnds9.a(coroutine.s.o)
                0x0201d6c8                __ndsabi_coro_pop_noctx
 .text.disk_status
                0x0201d6fc       0x64 /opt/wonderful/thirdparty/blocksds/core/libs/libnds/lib/libnds9.a(diskio.c.o)
                0x0201d6fc                libnds_disk_status
 .text.disk_initialize
                0x0201d760       0x74 /opt/wonderful/thirdparty/blocksds/core/libs/libnds/lib/libnds9.a(diskio.c.o)
                0x0201d760                libnds_disk_initialize
 .text.disk_read
                0x0201d7d4      0x104 /opt/wonderful/thirdparty/blocksds/core/libs/libnds/lib/libnds9.a(diskio.c.o)
                0x0201d7d4                libnds_disk_read
 .text.disk_write
                0x0201d8d8       0xbc /opt/wonderful/thirdparty/blocksds/core/libs/libnds/lib/libnds9.a(diskio.c.o)
                0x0201d8d8                libnds_disk_write
 .text.disk_ioctl
                0x0201d994       0x48 /opt/wonderful/thirdparty/blocksds/core/libs/libnds/lib/libnds9.a(diskio.c.o)
                0x0201d994                libnds_disk_ioctl
 .text.get_fattime
                0x0201d9dc       0x1c /opt/wonderful/thirdparty/blocksds/core/libs/libnds/lib/libnds9.a(diskio.c.o)
                0x0201d9dc                libnds_ff_get_fattime
 .text.ff_mutex_create
                0x0201d9f8       0x10 /opt/wonderful/thirdparty/blocksds/core/libs/libnds/lib/libnds9.a(ffsystem.c.o)
                0x0201d9f8                libnds_ff_mutex_create
 .text.ff_mutex_delete
                0x0201da08        0x4 /opt/wonderful/thirdparty/blocksds/core/libs/libnds/lib/libnds9.a(ffsystem.c.o)
                0x0201da08                libnds_ff_mutex_delete
 .text.ff_mutex_take
                0x0201da0c       0x30 /opt/wonderful/thirdparty/blocksds/core/libs/libnds/lib/libnds9.a(ffsystem.c.o)
                0x0201da0c                libnds_ff_mutex_take
 .text.ff_mutex_give
                0x0201da3c       0x1c /opt/wonderful/thirdparty/blocksds/core/libs/libnds/lib/libnds9.a(ffsystem.c.o)
                0x0201da3c                libnds_ff_mutex_give
 .text.cache_initialized
                0x0201da58       0x10 /opt/wonderful/thirdparty/blocksds/core/libs/libnds/lib/libnds9.a(cache.c.o)
                0x0201da58                cache_initialized
 .text.cache_init
                0x0201da68       0xac /opt/wonderful/thirdparty/blocksds/core/libs/libnds/lib/libnds9.a(cache.c.o)
                0x0201da68                cache_init
 .text.cache_sector_get
                0x0201db14       0x70 /opt/wonderful/thirdparty/blocksds/core/libs/libnds/lib/libnds9.a(cache.c.o)
                0x0201db14                cache_sector_get
 .text.cache_sector_add
                0x0201db84       0xb0 /opt/wonderful/thirdparty/blocksds/core/libs/libnds/lib/libnds9.a(cache.c.o)
                0x0201db84                cache_sector_add
 .text.cache_sector_invalidate
                0x0201dc34       0x4c /opt/wonderful/thirdparty/blocksds/core/libs/libnds/lib/libnds9.a(cache.c.o)
                0x0201dc34                cache_sector_invalidate
 .text.fat_open
                0x0201dc80       0xac /opt/wonderful/thirdparty/blocksds/core/libs/libnds/lib/libnds9.a(fat_device.c.o)
                0x0201dc80                fat_open
 .text.fat_read
                0x0201dd2c       0x34 /opt/wonderful/thirdparty/blocksds/core/libs/libnds/lib/libnds9.a(fat_device.c.o)
                0x0201dd2c                fat_read
 .text.fat_write
                0x0201dd60       0x34 /opt/wonderful/thirdparty/blocksds/core/libs/libnds/lib/libnds9.a(fat_device.c.o)
                0x0201dd60                fat_write
 .text.fat_close
                0x0201dd94       0x40 /opt/wonderful/thirdparty/blocksds/core/libs/libnds/lib/libnds9.a(fat_device.c.o)
                0x0201dd94                fat_close
 .text.fat_lseek
                0x0201ddd4       0x58 /opt/wonderful/thirdparty/blocksds/core/libs/libnds/lib/libnds9.a(fat_device.c.o)
                0x0201ddd4                fat_lseek
 .text.fat_access
                0x0201de2c       0x64 /opt/wonderful/thirdparty/blocksds/core/libs/libnds/lib/libnds9.a(fat_device.c.o)
                0x0201de2c                fat_access
 .text.fat_chdir
                0x0201de90       0x28 /opt/wonderful/thirdparty/blocksds/core/libs/libnds/lib/libnds9.a(fat_device.c.o)
                0x0201de90                fat_chdir
 .text.fat_chdrive
                0x0201deb8       0x60 /opt/wonderful/thirdparty/blocksds/core/libs/libnds/lib/libnds9.a(fat_device.c.o)
                0x0201deb8                fat_chdrive
 .text.fat_isdrive
                0x0201df18       0x4c /opt/wonderful/thirdparty/blocksds/core/libs/libnds/lib/libnds9.a(fat_device.c.o)
                0x0201df18                fat_isdrive
 .text.picolibc_stdin_fn_read_hook
                0x0201df64       0x28 /opt/wonderful/thirdparty/blocksds/core/libs/libnds/lib/libnds9.a(std_streams.c.o)
 .text.putc_buffered.isra.0
                0x0201df8c       0x84 /opt/wonderful/thirdparty/blocksds/core/libs/libnds/lib/libnds9.a(std_streams.c.o)
 .text.write_stdout_libnds
                0x0201e010       0x84 /opt/wonderful/thirdparty/blocksds/core/libs/libnds/lib/libnds9.a(std_streams.c.o)
                0x0201e010                write_stdout_libnds
 .text.write_stderr_libnds
                0x0201e094       0x4c /opt/wonderful/thirdparty/blocksds/core/libs/libnds/lib/libnds9.a(std_streams.c.o)
                0x0201e094                write_stderr_libnds
 .text.releaseCrashHandler
                0x0201e0e0       0x7c /opt/wonderful/thirdparty/blocksds/core/libs/libnds/lib/libnds9.a(exceptions.c.o)
 .text.exceptionStatePrint
                0x0201e15c       0xf4 /opt/wonderful/thirdparty/blocksds/core/libs/libnds/lib/libnds9.a(exceptions.c.o)
                0x0201e15c                exceptionStatePrint
 .text.releaseExceptionHandler
                0x0201e250       0x10 /opt/wonderful/thirdparty/blocksds/core/libs/libnds/lib/libnds9.a(exceptions.c.o)
                0x0201e250                releaseExceptionHandler
 .text.systemValueHandler
                0x0201e260       0xc4 /opt/wonderful/thirdparty/blocksds/core/libs/libnds/lib/libnds9.a(system.c.o)
                0x0201e260                systemValueHandler
 .text.systemMsgHandler
                0x0201e324       0x2c /opt/wonderful/thirdparty/blocksds/core/libs/libnds/lib/libnds9.a(system.c.o)
                0x0201e324                systemMsgHandler
 .text.memBufferIsInMainRam
                0x0201e350       0x20 /opt/wonderful/thirdparty/blocksds/core/libs/libnds/lib/libnds9.a(system.c.o)
                0x0201e350                memBufferIsInMainRam
 .text.__retarget_lock_init_recursive
                0x0201e370       0x44 /opt/wonderful/thirdparty/blocksds/core/libs/libnds/lib/libnds9.a(locks.c.o)
                0x0201e370                __retarget_lock_init_recursive
 .text.__retarget_lock_acquire_recursive
                0x0201e3b4       0x70 /opt/wonderful/thirdparty/blocksds/core/libs/libnds/lib/libnds9.a(locks.c.o)
                0x0201e3b4                __retarget_lock_acquire_recursive
 .text.__retarget_lock_release_recursive
                0x0201e424       0x58 /opt/wonderful/thirdparty/blocksds/core/libs/libnds/lib/libnds9.a(locks.c.o)
                0x0201e424                __retarget_lock_release_recursive
 .text.__retarget_lock_init
                0x0201e47c        0x8 /opt/wonderful/thirdparty/blocksds/core/libs/libnds/lib/libnds9.a(locks.c.o)
                0x0201e47c                __retarget_lock_init
 .text.__retarget_lock_close
                0x0201e484       0x30 /opt/wonderful/thirdparty/blocksds/core/libs/libnds/lib/libnds9.a(locks.c.o)
                0x0201e484                __retarget_lock_close
 .text.__retarget_lock_acquire
                0x0201e4b4        0x8 /opt/wonderful/thirdparty/blocksds/core/libs/libnds/lib/libnds9.a(locks.c.o)
                0x0201e4b4                __retarget_lock_acquire
 .text.__retarget_lock_release
                0x0201e4bc        0x8 /opt/wonderful/thirdparty/blocksds/core/libs/libnds/lib/libnds9.a(locks.c.o)
                0x0201e4bc                __retarget_lock_release
 .text.ff_uni2oem
                0x0201e4c4       0x40 /opt/wonderful/thirdparty/blocksds/core/libs/libnds/lib/libnds9.a(ffunicode.c.o)
                0x0201e4c4                libnds_ff_uni2oem
 .text.ff_oem2uni
                0x0201e504       0x28 /opt/wonderful/thirdparty/blocksds/core/libs/libnds/lib/libnds9.a(ffunicode.c.o)
                0x0201e504                libnds_ff_oem2uni
 .text.ff_wtoupper